ansition$Stub$Proxy@8599bf1, appThread = android.app.IApplicationThread$Stub$Proxy@91103d6, debugName = LauncherToDream }}
09-30 11:10:52.064   988  1038 V WindowManagerShell:  Checking filter Pair{{types=[] flags=0x0] notFlags=0x100 checks=[{atype=home independent=true modes=[OPEN,TO_FRONT] flags=NONE mustBeTask=false order=TOP topActivity=ComponentInfo{com.google.android.apps.nexuslauncher/com.google.android.apps.nexuslauncher.NexusLauncherActivity} launchCookie=null windowingMode=undefined},{atype=standard independent=true modes=[CLOSE,TO_BACK] flags=NONE mustBeTask=false order=ANY topActivity=null launchCookie=null windowingMode=undefined},{NOT atype=undefined independent=true modes=[] flags=NONE mustBeTask=true order=ANY topActivity=null launchCookie=null customAnim=true windowingMode=undefined}]} RemoteTransition { remoteTransition = android.window.IRemoteTransition$Stub$Proxy@8ee0657, appThread = android.app.IApplicationThread$Stub$Proxy@1916544, debugName = QuickstepLaunchHome }}
09-30 11:10:52.064   988  1038 V WindowManagerShell:  Delegate animation for (#74) to null
09-30 11:10:52.064   988  1038 V WindowManagerShell: start default transition animation, info = {id=74 t=CLOSE f=0x0 trk=0 r=[0@Point(0, 0)] c=[{m=CLOSE f=TRANSLUCENT|FILLS_TASK leash=Surface(name=ActivityRecord{146600746 u0 com.google.android.permissioncontroller/com.android.permissioncontroller.permission.ui.GrantPermissionsActivity)/@0xe93ef1d sb=Rect(0, 0 - 1080, 2400) eb=Rect(0, 0 - 1080, 2400) epz=Point(1080, 2400) d=0 bc=ffeeedf4 component=com.google.android.permissioncontroller/com.android.permissioncontroller.permission.ui.GrantPermissionsActivity opt={t=FROM_STYLE mUserId=0}}]}
09-30 11:10:52.064   988  1038 V WindowManagerShell: loadAnimation: anim=null animAttr=0x7 type=CLOSE isEntrance=false
09-30 11:10:52.065   988  1038 V WindowManagerShell: Transition animation finished (aborted=false), notifying core (#74) android.os.BinderProxy@b499bf4@0
09-30 11:10:52.067 10420 10459 I ReactNativeJS: ✅ FCMService: Android notification permission granted
09-30 11:10:52.067 10420 10459 W ReactNativeJS: This method is deprecated (as well as all React Native Firebase namespaced API) and will be removed in the next major release as part of move to match Firebase Web modular SDK API. Please see migration guide for more details: https://rnfirebase.io/migrating-to-v22 Please use `getApp()` instead.
09-30 11:10:52.067 10420 10459 W ReactNativeJS: This method is deprecated (as well as all React Native Firebase namespaced API) and will be removed in the next major release as part of move to match Firebase Web modular SDK API. Please see migration guide for more details: https://rnfirebase.io/migrating-to-v22 Please use `getApp()` instead.
09-30 11:10:52.067 10420 10459 W ReactNativeJS: This method is deprecated (as well as all React Native Firebase namespaced API) and will be removed in the next major release as part of move to match Firebase Web modular SDK API. Please see migration guide for more details: https://rnfirebase.io/migrating-to-v22. Method called was `getToken`. Please use `getToken()` instead.
09-30 11:10:52.067   598   697 D AudioFlinger: mixer(0x76cad780f770) throttle end: throttle time(40)
09-30 11:10:52.069   747   768 V WindowManager: Finish Transition (#74): created at 09-30 11:10:52.048 collect-started=0.023ms request-sent=0.038ms started=2.541ms ready=9.677ms sent=12.35ms finished=19.972ms
09-30 11:10:52.073   988  1038 V WindowManagerShell: Track 0 became idle
09-30 11:10:52.073   988  1038 V WindowManagerShell: All active transition animations finished
09-30 11:10:52.073   988  1038 V WindowManagerShell:  animated by com.android.wm.shell.transition.DefaultTransitionHandler@f46dcf5
09-30 11:10:52.073   988  1038 V WindowManagerShell: Track 0 became idle
09-30 11:10:52.073   988  1038 V WindowManagerShell: All active transition animations finished
09-30 11:10:52.091  3022  3022 D VRI[GrantPermissionsActivity]: visibilityChanged oldVisibility=true newVisibility=false
09-30 11:10:52.094 10420 10420 I ReactNative: [GESTURE HANDLER] Gesture handler is already enabled for a parent view
09-30 11:10:52.097  3022  3022 W WindowOnBackDispatcher: sendCancelIfRunning: isInProgress=false callback=android.app.Activity$$ExternalSyntheticLambda0@cb51c08
09-30 11:10:52.097   747   764 D CoreBackPreview: Window{f0b6aa6 u0 com.google.android.permissioncontroller/com.android.permissioncontroller.permission.ui.GrantPermissionsActivity}: Setting back callback null
09-30 11:10:52.097 10420 10420 I ReactNative: [GESTURE HANDLER] Gesture handler is already enabled for a parent view
09-30 11:10:52.099  3022  3022 I ImeTracker: com.google.android.permissioncontroller:3306d7b1: onRequestHide at ORIGIN_CLIENT reason HIDE_WINDOW_LOST_FOCUS fromUser false
09-30 11:10:52.099  3022  3022 D InsetsController: hide(ime(), fromIme=false)
09-30 11:10:52.100  3022  3022 I ImeTracker: com.google.android.permissioncontroller:3306d7b1: onCancelled at PHASE_CLIENT_ALREADY_HIDDEN
09-30 11:10:52.103  3022  3022 D ViewRootImpl: Skipping stats log for color mode
09-30 11:10:52.109   747   764 I ImeTracker: system_server:9eeaa0f4: onRequestHide at ORIGIN_SERVER reason IME_REQUESTED_CHANGED_LISTENER fromUser false
09-30 11:10:52.109 10420 10420 I ImeTracker: com.sellerapp2:e58c994a: onRequestShow at ORIGIN_CLIENT reason SHOW_SOFT_INPUT fromUser false
09-30 11:10:52.110   747   771 I ImeTracker: system_server:9eeaa0f4: onCancelled at PHASE_SERVER_SHOULD_HIDE
09-30 11:10:52.114   747   946 D BackgroundInstallControlService: Package event received: 0
09-30 11:10:52.117 10420 10420 I ImeTracker: com.sellerapp2:e58c994a: onFailed at PHASE_CLIENT_VIEW_SERVED
09-30 11:10:52.117 10420 10420 W InputMethodManager: Ignoring showSoftInput() as view=com.facebook.react.views.textinput.ReactEditText{9f7378c VFED..CL. .F....I. 0,0-0,0 #38} is not served.
09-30 11:10:52.166 10420 10420 I ReactNative: [GESTURE HANDLER] Gesture handler is already enabled for a parent view
09-30 11:10:52.168 10420 10420 I ImeTracker: com.sellerapp2:36ad2517: onRequestShow at ORIGIN_CLIENT reason SHOW_SOFT_INPUT fromUser false
09-30 11:10:52.169 10420 10420 I ImeTracker: com.sellerapp2:36ad2517: onFailed at PHASE_CLIENT_VIEW_SERVED
09-30 11:10:52.169 10420 10420 W InputMethodManager: Ignoring showSoftInput() as view=com.facebook.react.views.textinput.ReactEditText{9594531 VFED..CL. .F....ID 225,5-949,146 #108} is not served.
09-30 11:10:52.199  1422  1422 I GoogleInputMethodService: GoogleInputMethodService.onFinishInput():2057
09-30 11:10:52.199  1422  1422 I Module  : DeviceLockedStatusModuleProvider$Module.updateDeviceLockedStatus():100 repeatCheckTimes = 0, locked = false
09-30 11:10:52.199   747   817 I ImeTracker: system_server:4be053e6: onRequestHide at ORIGIN_SERVER reason IME_REQUESTED_CHANGED_LISTENER fromUser false
09-30 11:10:52.199  1422  1422 I GoogleInputMethodService: GoogleInputMethodService.onStartInput():1318 onStartInput(EditorInfo{EditorInfo{packageName=com.sellerapp2, inputType=4003, inputTypeString=Phone, enableLearning=false, autoCorrection=false, autoComplete=false, imeOptions=6, privateImeOptions=null, actionName=DONE, actionLabel=null, initialSelStart=0, initialSelEnd=0, initialCapsMode=2000, label=null, fieldId=264, fieldName=null, extras=Bundle[mParcelledData.dataSize=404], hintText=non-empty, hintLocales=[]}}, false)
09-30 11:10:52.201   747   771 I ImeTracker: system_server:4be053e6: onCancelled at PHASE_SERVER_SHOULD_HIDE
09-30 11:10:52.227  1422  1422 I Module  : DeviceLockedStatusModuleProvider$Module.updateDeviceLockedStatus():100 repeatCheckTimes = 1, locked = false
09-30 11:10:52.231  1422  1422 I HardKeyTracker: HardKeyTracker.unregisterKeySequence():221 Unregister key sequence nef{labelResId=0, callback=gdc@a0d0cf0, lastModifier=0, keyCodes=[57, 57], actions=[1, 0]}
09-30 11:10:52.231  1422  1422 I HardKeyTracker: HardKeyTracker.unregisterKeySequence():221 Unregister key sequence nef{labelResId=0, callback=gdc@8ee8d8f, lastModifier=0, keyCodes=[58, 58], actions=[1, 0]}
09-30 11:10:52.231   747   817 W PackageConfigPersister: App-specific configuration not found for packageName: com.sellerapp2 and userId: 0
09-30 11:10:52.345   747   760 I BpBinder: onLastStrongRef automatically unlinking death recipients:
09-30 11:10:52.351   747   761 W System  : A resource failed to call release.
09-30 11:10:52.641   747  1580 E TaskPersister: File error accessing recents directory (directory doesn't exist?).
09-30 11:10:52.821 10262 10264 I AidlLazyServiceRegistrar: Process has 0 (of 1 available) client(s) in use after notification artd has clients: 0
09-30 11:10:52.821 10262 10264 I AidlLazyServiceRegistrar: Trying to shut down the service. No clients in use for any service in process.
09-30 11:10:52.823 10262 10264 I AidlLazyServiceRegistrar: Unregistered all clients and exiting
09-30 11:10:53.753 10420 10459 I ReactNativeJS: '⏰ Timeout reached! Current boot loading state:', false
09-30 11:10:53.753 10420 10459 I ReactNativeJS: ⏰ Forcing completion...
09-30 11:10:53.753 10420 10459 I ReactNativeJS: '🔍 AppNavigator render - isBootLoading:', false, 'isAuthenticated:', false
09-30 11:10:53.753 10420 10459 I ReactNativeJS: '🔍 User state:', { isNewUser: false,
09-30 11:10:53.753 10420 10459 I ReactNativeJS:   profileCompleted: undefined,
09-30 11:10:53.753 10420 10459 I ReactNativeJS:   needsRegistration: false }
09-30 11:10:53.753 10420 10459 I ReactNativeJS: '🔍 Navigation will show:', 'AUTH'
09-30 11:10:53.753 10420 10459 I ReactNativeJS: '📺 Rendering main navigation. Will show:', 'Auth'
09-30 11:10:53.753 10420 10459 I ReactNativeJS: 🔑 User not authenticated - showing Auth
09-30 11:10:55.129   747   895 D InetDiagMessage: Destroyed 0 sockets, proto=IPPROTO_TCP, family=AF_INET, states=14
09-30 11:10:55.129   747   895 D InetDiagMessage: Destroyed 0 sockets, proto=IPPROTO_TCP, family=AF_INET6, states=14
09-30 11:10:55.129   747   895 D InetDiagMessage: Destroyed live tcp sockets for uids={10169} in 1ms
09-30 11:10:55.130   747   895 D InetDiagMessage: Destroyed 0 sockets, proto=IPPROTO_TCP, family=AF_INET, states=14
09-30 11:10:55.130   747   895 D InetDiagMessage: Destroyed 0 sockets, proto=IPPROTO_TCP, family=AF_INET6, states=14
09-30 11:10:55.130   747   895 D InetDiagMessage: Destroyed live tcp sockets for uids={20169} in 1ms
09-30 11:10:55.145   534  4230 D android.hardware.audio@7.1-impl.ranchu: threadLoop: entering standby, frames: 6512768
09-30 11:10:55.145   534  4230 D android.hardware.audio@7.1-impl.ranchu: ~TinyalsaSink: stopping PCM stream
09-30 11:10:55.146   534  4230 D android.hardware.audio@7.1-impl.ranchu: ~TinyalsaSink: joining consumeThread
09-30 11:10:55.146   534 10418 D android.hardware.audio@7.1-impl.ranchu: consumeThread: exiting
09-30 11:10:55.897 10420 10482 D ProfileInstaller: Installing profile for com.sellerapp2
09-30 11:10:56.060 10420 10420 I AutofillManager: showAutofillDialog() return false due to improve fill dialog
09-30 11:10:56.062 10420 10420 I ImeTracker: com.sellerapp2:edd648a7: onRequestShow at ORIGIN_CLIENT reason SHOW_SOFT_INPUT fromUser true
09-30 11:10:56.063 10420 10420 D InsetsController: show(ime(), fromIme=false)
09-30 11:10:56.066 10420 10420 D InsetsController: Setting requestedVisibleTypes to -1 (was -9)
09-30 11:10:56.070   747   946 D BackgroundInstallControlService: Package event received: 0
09-30 11:10:56.073   747  2062 W AS.PlaybackActivityMon: No piid assigned for invalid/internal port id 15
09-30 11:10:56.100  1422  1422 I StylusModule: StylusModule.onUpdateToolType():805 Update tool type = 2
09-30 11:10:56.115  1422  1422 I GoogleInputMethodService: GoogleInputMethodService.onStartInputView():1411 onStartInputView(EditorInfo{EditorInfo{packageName=com.sellerapp2, inputType=4003, inputTypeString=Phone, enableLearning=false, autoCorrection=false, autoComplete=false, imeOptions=6, privateImeOptions=null, actionName=DONE, actionLabel=null, initialSelStart=0, initialSelEnd=0, initialCapsMode=2000, label=null, fieldId=264, fieldName=null, extras=Bundle[{android.support.text.emoji.emojiCompat_metadataVersion=10, androidx.core.view.inputmethod.EditorInfoCompat.STYLUS_HANDWRITING_ENABLED=true, android.support.text.emoji.emojiCompat_replaceAll=false}], hintText=non-empty, hintLocales=[]}}, false)
09-30 11:10:56.118  1117  1366 D SatelliteController: iisInCarrierRoamingNbIotNtn: satellite is disabled
09-30 11:10:56.120  1422  1422 I KeyboardHeightUtil: KeyboardHeightUtil.getOemKeyboardHeightRatio():108 systemKeyboardHeightRatio:1.000000.
09-30 11:10:56.121   598   697 D AudioFlinger: mixer(0x76cad780f770) throttle end: throttle time(31)
09-30 11:10:56.135  1422  1422 I AndroidIME: InputBundleManager.loadActiveInputBundleId():528 loadActiveInputBundleId: und-Latn-x-phone-number, phone_number
09-30 11:10:56.141  1422  1422 I KeyboardWrapper: KeyboardWrapper.activateKeyboard():581 activateKeyboard(): type=accessory, status=INACTIVE, imeDef=mir{stringId=phone_number, language=und-Latn-x-phone-number, languageTag=und-Latn-x-phone-number, processedConditions={}, className=com.google.android.libraries.inputmethod.ime.DummyIme, label=2132019306, keyEventInterpreter=null, inlineComposing=true, autoCapital=false, announceAutoSelectedCandidate=false, statusIcon=0, indicatorIcon=0, indicatorLabel=null, displayAppCompletions=false, extraValues=mik{}, processors=mkj@44c657c, unacceptableMetaKeys=4098, languageSpecificSettings=0, asciiCapable=false, alwaysShowSuggestions=false, useAsciiPasswordKeyboard=false, keyboardGroupDef=mjs@eb85d68, phenotypeFlagId=0, localizationLanguageTag=null, supportsInlineSuggestion=false}
09-30 11:10:56.143  1422  1422 I KeyboardManager: KeyboardManager.requestKeyboard():248 Creating keyboard accessory, imeId=phone_number, cacheKey=theme,!gsf,!pgsans,!pgsf,!use_system_font,BORDER,FLAVOR_DPI=XXHDPI,GOOGLE_ICONS,IS_LIGHT,KEYBOARD_WIDTH_CATEGORY=NORMAL,KEY_BORDER_SHAPE=1,LIGHT_THEME=true,PHYSICAL_DIAGONAL=6.1297245,POPUP,SCREEN_SHORTEST_WIDTH=411,SCREEN_SHORTEST_WIDTH_NO_SCALE=411,SW400DP,XXHDPI,bottom4dp,enable_emoji_kitchen_browse_color_v2=true,enable_google_fonts_icons=true,enable_popup_on_keypress=true,keyboard_redesign_google_sans=true,noshadow,overlay_builtin_dynamic_color_light_base.binarypb:gm3-light-fffaf8ff-ff495d92-d80dec30f0fb7f05984687320dd7999c,roundedchip,silkpopup
09-30 11:10:56.146  1422  1422 I KeyboardWrapper: KeyboardWrapper.onKeyboardReady():224 onKeyboardReady(): type=accessory(accessory), kb=com.google.android.libraries.inputmethod.keyboard.impl.Keyboard@5996203
09-30 11:10:56.147  1422  1422 I KeyboardWrapper: KeyboardWrapper.doActivateKeyboard():611 doActivateKeyboard(): accessory
09-30 11:10:56.148  1422  1422 W Keyboard: Keyboard.getKeyboardViewHelper():600 null helper is returned: keyboardDef=mjl{processedConditions={}, globalConditions={}, className=com.google.android.libraries.inputmethod.keyboard.impl.Keyboard, resourceIds=[#0x7f17004d], initialStates=0, keyboardViewDefs=[], persistentStates=0, persistentStatesPrefKey=null, popupBubbleLayoutId=0, recentKeyLayoutId=0, recentKeyPopupLayoutId=0, recentKeyType=null, rememberRecentKey=NONE, sessionStates=0}, type=HEADER, helpersCreated=[null, null, null, null], context.getResources().getConfiguration(): {1.0 310mcc260mnc [en_US] ldltr sw411dp w411dp h914dp 420dpi nrml long port finger qwerty/v/v dpad/v winConfig={ mBounds=Rect(0, 0 - 1080, 2400) mAppBounds=Rect(0, 0 - 1080, 2400) mMaxBounds=Rect(0, 0 - 1080, 2400) mDisplayRotation=ROTATION_0 mWindowingMode=fullscreen mActivityType=undefined mAlwaysOnTop=undefined mRotation=ROTATION_0} s.9 fontWeightAdjustment=0}
09-30 11:10:56.152  1422  1422 W Keyboard: Keyboard.getKeyboardViewHelper():600 null helper is returned: keyboardDef=mjl{processedConditions={}, globalConditions={}, className=com.google.android.libraries.inputmethod.keyboard.impl.Keyboard, resourceIds=[#0x7f17004d], initialStates=0, keyboardViewDefs=[], persistentStates=0, persistentStatesPrefKey=null, popupBubbleLayoutId=0, recentKeyLayoutId=0, recentKeyPopupLayoutId=0, recentKeyType=null, rememberRecentKey=NONE, sessionStates=0}, type=BODY, helpersCreated=[null, null, null, null], context.getResources().getConfiguration(): {1.0 310mcc260mnc [en_US] ldltr sw411dp w411dp h914dp 420dpi nrml long port finger qwerty/v/v dpad/v winConfig={ mBounds=Rect(0, 0 - 1080, 2400) mAppBounds=Rect(0, 0 - 1080, 2400) mMaxBounds=Rect(0, 0 - 1080, 2400) mDisplayRotation=ROTATION_0 mWindowingMode=fullscreen mActivityType=undefined mAlwaysOnTop=undefined mRotation=ROTATION_0} s.9 fontWeightAdjustment=0}
09-30 11:10:56.152  1422  1422 I GlobeKeyExtension: GlobeKeyExtension.getKeyboardInitialStates():175
09-30 11:10:56.160  1422  1422 W Keyboard: Keyboard.getKeyboardViewHelper():600 null helper is returned: keyboardDef=mjl{processedConditions={}, globalConditions={}, className=com.google.android.libraries.inputmethod.keyboard.impl.Keyboard, resourceIds=[#0x7f17004d], initialStates=0, keyboardViewDefs=[], persistentStates=0, persistentStatesPrefKey=null, popupBubbleLayoutId=0, recentKeyLayoutId=0, recentKeyPopupLayoutId=0, recentKeyType=null, rememberRecentKey=NONE, sessionStates=0}, type=HEADER, helpersCreated=[null, null, null, null], context.getResources().getConfiguration(): {1.0 310mcc260mnc [en_US] ldltr sw411dp w411dp h914dp 420dpi nrml long port finger qwerty/v/v dpad/v winConfig={ mBounds=Rect(0, 0 - 1080, 2400) mAppBounds=Rect(0, 0 - 1080, 2400) mMaxBounds=Rect(0, 0 - 1080, 2400) mDisplayRotation=ROTATION_0 mWindowingMode=fullscreen mActivityType=undefined mAlwaysOnTop=undefined mRotation=ROTATION_0} s.9 fontWeightAdjustment=0}
09-30 11:10:56.160  1422  1422 W Keyboard: Keyboard.getKeyboardViewHelper():600 null helper is returned: keyboardDef=mjl{processedConditions={}, globalConditions={}, className=com.google.android.libraries.inputmethod.keyboard.impl.Keyboard, resourceIds=[#0x7f17004d], initialStates=0, keyboardViewDefs=[], persistentStates=0, persistentStatesPrefKey=null, popupBubbleLayoutId=0, recentKeyLayoutId=0, recentKeyPopupLayoutId=0, recentKeyType=null, rememberRecentKey=NONE, sessionStates=0}, type=BODY, helpersCreated=[null, null, null, null], context.getResources().getConfiguration(): {1.0 310mcc260mnc [en_US] ldltr sw411dp w411dp h914dp 420dpi nrml long port finger qwerty/v/v dpad/v winConfig={ mBounds=Rect(0, 0 - 1080, 2400) mAppBounds=Rect(0, 0 - 1080, 2400) mMaxBounds=Rect(0, 0 - 1080, 2400) mDisplayRotation=ROTATION_0 mWindowingMode=fullscreen mActivityType=undefined mAlwaysOnTop=undefined mRotation=ROTATION_0} s.9 fontWeightAdjustment=0}
09-30 11:10:56.160  1422  1422 W Keyboard: Keyboard.getKeyboardViewHelper():600 null helper is returned: keyboardDef=mjl{processedConditions={}, globalConditions={}, className=com.google.android.libraries.inputmethod.keyboard.impl.Keyboard, resourceIds=[#0x7f17004d], initialStates=0, keyboardViewDefs=[], persistentStates=0, persistentStatesPrefKey=null, popupBubbleLayoutId=0, recentKeyLayoutId=0, recentKeyPopupLayoutId=0, recentKeyType=null, rememberRecentKey=NONE, sessionStates=0}, type=FLOATING_CANDIDATES, helpersCreated=[null, null, null, null], context.getResources().getConfiguration(): {1.0 310mcc260mnc [en_US] ldltr sw411dp w411dp h914dp 420dpi nrml long port finger qwerty/v/v dpad/v winConfig={ mBounds=Rect(0, 0 - 1080, 2400) mAppBounds=Rect(0, 0 - 1080, 2400) mMaxBounds=Rect(0, 0 - 1080, 2400) mDisplayRotation=ROTATION_0 mWindowingMode=fullscreen mActivityType=undefined mAlwaysOnTop=undefined mRotation=ROTATION_0} s.9 fontWeightAdjustment=0}
09-30 11:10:56.160  1422  1422 W Keyboard: Keyboard.getKeyboardViewHelper():600 null helper is returned: keyboardDef=mjl{processedConditions={}, globalConditions={}, className=com.google.android.libraries.inputmethod.keyboard.impl.Keyboard, resourceIds=[#0x7f17004d], initialStates=0, keyboardViewDefs=[], persistentStates=0, persistentStatesPrefKey=null, popupBubbleLayoutId=0, recentKeyLayoutId=0, recentKeyPopupLayoutId=0, recentKeyType=null, rememberRecentKey=NONE, sessionStates=0}, type=WIDGET, helpersCreated=[null, null, null, null], context.getResources().getConfiguration(): {1.0 310mcc260mnc [en_US] ldltr sw411dp w411dp h914dp 420dpi nrml long port finger qwerty/v/v dpad/v winConfig={ mBounds=Rect(0, 0 - 1080, 2400) mAppBounds=Rect(0, 0 - 1080, 2400) mMaxBounds=Rect(0, 0 - 1080, 2400) mDisplayRotation=ROTATION_0 mWindowingMode=fullscreen mActivityType=undefined mAlwaysOnTop=undefined mRotation=ROTATION_0} s.9 fontWeightAdjustment=0}
09-30 11:10:56.161  1422  1422 I KeyboardManager: KeyboardManager.requestKeyboard():248 Creating keyboard accessory_candidates_consumer, imeId=phone_number, cacheKey=theme,!gsf,!pgsans,!pgsf,!use_system_font,BORDER,FLAVOR_DPI=XXHDPI,GOOGLE_ICONS,IS_LIGHT,KEYBOARD_WIDTH_CATEGORY=NORMAL,KEY_BORDER_SHAPE=1,LIGHT_THEME=true,PHYSICAL_DIAGONAL=6.1297245,POPUP,SCREEN_SHORTEST_WIDTH=411,SCREEN_SHORTEST_WIDTH_NO_SCALE=411,SW400DP,XXHDPI,bottom4dp,enable_emoji_kitchen_browse_color_v2=true,enable_google_fonts_icons=true,enable_popup_on_keypress=true,keyboard_redesign_google_sans=true,noshadow,overlay_builtin_dynamic_color_light_base.binarypb:gm3-light-fffaf8ff-ff495d92-d80dec30f0fb7f05984687320dd7999c,roundedchip,silkpopup
09-30 11:10:56.165  1422  1422 I GlobeKeyExtension: GlobeKeyExtension.getKeyboardInitialStates():175
09-30 11:10:56.167  1422  1422 W Keyboard: Keyboard.getKeyboardViewHelper():600 null helper is returned: keyboardDef=mjl{processedConditions={}, globalConditions={global_theme_key=theme,!gsf,!pgsans,!pgsf,!use_system_font,BORDER,FLAVOR_DPI=XXHDPI,GOOGLE_ICONS,IS_LIGHT,KEYBOARD_WIDTH_CATEGORY=NORMAL,KEY_BORDER_SHAPE=1,LIGHT_THEME=true,PHYSICAL_DIAGONAL=6.1297245,POPUP,SCREEN_SHORTEST_WIDTH=411,SCREEN_SHORTEST_WIDTH_NO_SCALE=411,SW400DP,XXHDPI,bottom4dp,enable_emoji_kitchen_browse_color_v2=true,enable_google_fonts_icons=true,enable_popup_on_keypress=true,keyboard_redesign_google_sans=true,noshadow,overlay_builtin_dynamic_color_light_base.binarypb:gm3-light-fffaf8ff-ff495d92-d80dec30f0fb7f05984687320dd7999c,roundedchip,silkpopup, global_locale=en_US, global_density_dpi=420, global_orientation=1}, className=.latin.keyboard.AccessoryKeyboard, resourceIds=[#0x7f17004c], initialStates=0, keyboardViewDefs=[mka{direction=null, id=#0x7f0b0224, isScalable=false, layoutId=#0x7f0e0032, type=FLOATING_CANDIDATES, touchable=true, defaultShow=false}], persistentStates=0, persistentStatesPrefKey=null, popupBubbleLayoutId=#0x7f0e05f0, recentKeyLayoutId=0, recentKeyPopupLayoutId=0, recentKeyType=null, rememberRecentKey=NONE, sessionStates=0}, type=HEADER, helpersCreated=[null, null, lvx@6df3487, null], context.getResources().getConfiguration(): {1.0 310mcc260mnc [en_US] ldltr sw411dp w411dp h914dp 420dpi nrml long port finger qwerty/v/v dpad/v winConfig={ mBounds=Rect(0, 0 - 1080, 2400) mAppBounds=Rect(0, 0 - 1080, 2400) mMaxBounds=Rect(0, 0 - 1080, 2400) mDisplayRotation=ROTATION_0 mWindowingMode=fullscreen mActivityType=undefined mAlwaysOnTop=undefined mRotation=ROTATION_0} s.9 fontWeightAdjustment=0}
09-30 11:10:56.167  1422  1422 W Keyboard: Keyboard.getKeyboardViewHelper():600 null helper is returned: keyboardDef=mjl{processedConditions={}, globalConditions={global_theme_key=theme,!gsf,!pgsans,!pgsf,!use_system_font,BORDER,FLAVOR_DPI=XXHDPI,GOOGLE_ICONS,IS_LIGHT,KEYBOARD_WIDTH_CATEGORY=NORMAL,KEY_BORDER_SHAPE=1,LIGHT_THEME=true,PHYSICAL_DIAGONAL=6.1297245,POPUP,SCREEN_SHORTEST_WIDTH=411,SCREEN_SHORTEST_WIDTH_NO_SCALE=411,SW400DP,XXHDPI,bottom4dp,enable_emoji_kitchen_browse_color_v2=true,enable_google_fonts_icons=true,enable_popup_on_keypress=true,keyboard_redesign_google_sans=true,noshadow,overlay_builtin_dynamic_color_light_base.binarypb:gm3-light-fffaf8ff-ff495d92-d80dec30f0fb7f05984687320dd7999c,roundedchip,silkpopup, global_locale=en_US, global_density_dpi=420, global_orientation=1}, className=.latin.keyboard.AccessoryKeyboard, resourceIds=[#0x7f17004c], initialStates=0, keyboardViewDefs=[mka{direction=null, id=#0x7f0b0224, isScalable=false, layoutId=#0x7f0e0032, type=FLOATING_CANDIDATES, touchable=true, defaultShow=false}], persistentStates=0, persistentStatesPrefKey=null, popupBubbleLayoutId=#0x7f0e05f0, recentKeyLayoutId=0, recentKeyPopupLayoutId=0, recentKeyType=null, rememberRecentKey=NONE, sessionStates=0}, type=BODY, helpersCreated=[null, null, lvx@6df3487, null], context.getResources().getConfiguration(): {1.0 310mcc260mnc [en_US] ldltr sw411dp w411dp h914dp 420dpi nrml long port finger qwerty/v/v dpad/v winConfig={ mBounds=Rect(0, 0 - 1080, 2400) mAppBounds=Rect(0, 0 - 1080, 2400) mMaxBounds=Rect(0, 0 - 1080, 2400) mDisplayRotation=ROTATION_0 mWindowingMode=fullscreen mActivityType=undefined mAlwaysOnTop=undefined mRotation=ROTATION_0} s.9 fontWeightAdjustment=0}
09-30 11:10:56.182  1422  1422 I AndroidIME: InputBundleManager.startInput():358 startInput() with mjw[keyboardType=accessory, payload=null]
09-30 11:10:56.182  1422  1422 I GlobeKeyExtension: GlobeKeyExtension.onActivate():120
09-30 11:10:56.187  1422  1422 I NewLanguagePromptExtension: NewLanguagePromptExtension.onActivate():189 Not activated NewLanguagePromptExtension: not a normal text input box.
09-30 11:10:56.190  1422  1422 I VoiceInputManagerWrapper: VoiceInputManagerWrapper.cancelShutdown():109 cancelShutdown()
09-30 11:10:56.190  1422  1422 I VoiceInputManagerWrapper: VoiceInputManagerWrapper.syncLanguagePacks():121 syncLanguagePacks()
09-30 11:10:56.193  1422  5134 I SpeechFactory: SpeechRecognitionFactory.maybeScheduleAutoPackDownloadForFallback():217 maybeScheduleAutoPackDownloadForFallback()
09-30 11:10:56.193  1422  5134 I FallbackOnDeviceRecognitionProvider: FallbackOnDeviceRecognitionProvider.maybeScheduleAutoPackDownload():199 maybeScheduleAutoPackDownload() for language tag en-US
09-30 11:10:56.196  1422  1422 I VoiceInputManager: VoiceInputManager.onKeyboardActivated():1148 onKeyboardActivated() [UD]
09-30 11:10:56.203  1422  1422 I PkModeUpdater: PkModeUpdater.onActivate():74 onActivate false false
09-30 11:10:56.203  1422  1422 I PkModeUpdater: PkModeUpdater.onActivate():76 disable Pk Mode = true entry = lpl{languageTag=en-US, variant=qwerty, hasLocalizedResources=true, conditionCacheKey=_app_first_start_timestamp=1754148659693_bottom_period_popup_slash=false_cache_additional_ime_defs_for_condition_change=false_cache_ime_defs_for_condition_change=false_deprecate_long_press_space_for_ime_picker=false_device=phone_device_size=default_enable_access_points_in_password_number=false_enable_correction_settings_updates=false_enable_flick_symbols=false_enable_more_candidates_view_for_multilingual=false_enable_number_row=false_enable_number_row_in_password=true_enable_pk_simulator=false_enable_pk_simulator_setting=false_enable_preemptive_decode=true_enable_secondary_digits=true_enable_secondary_symbols=false_expressions=normal_four_or_more_letter_rows=false_keyboard_mode=normal_language=en-US_layout_9key_split=false_orientation=portrait_physical_keyboard=qwerty_pref_enable_flick_symbols=false_rtl_layout=false_show_comma_key=true_show_period_key=true_show_secondary_digits=true_show_suggestion_strip=true_show_suggestions=true_split_with_duplicate_keys=true_true=true_variant=qwerty_writing_helper_enable_by_word_revert=false, imeDef.stringId=ime_english_united_states, imeDef.className=com.google.android.apps.inputmethod.libs.latin5.LatinIme, imeDef.languageTag=en-US} editorInfo = android.view.inputmethod.EditorInfo@ed2f50f
09-30 11:10:56.203  1422  1422 I AccessoryInputModeManager: AccessoryInputModeManager.onModeStarted():319 Accessory input mode started: STYLUS
09-30 11:10:56.207  1422  1422 W ExtensionWrapper: ExtensionWrapper.setAllowUpdateNavigationBarStyle():818 class jpp is not activate
09-30 11:10:56.207  1422  1422 I WidgetViewShowingController: WidgetViewShowingController.showWidgetKeyboardInternal():527 Show companion widget
09-30 11:10:56.229  1422  1422 W ExtensionWrapper: ExtensionWrapper.setAllowUpdateNavigationBarStyle():818 class jpp is not activate
09-30 11:10:56.229  1422  1422 I WidgetViewShowingPositionHandler: WidgetViewShowingPositionHandler.updateAvailableArea():194 update available area Rect(21, 84 - 1059, 2333)
09-30 11:10:56.233  1422  1422 W NotificationCenter: NotificationCenter$NotificationQueue.notifyPendingNotificationsOnExecutor():877 Heavy notify work detected on UI thread: [jri->jpm] takes 30ms
09-30 11:10:56.234  1422  1422 I HardKeyTracker: HardKeyTracker.registerKeySequence():170 Register key sequence nef{labelResId=2132020472, callback=gdc@4c8ab2a, lastModifier=2, keyCodes=[62], actions=[0]}
09-30 11:10:56.235  1422  1422 I KeyboardHeightUtil: KeyboardHeightUtil.calculateMaxKeyboardBodyHeight():50 leave 281 height for app when ime window height:2274, header height:116 and isFullscreenMode:false, so the max keyboard body height is:1877
09-30 11:10:56.237  1422  1422 I KeyboardHeightUtil: KeyboardHeightUtil.calculateMaxKeyboardBodyHeight():50 leave 281 height for app when ime window height:2274, header height:116 and isFullscreenMode:false, so the max keyboard body height is:1877
09-30 11:10:56.238  1422  1422 W ExtensionWrapper: ExtensionWrapper.setExtensionViewVisibility():809 interface lzc is not activate
09-30 11:10:56.241  1422  1422 I Module  : DeviceLockedStatusModuleProvider$Module.updateDeviceLockedStatus():100 repeatCheckTimes = 1, locked = false
09-30 11:10:56.241  1422  1422 I HardKeyTracker: HardKeyTracker.unregisterKeySequence():221 Unregister key sequence nef{labelResId=2132020468, callback=cgm@bfaebbd, lastModifier=2, keyCodes=[48], actions=[0]}
09-30 11:10:56.241  1422  1422 I HardKeyTracker: HardKeyTracker.registerKeySequence():170 Register key sequence nef{labelResId=2132020468, callback=cgm@190de64, lastModifier=2, keyCodes=[48], actions=[0]}
09-30 11:10:56.242  1422  1422 I HardKeyTracker: HardKeyTracker.unregisterKeySequence():221 Unregister key sequence nef{labelResId=2132020468, callback=cgm@b9eeafe, lastModifier=2, keyCodes=[48], actions=[0]}
09-30 11:10:56.242  1422  1422 I HardKeyTracker: HardKeyTracker.registerKeySequence():170 Register key sequence nef{labelResId=2132020468, callback=cgm@49fb4c9, lastModifier=2, keyCodes=[48], actions=[0]}
09-30 11:10:56.243  1422  1422 I HardKeyTracker: HardKeyTracker.unregisterKeySequence():221 Unregister key sequence nef{labelResId=2132020469, callback=cgm@f8e53f1, lastModifier=2, keyCodes=[32], actions=[0]}
09-30 11:10:56.243  1422  1422 I HardKeyTracker: HardKeyTracker.unregisterKeySequence():221 Unregister key sequence nef{labelResId=2132020469, callback=cgm@8f77d44, lastModifier=0, keyCodes=[319], actions=[0]}
09-30 11:10:56.243  1422  1422 I HardKeyTracker: HardKeyTracker.registerKeySequence():170 Register key sequence nef{labelResId=2132020469, callback=cgm@cb43401, lastModifier=2, keyCodes=[32], actions=[0]}
09-30 11:10:56.243  1422  1422 I HardKeyTracker: HardKeyTracker.registerKeySequence():170 Register key sequence nef{labelResId=2132020469, callback=cgm@d1aa894, lastModifier=0, keyCodes=[319], actions=[0]}
09-30 11:10:56.243  1422  1422 I HardKeyTracker: HardKeyTracker.unregisterKeySequence():221 Unregister key sequence nef{labelResId=2132020469, callback=cgm@433e14f, lastModifier=2, keyCodes=[32], actions=[0]}
09-30 11:10:56.243  1422  1422 I HardKeyTracker: HardKeyTracker.unregisterKeySequence():221 Unregister key sequence nef{labelResId=2132020469, callback=cgm@cbb78ba, lastModifier=0, keyCodes=[319], actions=[0]}
09-30 11:10:56.243  1422  1422 I HardKeyTracker: HardKeyTracker.registerKeySequence():170 Register key sequence nef{labelResId=2132020469, callback=cgm@77ea9df, lastModifier=2, keyCodes=[32], actions=[0]}
09-30 11:10:56.243  1422  1422 I HardKeyTracker: HardKeyTracker.registerKeySequence():170 Register key sequence nef{labelResId=2132020469, callback=cgm@a35068a, lastModifier=0, keyCodes=[319], actions=[0]}
09-30 11:10:56.247   747  2062 D ActivityManager: sync unfroze 1506 com.google.android.gms for 6
09-30 11:10:56.249   747   946 D BackgroundInstallControlService: Package event received: 0
09-30 11:10:56.249   747   946 D BackgroundInstallControlService: Package event received: 0
09-30 11:10:56.252   747   817 D CoreBackPreview: Window{c087921 u0 com.sellerapp2/com.sellerapp2.MainActivity}: Setting back callback OnBackInvokedCallbackInfo{mCallback=android.window.IOnBackInvokedCallback$Stub$Proxy@f2eec0f, mPriority=0, mIsAnimationCallback=true, mOverrideBehavior=0}
09-30 11:10:56.256   988  1038 D WindowManagerShell: onKeepClearAreasChanged: restricted={}, unrestricted={Rect(0, 2337 - 1080, 2400)}
09-30 11:10:56.267  1506  1506 D BoundBrokerSvc: onBind: Intent { act=com.google.firebase.dynamiclinks.service.START xflg=0x4 pkg=com.google.android.gms }
09-30 11:10:56.267  1506  1506 D BoundBrokerSvc: Loading bound service for intent: Intent { act=com.google.firebase.dynamiclinks.service.START xflg=0x4 pkg=com.google.android.gms }
09-30 11:10:56.272   988  1038 D WindowManagerShell: onKeepClearAreasChanged: restricted={}, unrestricted={Rect(0, 2337 - 1080, 2400)}
09-30 11:10:56.277  1506  1506 D BoundBrokerSvc: onUnbind: Intent { act=com.google.android.gms.common.BIND_SHARED_PREFS xflg=0x4 pkg=com.google.android.gms }
09-30 11:10:56.330  1422  1422 I GoogleInputMethodService: GoogleInputMethodService$1.onKeyboardViewShown():324 onKeyboardViewShown: keyboardType=accessory, keyboardViewType=HEADER keyboardView=null
09-30 11:10:56.330  1422  1422 W Keyboard: Keyboard.getKeyboardViewHelper():600 null helper is returned: keyboardDef=mjl{processedConditions={}, globalConditions={}, className=com.google.android.libraries.inputmethod.keyboard.impl.Keyboard, resourceIds=[#0x7f17004d], initialStates=0, keyboardViewDefs=[], persistentStates=0, persistentStatesPrefKey=null, popupBubbleLayoutId=0, recentKeyLayoutId=0, recentKeyPopupLayoutId=0, recentKeyType=null, rememberRecentKey=NONE, sessionStates=0}, type=BODY, helpersCreated=[null, null, null, null], context.getResources().getConfiguration(): {1.0 310mcc260mnc [en_US] ldltr sw411dp w411dp h914dp 420dpi nrml long port finger qwerty/v/v dpad/v winConfig={ mBounds=Rect(0, 0 - 1080, 2400) mAppBounds=Rect(0, 0 - 1080, 2400) mMaxBounds=Rect(0, 0 - 1080, 2400) mDisplayRotation=ROTATION_0 mWindowingMode=fullscreen mActivityType=undefined mAlwaysOnTop=undefined mRotation=ROTATION_0} s.9 fontWeightAdjustment=0}
09-30 11:10:56.330  1422  1422 I GoogleInputMethodService: GoogleInputMethodService$1.onKeyboardViewShown():324 onKeyboardViewShown: keyboardType=accessory, keyboardViewType=BODY keyboardView=null
09-30 11:10:56.330  1422  1422 W Keyboard: Keyboard.getKeyboardViewHelper():600 null helper is returned: keyboardDef=mjl{processedConditions={}, globalConditions={}, className=com.google.android.libraries.inputmethod.keyboard.impl.Keyboard, resourceIds=[#0x7f17004d], initialStates=0, keyboardViewDefs=[], persistentStates=0, persistentStatesPrefKey=null, popupBubbleLayoutId=0, recentKeyLayoutId=0, recentKeyPopupLayoutId=0, recentKeyType=null, rememberRecentKey=NONE, sessionStates=0}, type=BODY, helpersCreated=[null, null, null, null], context.getResources().getConfiguration(): {1.0 310mcc260mnc [en_US] ldltr sw411dp w411dp h914dp 420dpi nrml long port finger qwerty/v/v dpad/v winConfig={ mBounds=Rect(0, 0 - 1080, 2400) mAppBounds=Rect(0, 0 - 1080, 2400) mMaxBounds=Rect(0, 0 - 1080, 2400) mDisplayRotation=ROTATION_0 mWindowingMode=fullscreen mActivityType=undefined mAlwaysOnTop=undefined mRotation=ROTATION_0} s.9 fontWeightAdjustment=0}
09-30 11:10:56.336   747   946 D BackgroundInstallControlService: Package event received: 0
09-30 11:10:56.362  1506  1506 D BoundBrokerSvc: onBind: Intent { act=com.google.android.gms.common.BIND_SHARED_PREFS xflg=0x4 pkg=com.google.android.gms }
09-30 11:10:56.362  1506  1506 D BoundBrokerSvc: Loading bound service for intent: Intent { act=com.google.android.gms.common.BIND_SHARED_PREFS xflg=0x4 pkg=com.google.android.gms }
09-30 11:10:56.365 10420 10493 W InteractionJankMonitor: Initializing without READ_DEVICE_CONFIG permission. enabled=false, interval=1, missedFrameThreshold=3, frameTimeThreshold=64, package=com.sellerapp2
09-30 11:10:56.590 10420 10420 I ImeTracker: com.sellerapp2:edd648a7: onShown
09-30 11:10:56.728  1422  1422 I StylusModule: StylusModule.onUpdateToolType():805 Update tool type = 0
09-30 11:10:56.741  1422  1422 W TooltipLifecycleManager: TooltipLifecycleManager.dismissTooltips():153 Tooltip with id SUGGESTION_VIEW_EDU_MINI_DIALOG not found in tooltipManager.
09-30 11:10:56.749  1422  1422 I UndoStack: UndoStack.offer$mayClearStack():167 InputContext OTHER_TEXT_CHANGE with content updates to clear undo
09-30 11:10:56.926  1422  1422 I StylusModule: StylusModule.onUpdateToolType():805 Update tool type = 0
09-30 11:10:56.942  1422  1422 W TooltipLifecycleManager: TooltipLifecycleManager.dismissTooltips():153 Tooltip with id SUGGESTION_VIEW_EDU_MINI_DIALOG not found in tooltipManager.
09-30 11:10:56.943  1422  1422 I UndoStack: UndoStack.offer$mayClearStack():167 InputContext OTHER_TEXT_CHANGE with content updates to clear undo
09-30 11:10:57.802  1422  1422 I StylusModule: StylusModule.onUpdateToolType():805 Update tool type = 0
09-30 11:10:57.822  1422  1422 W TooltipLifecycleManager: TooltipLifecycleManager.dismissTooltips():153 Tooltip with id SUGGESTION_VIEW_EDU_MINI_DIALOG not found in tooltipManager.
09-30 11:10:57.822  1422  1422 I UndoStack: UndoStack.offer$mayClearStack():167 InputContext OTHER_TEXT_CHANGE with content updates to clear undo
09-30 11:10:57.885  1422  1422 I StylusModule: StylusModule.onUpdateToolType():805 Update tool type = 0
09-30 11:10:57.897  1422  1422 W TooltipLifecycleManager: TooltipLifecycleManager.dismissTooltips():153 Tooltip with id SUGGESTION_VIEW_EDU_MINI_DIALOG not found in tooltipManager.
09-30 11:10:57.907  1422  1422 I UndoStack: UndoStack.offer$mayClearStack():167 InputContext OTHER_TEXT_CHANGE with content updates to clear undo
09-30 11:10:58.498  1422  1422 I StylusModule: StylusModule.onUpdateToolType():805 Update tool type = 0
09-30 11:10:58.506  1422  1422 W TooltipLifecycleManager: TooltipLifecycleManager.dismissTooltips():153 Tooltip with id SUGGESTION_VIEW_EDU_MINI_DIALOG not found in tooltipManager.
09-30 11:10:58.506  1422  1422 I UndoStack: UndoStack.offer$mayClearStack():167 InputContext OTHER_TEXT_CHANGE with content updates to clear undo
09-30 11:10:58.669  1422  1422 I StylusModule: StylusModule.onUpdateToolType():805 Update tool type = 0
09-30 11:10:58.677  1422  1422 W TooltipLifecycleManager: TooltipLifecycleManager.dismissTooltips():153 Tooltip with id SUGGESTION_VIEW_EDU_MINI_DIALOG not found in tooltipManager.
09-30 11:10:58.679  1422  1422 I UndoStack: UndoStack.offer$mayClearStack():167 InputContext OTHER_TEXT_CHANGE with content updates to clear undo
09-30 11:10:58.800  1422  1422 I StylusModule: StylusModule.onUpdateToolType():805 Update tool type = 0
09-30 11:10:58.814  1422  1422 W TooltipLifecycleManager: TooltipLifecycleManager.dismissTooltips():153 Tooltip with id SUGGESTION_VIEW_EDU_MINI_DIALOG not found in tooltipManager.
09-30 11:10:58.814  1422  1422 I UndoStack: UndoStack.offer$mayClearStack():167 InputContext OTHER_TEXT_CHANGE with content updates to clear undo
09-30 11:10:58.932  1422  1422 I StylusModule: StylusModule.onUpdateToolType():805 Update tool type = 0
09-30 11:10:58.940  1422  1422 W TooltipLifecycleManager: TooltipLifecycleManager.dismissTooltips():153 Tooltip with id SUGGESTION_VIEW_EDU_MINI_DIALOG not found in tooltipManager.
09-30 11:10:58.944  1422  1422 I UndoStack: UndoStack.offer$mayClearStack():167 InputContext OTHER_TEXT_CHANGE with content updates to clear undo
09-30 11:10:59.111  1422  1422 I StylusModule: StylusModule.onUpdateToolType():805 Update tool type = 0
09-30 11:10:59.113   534  4230 D android.hardware.audio@7.1-impl.ranchu: threadLoop: entering standby, frames: 6661824
09-30 11:10:59.114   534  4230 D android.hardware.audio@7.1-impl.ranchu: ~TinyalsaSink: stopping PCM stream
09-30 11:10:59.114   534  4230 D android.hardware.audio@7.1-impl.ranchu: ~TinyalsaSink: joining consumeThread
09-30 11:10:59.115   534 10483 D android.hardware.audio@7.1-impl.ranchu: consumeThread: exiting
09-30 11:10:59.124  1422  1422 W TooltipLifecycleManager: TooltipLifecycleManager.dismissTooltips():153 Tooltip with id SUGGESTION_VIEW_EDU_MINI_DIALOG not found in tooltipManager.
09-30 11:10:59.126  1422  1422 I UndoStack: UndoStack.offer$mayClearStack():167 InputContext OTHER_TEXT_CHANGE with content updates to clear undo
09-30 11:10:59.152  1422  1869 W LatinCommonCountersMetricsProcessor: LatinCommonCountersMetricsProcessor$DelightProblemReporter.run():826 Missing LM for 'en'
09-30 11:10:59.218  1422  1422 I StylusModule: StylusModule.onUpdateToolType():805 Update tool type = 0
09-30 11:10:59.241  1422  1422 W TooltipLifecycleManager: TooltipLifecycleManager.dismissTooltips():153 Tooltip with id SUGGESTION_VIEW_EDU_MINI_DIALOG not found in tooltipManager.
09-30 11:10:59.244  1422  1422 I UndoStack: UndoStack.offer$mayClearStack():167 InputContext OTHER_TEXT_CHANGE with content updates to clear undo
09-30 11:11:00.122   747   842 D ActivityManager: freezing 8590 com.google.android.apps.photos
09-30 11:11:00.127   747   895 D InetDiagMessage: Destroyed 0 sockets, proto=IPPROTO_TCP, family=AF_INET, states=14
09-30 11:11:00.128   747   895 D InetDiagMessage: Destroyed 0 sockets, proto=IPPROTO_TCP, family=AF_INET6, states=14
09-30 11:11:00.128   747   895 D InetDiagMessage: Destroyed live tcp sockets for uids={10169} in 2ms
09-30 11:11:00.854 10420 10420 I ImeTracker: com.sellerapp2:e664ab12: onRequestHide at ORIGIN_CLIENT reason HIDE_SOFT_INPUT fromUser false
09-30 11:11:00.854 10420 10420 D InsetsController: hide(ime(), fromIme=false)
09-30 11:11:00.854 10420 10420 W WindowOnBackDispatcher: sendCancelIfRunning: isInProgress=false callback=android.view.ImeBackAnimationController@5dd792c
09-30 11:11:00.854 10420 10420 D InsetsController: Setting requestedVisibleTypes to -9 (was -1)
09-30 11:11:00.855   747  1959 D CoreBackPreview: Window{c087921 u0 com.sellerapp2/com.sellerapp2.MainActivity}: Setting back callback OnBackInvokedCallbackInfo{mCallback=android.window.IOnBackInvokedCallback$Stub$Proxy@ddc47cd, mPriority=0, mIsAnimationCallback=true, mOverrideBehavior=0}
09-30 11:11:00.855 10420 10420 D CompatChangeReporter: Compat change id reported: 395521150; UID 10226; state: ENABLED
09-30 11:11:01.102   747   817 I ImeTracker: system_server:6daeda90: onRequestHide at ORIGIN_SERVER reason IME_REQUESTED_CHANGED_LISTENER fromUser false
09-30 11:11:01.112  1422  1422 I GoogleInputMethodService: GoogleInputMethodService.onFinishInputView():1543 onFinishInputView(false)
09-30 11:11:01.112  1422  1422 I GlobeKeyExtension: GlobeKeyExtension.onDeactivate():144
09-30 11:11:01.115   988  1038 D WindowManagerShell: onKeepClearAreasChanged: restricted={}, unrestricted={}
09-30 11:11:01.116  1422  1422 I VoiceInputManagerWrapper: VoiceInputManagerWrapper.shutdown():131 shutdown()
09-30 11:11:01.118  1422  1422 I HardKeyTracker: HardKeyTracker.unregisterKeySequence():221 Unregister key sequence nef{labelResId=2132020472, callback=gdc@4c8ab2a, lastModifier=2, keyCodes=[62], actions=[0]}
09-30 11:11:01.118  1422  1422 W ExtensionWrapper: ExtensionWrapper.setAllowUpdateNavigationBarStyle():818 class jpp is not activate
09-30 11:11:01.128  1422  1422 W ExtensionWrapper: ExtensionWrapper.setAllowUpdateNavigationBarStyle():818 class jpp is not activate
09-30 11:11:01.129  1422  1422 W TooltipLifecycleManager: TooltipLifecycleManager.dismissTooltips():153 Tooltip with id spell_check_add_to_dictionary not found in tooltipManager.
09-30 11:11:01.131  1422  1422 I ImeTracker: system_server:6daeda90: onHidden
09-30 11:11:01.144   747   772 I ImeTracker: system_server:d1c6bba8: onRequestShow at ORIGIN_SERVER reason CONTROLS_CHANGED fromUser false
09-30 11:11:01.156 10420 10420 I ImeTracker: system_server:d1c6bba8: onCancelled at PHASE_CLIENT_ON_CONTROLS_CHANGED
09-30 11:11:01.555 10420 10459 I ReactNativeJS: '📱 AuthService: Sending OTP to phone:', '+91 8050343816'
09-30 11:11:01.557 10420 10459 I ReactNativeJS: 🌍 Environment: PRODUCTION
09-30 11:11:01.557 10420 10459 I ReactNativeJS: 🔗 API Base URL: http://147.93.108.121:3000
09-30 11:11:01.558 10420 10459 I ReactNativeJS: '🔍 AppNavigator render - isBootLoading:', false, 'isAuthenticated:', false
09-30 11:11:01.558 10420 10459 I ReactNativeJS: '🔍 User state:', { isNewUser: false,
09-30 11:11:01.558 10420 10459 I ReactNativeJS:   profileCompleted: undefined,
09-30 11:11:01.558 10420 10459 I ReactNativeJS:   needsRegistration: false }
09-30 11:11:01.558 10420 10459 I ReactNativeJS: '🔍 Navigation will show:', 'AUTH'
09-30 11:11:01.559 10420 10459 I ReactNativeJS: '📺 Rendering main navigation. Will show:', 'Auth'
09-30 11:11:01.561 10420 10459 I ReactNativeJS: 🔑 User not authenticated - showing Auth
09-30 11:11:01.565   747   817 W AS.PlaybackActivityMon: No piid assigned for invalid/internal port id 15
09-30 11:11:01.617 10420 10498 I com.sellerapp2: AssetManager2(0x7f54f70f32f8) locale list changing from [] to [en-US]
09-30 11:11:01.617 10420 10498 I WebViewFactory: Loading com.google.android.webview version 140.0.7339.155 (code 733915538)
09-30 11:11:01.617 10420 10498 W ResourcesManager: Found a null ResourcesImpl, skipped.
09-30 11:11:01.618 10420 10498 I com.sellerapp2: AssetManager2(0x7f54f70f00f8) locale list changing from [] to [en-US]
09-30 11:11:01.618 10420 10498 I com.sellerapp2: AssetManager2(0x7f54f70ebf58) locale list changing from [] to [en-US]
09-30 11:11:01.621   598   697 D AudioFlinger: mixer(0x76cad780f770) throttle end: throttle time(30)
09-30 11:11:01.619 10420 10498 I com.sellerapp2: AssetManager2(0x7f54f70ede98) locale list changing from [] to [en-US]
09-30 11:11:01.622 10420 10498 V ResourcesManager: The following library key has been added: ResourcesKey{ mHash=c037310e mResDir=null mSplitDirs=[] mOverlayDirs=[] mLibDirs=[/data/app/~~LNbIVLCeHg65Pnc9JRc72A==/com.google.android.webview-ztexTaeSLmIAWo3CG1XPDA==/base.apk,/data/app/~~r5wvwcFLJXdOAEjeioizNQ==/com.google.android.trichromelibrary_733915538-_cokptqYBlWYA67lF6aNkg==/base.apk,/system_ext/framework/androidx.window.extensions.jar] mDisplayId=0 mOverrideConfig=v36 mCompatInfo={420dpi always-compat} mLoaders=[]}
09-30 11:11:01.626 10420 10498 W com.sellerapp2: Failed to find entry 'classes.dex': Entry not found
09-30 11:11:01.631 10420 10498 D nativeloader: Configuring clns-10 for other apk /data/app/~~r5wvwcFLJXdOAEjeioizNQ==/com.google.android.trichromelibrary_733915538-_cokptqYBlWYA67lF6aNkg==/base.apk. target_sdk_version=36, uses_libraries=ALL, library_path=/data/app/~~LNbIVLCeHg65Pnc9JRc72A==/com.google.android.webview-ztexTaeSLmIAWo3CG1XPDA==/lib/x86_64:/data/app/~~LNbIVLCeHg65Pnc9JRc72A==/com.google.android.webview-ztexTaeSLmIAWo3CG1XPDA==/base.apk!/lib/x86_64:/data/app/~~r5wvwcFLJXdOAEjeioizNQ==/com.google.android.trichromelibrary_733915538-_cokptqYBlWYA67lF6aNkg==/base.apk!/lib/x86_64, permitted_path=/data:/mnt/expand
09-30 11:11:01.632 10420 10498 D ApplicationLoaders: Returning zygote-cached class loader: /system_ext/framework/androidx.window.extensions.jar
09-30 11:11:01.644 10420 10498 D nativeloader: Configuring clns-11 for other apk /data/app/~~LNbIVLCeHg65Pnc9JRc72A==/com.google.android.webview-ztexTaeSLmIAWo3CG1XPDA==/base.apk. target_sdk_version=36, uses_libraries=, library_path=/data/app/~~LNbIVLCeHg65Pnc9JRc72A==/com.google.android.webview-ztexTaeSLmIAWo3CG1XPDA==/lib/x86_64:/data/app/~~LNbIVLCeHg65Pnc9JRc72A==/com.google.android.webview-ztexTaeSLmIAWo3CG1XPDA==/base.apk!/lib/x86_64:/data/app/~~r5wvwcFLJXdOAEjeioizNQ==/com.google.android.trichromelibrary_733915538-_cokptqYBlWYA67lF6aNkg==/base.apk!/lib/x86_64, permitted_path=/data:/mnt/expand
09-30 11:11:01.645   747  2062 I ImeTracker: system_server:73f5d439: onRequestHide at ORIGIN_SERVER reason IME_REQUESTED_CHANGED_LISTENER fromUser false
09-30 11:11:01.646   747   771 I ImeTracker: system_server:73f5d439: onCancelled at PHASE_SERVER_SHOULD_HIDE
09-30 11:11:01.739 10420 10498 I cr_WVCFactoryProvider: version=140.0.7339.155 (733915538) minSdkVersion=29 multiprocess=true packageId=2 splits=<none>
09-30 11:11:01.742 10420 10498 D nativeloader: Load /data/app/~~r5wvwcFLJXdOAEjeioizNQ==/com.google.android.trichromelibrary_733915538-_cokptqYBlWYA67lF6aNkg==/base.apk!/lib/x86_64/libmonochrome_64.so using class loader ns clns-11 (caller=/data/app/~~LNbIVLCeHg65Pnc9JRc72A==/com.google.android.webview-ztexTaeSLmIAWo3CG1XPDA==/base.apk): ok
09-30 11:11:01.749 10420 10498 D nativeloader: Load /system/lib64/libwebviewchromium_plat_support.so using class loader ns clns-11 (caller=/data/app/~~LNbIVLCeHg65Pnc9JRc72A==/com.google.android.webview-ztexTaeSLmIAWo3CG1XPDA==/base.apk): ok
09-30 11:11:01.769 10420 10503 I chromium: [0930/111101.762457:INFO:android_webview/browser/variations/variations_seed_loader.cc:67] Failed to open file for reading.: No such file or directory (2)
09-30 11:11:01.773 10420 10503 I chromium: [0930/111101.773428:INFO:android_webview/browser/variations/variations_seed_loader.cc:67] Failed to open file for reading.: No such file or directory (2)
09-30 11:11:01.779   747   946 D BackgroundInstallControlService: Package event received: 0
09-30 11:11:01.782   747  1959 D ActivityManager: sync unfroze 3140 com.google.android.webview:webview_service for 6
09-30 11:11:01.782   747   946 D BackgroundInstallControlService: Package event received: 0
09-30 11:11:01.786   747  1959 W ProcessStats: Tracking association SourceState{55f7500 com.sellerapp2/10226 BTop #5905} whose proc state 2 is better than process ProcessState{8c09272 com.google.android.webview:webview_service/10165 pkg=com.google.android.webview} proc state 15 (6 skipped)
09-30 11:11:01.826 10420 10498 I cr_LibraryLoader: Successfully loaded native library
09-30 11:11:01.831 10420 10498 I cr_CachingUmaRecorder: Flushed 17 samples from 17 histograms, 0 samples were dropped.
