09-30 11:21:23.789  1316 10649 W GCM     : Unexpected forwarded intent: Intent { act=android.intent.action.PACKAGE_ADDED dat=package: flg=0x4000010 pkg=com.google.android.gms cmp=com.google.android.gms/.chimera.PersistentIntentOperationService (has extras) }
09-30 11:21:23.792  1511  1932 I ogle.android.as: AssetManager2(0x7f54f716ae98) locale list changing from [] to [en-US]
09-30 11:21:23.792  1316 10647 I .gms.persistent: AssetManager2(0x7f54f70ea018) locale list changing from [] to [en-US]
09-30 11:21:23.801   747   763 W AppOpService: Ignored setUidMode call for runtime permission app op: uid = 1001, code = RECEIVE_WAP_PUSH, mode = allow, callingUid = 1001, oldMode = allow
09-30 11:21:23.806  1511  1932 I ogle.android.as: AssetManager2(0x7f54f70e38f8) locale list changing from [] to [en-US]
09-30 11:21:23.813  1511  1932 I ogle.android.as: AssetManager2(0x7f54f712c9b8) locale list changing from [] to [en-US]
09-30 11:21:23.814  1511  1932 I AiAiEcho: EchoSearch: WidgetFetcherImpl is initialized with [33] widgets [reason=package added for userId: 0]
09-30 11:21:23.818  1316 10649 W NetworkScheduler: Unexpected forwarded intent: Intent { act=android.intent.action.PACKAGE_ADDED dat=package: flg=0x4000010 pkg=com.google.android.gms cmp=com.google.android.gms/.chimera.PersistentIntentOperationService (has extras) }
09-30 11:21:23.818   747   763 W AppOpService: Ignored setUidMode call for runtime permission app op: uid = 1001, code = SEND_SMS, mode = allow, callingUid = 1001, oldMode = allow
09-30 11:21:23.828   747   763 W AppOpService: Ignored setUidMode call for runtime permission app op: uid = 1001, code = READ_CELL_BROADCASTS, mode = allow, callingUid = 1001, oldMode = allow
09-30 11:21:23.829  1117  1117 D SatelliteAccessController: Current default SMS app:ComponentInfo{com.google.android.apps.messaging/com.google.android.apps.messaging.shared.receiver.SmsDeliverReceiver}
09-30 11:21:23.829  1117  1117 D SatelliteController: getSelectedSatelliteSubId: subId=-1
09-30 11:21:23.830  1117  1117 D SatelliteAccessController: supportedMsgApps:com.google.android.apps.messaging
09-30 11:21:23.844  2503  2503 I Finsky  : [2] afdy - Received: android.intent.action.PACKAGE_CHANGED, [SfIERmoeK-KQIbbirKSCsvwzkLdlqUjmiCez4zpJR44]
09-30 11:21:23.852  2503  2784 I Finsky  : [45] SCH: Received scheduling request: Id: 37-176, Constraints: [{ L: 0, D: 0, C: CHARGING_NONE, I: IDLE_NONE, N: NET_NONE, B: BATTERY_ANY }]
09-30 11:21:23.854   747  4154 W SignedPackage: Cannot get ApplicationInfo for package: com.google.android.devicelockcontroller
09-30 11:21:23.860  1136  1188 D PackageUpdatedTask: Package updated: mOp=UPDATE packages=[com.sellerapp2], user=UserHandle{0}
09-30 11:21:23.874  1506 10657 I Auth    : (REDACTED) [SupervisedAccountIntentOperationV2] onHandleIntent: %s
09-30 11:21:23.875  1511 10633 I AiAiEcho: AppIndexer Package:[com.sellerapp2] UserProfile:[0] Enabled:[true].
09-30 11:21:23.875  1511 10633 I AiAiEcho: AppFetcherImplV2 updateApps package:[com.sellerapp2], userId:[0], reason:[package is updated.].
09-30 11:21:23.887  1136  1188 W HWUI    : Image decoding logging dropped!
09-30 11:21:23.889  1136  1188 W HWUI    : Image decoding logging dropped!
09-30 11:21:23.894  1506 10659 I Blockstore: (REDACTED) [DataStoreImpl] Clearing Blockstore Data for package %s
09-30 11:21:23.894  1506 10659 I Blockstore: [DataStoreImpl] Keyless data not found or its IsLastInstallationData = false. [CONTEXT service_id=258 ]
09-30 11:21:23.907  1316 10646 I Fitness : (REDACTED) OnPackageChangedOperation got intent: %s
09-30 11:21:23.946  1136  1188 W HWUI    : Image decoding logging dropped!
09-30 11:21:23.946  1136  1188 D AlphabeticIndexCompat: computeSectionName: cs: Seller App (Goat Goat) sectionName: S
09-30 11:21:23.958  1506 10650 I NearbyDiscovery: (REDACTED) processGrantSlicePermission: %s
09-30 11:21:23.959  1136  1136 D AllAppsStore: setApps: apps.length=21
09-30 11:21:23.959  1136  1136 D AllAppsStore: notifyUpdate: notifying listeners
09-30 11:21:23.959  1136  1136 D ActivityAllAppsContainerView: onAppsUpdated; number of apps: 21
09-30 11:21:23.959  1136  1136 D ActivityAllAppsContainerView: rebindAdapters: force: false
09-30 11:21:23.959  1136  1136 D ActivityAllAppsContainerView: rebindAdapters: Not needed.
09-30 11:21:23.959  1136  1136 D StatsLog: LAUNCHER_ALLAPPS_COUNT
09-30 11:21:23.959  1136  1136 D AlphabeticalAppsList: Clearing FastScrollerSections.
09-30 11:21:23.959  1136  1136 D AlphabeticalAppsList: Adding apps with sections. HasPrivateApps: false
09-30 11:21:23.959  1136  1136 D AlphabeticalAppsList: addAppsWithSections: adding sectionName: C with appInfoTitle: Calendar
09-30 11:21:23.959  1136  1136 D AlphabeticalAppsList: addAppsWithSections: adding sectionName: D with appInfoTitle: Drive
09-30 11:21:23.959  1136  1136 D AlphabeticalAppsList: addAppsWithSections: adding sectionName: F with appInfoTitle: Files
09-30 11:21:23.959  1136  1136 D AlphabeticalAppsList: addAppsWithSections: adding sectionName: G with appInfoTitle: Gmail
09-30 11:21:23.959  1136  1136 D AlphabeticalAppsList: addAppsWithSections: adding sectionName: M with appInfoTitle: Maps
09-30 11:21:23.959  1136  1136 D AlphabeticalAppsList: addAppsWithSections: adding sectionName: P with appInfoTitle: Phone
09-30 11:21:23.959  1136  1136 D AlphabeticalAppsList: addAppsWithSections: adding sectionName: S with appInfoTitle: Safety
09-30 11:21:23.959  1136  1136 D AlphabeticalAppsList: addAppsWithSections: adding sectionName: T with appInfoTitle: TMoble
09-30 11:21:23.959  1136  1136 D AlphabeticalAppsList: addAppsWithSections: adding sectionName: Y with appInfoTitle: YouTube
09-30 11:21:23.959  1136  1136 D AlphabeticalAppsList: Adding FastScrollSection duplicate to scroll to the bottom.
09-30 11:21:23.960  1136  1136 D AlphabeticalAppsList: Clearing FastScrollerSections.
09-30 11:21:23.960  1136  1136 D AlphabeticalAppsList: Adding apps with sections. HasPrivateApps: false
09-30 11:21:23.960  1136  1136 D AlphabeticalAppsList: addAppsWithSections: adding sectionName: C with appInfoTitle: Calendar
09-30 11:21:23.960  1136  1136 D AlphabeticalAppsList: addAppsWithSections: adding sectionName: D with appInfoTitle: Drive
09-30 11:21:23.960  1136  1136 D AlphabeticalAppsList: addAppsWithSections: adding sectionName: F with appInfoTitle: Files
09-30 11:21:23.960  1136  1136 D AlphabeticalAppsList: addAppsWithSections: adding sectionName: G with appInfoTitle: Gmail
09-30 11:21:23.960  1136  1136 D AlphabeticalAppsList: addAppsWithSections: adding sectionName: M with appInfoTitle: Maps
09-30 11:21:23.960  1136  1136 D AlphabeticalAppsList: addAppsWithSections: adding sectionName: P with appInfoTitle: Phone
09-30 11:21:23.960  1136  1136 D AlphabeticalAppsList: addAppsWithSections: adding sectionName: S with appInfoTitle: Safety
09-30 11:21:23.960  1136  1136 D AlphabeticalAppsList: addAppsWithSections: adding sectionName: T with appInfoTitle: TMoble
09-30 11:21:23.960  1136  1136 D AlphabeticalAppsList: addAppsWithSections: adding sectionName: Y with appInfoTitle: YouTube
09-30 11:21:23.960  1136  1136 D AlphabeticalAppsList: Adding FastScrollSection duplicate to scroll to the bottom.
09-30 11:21:23.962  1136  1136 D b/387844520: getOutlineOffsetX: measured width = 173, mNormalizedIconSize = 159, last updated width = 173
09-30 11:21:24.003  1316 10649 I Fitness : (REDACTED) FitCleanupIntentOperation received Intent %s
09-30 11:21:24.011  2503  2775 I Finsky  : [42] RECEIVER_PACKAGE_MONITOR#logWorkEndAndFinishGoAsync: SUCCESS
09-30 11:21:24.021  1506 10658 I Dck     : (REDACTED) disableDckSupport: %s
09-30 11:21:24.030  1506 10658 W Dck     : [WirelessCapabilitiesFeatures] wccSysProp: 0 [CONTEXT service_id=289 ]
09-30 11:21:24.031  1506 10658 I Dck     : [WirelessCapabilitiesFeatures] wccMendel: 3 [CONTEXT service_id=289 ]
09-30 11:21:24.031  1506 10658 I Dck     : [WirelessCapabilitiesFeatures] deviceWccOverride: false [CONTEXT service_id=289 ]
09-30 11:21:24.031  1506 10658 I Dck     : [WirelessCapabilitiesFeatures] replaceSupportedWccWithWccOverride: true [CONTEXT service_id=289 ]
09-30 11:21:24.031  1506 10658 I Dck     : [WirelessCapabilitiesFeatures] wccOverride: not set [CONTEXT service_id=289 ]
09-30 11:21:24.035  1506 10658 I Dck     : (REDACTED) [WirelessCapabilitiesFeatures] wcc: %s
09-30 11:21:24.035  2503  2906 I Finsky  : [63] AIM: AppInfoManager-Perf > OnDeviceAppInfo > cacheHitCount=0, cacheMissCount=1. Missed  in cache (limit 10) : [com.sellerapp2]
09-30 11:21:24.035  1506 10658 I Dck     : Dck module condition - hasWccSupport: false [CONTEXT service_id=289 ]
09-30 11:21:24.038  1506 10658 I Dck     : Dck module condition - downloadAllowed: false [CONTEXT service_id=289 ]
09-30 11:21:24.039  1506 10658 W Dck     : Dck module not eligible for asynchronous downloading [CONTEXT service_id=289 ]
09-30 11:21:24.061   747   818 W NotificationService: Toast already killed. pkg=com.google.android.packageinstaller token=android.os.BinderProxy@bf8de01
09-30 11:21:24.066  2503  2915 I Finsky  : [69] AIM: Got app ownership map. App counts: . Unique apps: 0
09-30 11:21:24.066  2503  2915 E Finsky  : [69] [Counters] attempted to use a non-positive increment for: 4752
09-30 11:21:24.068  2503  2867 E Finsky  : [54] [Counters] attempted to use a non-positive increment for: 4753
09-30 11:21:24.074   747   764 W ParceledListSlice: Element #65 is 146380 bytes.
09-30 11:21:24.074   747   764 W ParceledListSlice: Overly large reply size: 188064
09-30 11:21:24.087   747  1046 W ParceledListSlice: Element #141 is 68844 bytes.
09-30 11:21:24.087   747  1046 W ParceledListSlice: Overly large reply size: 134384
09-30 11:21:24.091   747  1046 V SafetySourceDataValidat: Package: com.android.vending has expected signature
09-30 11:21:24.091   747  1046 V SafetySourceDataValidat: Package: com.android.vending has expected signature
09-30 11:21:24.097   747  1046 W ParceledListSlice: Element #191 is 24752 bytes.
09-30 11:21:24.101   747   763 W ParceledListSlice: Element #221 is 31228 bytes.
09-30 11:21:24.105  2503  2892 E Finsky  : [58] ItemStore: getItems RPC failed for item com.sellerapp2
09-30 11:21:24.107  2503  2867 E Finsky  : [54] ItemStore: getItems RPC failed for item com.sellerapp2
09-30 11:21:24.108   747   818 W ParceledListSlice: Element #231 is 16864 bytes.
09-30 11:21:24.110  2503  2915 I Finsky  : [69] AIM: AppInfoManager-Perf > ItemModel > CacheSize=0, cacheHitCount=0, cacheMissCount=1, total appsWithNoServerDataCount=0. Missed  in cache (limit 10) : [com.sellerapp2]
09-30 11:21:24.111  2503  2915 I Finsky  : [69] AIM: AppInfoManager-Perf > ItemModel > ItemStore Called 1 apps cacheOptions = USE_CACHE
09-30 11:21:24.117  2503  2915 I Finsky  : [69] AIM: ItemModel fetch - unauth(1), auth()
09-30 11:21:24.118  2503  2906 I Finsky  : [63] ItemStore: Not cached: com.sellerapp2
09-30 11:21:24.156  1506 10390 I Icing   : Indexing com.google.android.gms-apps from com.google.android.gms
09-30 11:21:24.221  1506 10390 I Icing   : Indexing done com.google.android.gms-apps
09-30 11:21:24.229  1506 10390 I Icing   : Indexing com.google.android.gms-apps from com.google.android.gms
09-30 11:21:24.235   747   763 W ParceledListSlice: Element #65 is 146380 bytes.
09-30 11:21:24.235   747   763 W ParceledListSlice: Overly large reply size: 188064
09-30 11:21:24.242   747   764 W ParceledListSlice: Element #141 is 68844 bytes.
09-30 11:21:24.242   747   764 W ParceledListSlice: Overly large reply size: 134384
09-30 11:21:24.243  1506 10078 I Icing   : Indexing done com.google.android.gms-apps
09-30 11:21:24.250   747   764 W ParceledListSlice: Element #191 is 24752 bytes.
09-30 11:21:24.253   747   763 W ParceledListSlice: Element #221 is 31228 bytes.
09-30 11:21:24.254   747   764 W ParceledListSlice: Element #231 is 16864 bytes.
09-30 11:21:24.273  1506 10078 I Icing   : Indexing com.google.android.gms-apps from com.google.android.gms
09-30 11:21:24.278  1506 10078 I Icing   : Indexing done com.google.android.gms-apps
09-30 11:21:24.333   747  1580 E TaskPersister: File error accessing recents directory (directory doesn't exist?).
09-30 11:21:24.389   747   759 I system_server: Background concurrent mark compact GC freed 23MB AllocSpace bytes, 43(1152KB) LOS objects, 38% free, 37MB/61MB, paused 3.951ms,1.746ms total 1.245s
09-30 11:21:24.392   747   761 W System  : A resource failed to call close.
09-30 11:21:24.394   747  1858 W ParceledListSlice: Element #65 is 146380 bytes.
09-30 11:21:24.394   747  1858 W ParceledListSlice: Overly large reply size: 188064
09-30 11:21:24.401   747   818 W ParceledListSlice: Element #141 is 68844 bytes.
09-30 11:21:24.401   747   818 W ParceledListSlice: Overly large reply size: 134384
09-30 11:21:24.405   747  1046 W ParceledListSlice: Element #191 is 24752 bytes.
09-30 11:21:24.406   747   818 W ParceledListSlice: Element #221 is 31228 bytes.
09-30 11:21:24.407   747  1046 W ParceledListSlice: Element #231 is 16864 bytes.
09-30 11:21:24.455   747  1858 W ParceledListSlice: Element #65 is 146380 bytes.
09-30 11:21:24.455   747  1858 W ParceledListSlice: Overly large reply size: 188064
09-30 11:21:24.460   747   817 W ParceledListSlice: Element #141 is 68844 bytes.
09-30 11:21:24.460   747   817 W ParceledListSlice: Overly large reply size: 134384
09-30 11:21:24.463   747  2062 W ParceledListSlice: Element #191 is 24752 bytes.
09-30 11:21:24.465   747   817 W ParceledListSlice: Element #221 is 31228 bytes.
09-30 11:21:24.465   747   817 W ParceledListSlice: Element #231 is 16864 bytes.
09-30 11:21:24.477  9382  9398 I .apps.wellbeing: AssetManager2(0x7f54f70e2c78) locale list changing from [] to [en-US]
09-30 11:21:24.478  9382  9398 I .apps.wellbeing: AssetManager2(0x7f54f70e5518) locale list changing from [] to [en-US]
09-30 11:21:24.481  9382  9398 I .apps.wellbeing: AssetManager2(0x7f54f70f4bf8) locale list changing from [] to [en-US]
09-30 11:21:24.483  9382  9398 I .apps.wellbeing: AssetManager2(0x7f54f70e5e78) locale list changing from [] to [en-US]
09-30 11:21:24.486  9382  9398 I .apps.wellbeing: AssetManager2(0x7f54f70f8a78) locale list changing from [] to [en-US]
09-30 11:21:24.487  9382  9398 I .apps.wellbeing: AssetManager2(0x7f54f70fbf98) locale list changing from [] to [en-US]
09-30 11:21:24.493  9382  9398 I .apps.wellbeing: AssetManager2(0x7f54f70e4898) locale list changing from [] to [en-US]
09-30 11:21:24.496  9382  9398 I .apps.wellbeing: AssetManager2(0x7f54f70e7a98) locale list changing from [] to [en-US]
09-30 11:21:24.501  9382  9398 I .apps.wellbeing: AssetManager2(0x7f54f70fc2b8) locale list changing from [] to [en-US]
09-30 11:21:24.508  2503  2906 E Finsky  : [63] ItemStore: getItems RPC failed for item com.sellerapp2
09-30 11:21:24.508  9382  9398 I .apps.wellbeing: AssetManager2(0x7f54f70fb318) locale list changing from [] to [en-US]
09-30 11:21:24.535  9382  9398 I .apps.wellbeing: AssetManager2(0x7f54f70ec278) locale list changing from [] to [en-US]
09-30 11:21:24.536  9382  9398 I .apps.wellbeing: AssetManager2(0x7f54f70f1d18) locale list changing from [] to [en-US]
09-30 11:21:24.540  9382  9398 I .apps.wellbeing: AssetManager2(0x7f54f70fbc78) locale list changing from [] to [en-US]
09-30 11:21:24.543  9382  9398 I .apps.wellbeing: AssetManager2(0x7f54f70f7178) locale list changing from [] to [en-US]
09-30 11:21:24.546  9382  9398 I .apps.wellbeing: AssetManager2(0x7f54f70f4f18) locale list changing from [] to [en-US]
09-30 11:21:24.546  9382  9398 I .apps.wellbeing: AssetManager2(0x7f54f70f96f8) locale list changing from [] to [en-US]
09-30 11:21:24.557  9382  9398 I .apps.wellbeing: AssetManager2(0x7f54f70f0d78) locale list changing from [] to [en-US]
09-30 11:21:24.571  9382  9398 I .apps.wellbeing: AssetManager2(0x7f54f70ecef8) locale list changing from [] to [en-US]
09-30 11:21:24.573  9382  9398 I .apps.wellbeing: AssetManager2(0x7f54f70fa698) locale list changing from [] to [en-US]
09-30 11:21:24.575  9382  9398 I .apps.wellbeing: AssetManager2(0x7f54f70efab8) locale list changing from [] to [en-US]
09-30 11:21:24.577  9382  9398 I .apps.wellbeing: AssetManager2(0x7f54f70f4298) locale list changing from [] to [en-US]
09-30 11:21:24.578  9382  9398 I .apps.wellbeing: AssetManager2(0x7f54f70ed858) locale list changing from [] to [en-US]
09-30 11:21:24.580  9382  9398 I .apps.wellbeing: AssetManager2(0x7f54f70ed538) locale list changing from [] to [en-US]
09-30 11:21:24.587  9382  9398 I .apps.wellbeing: AssetManager2(0x7f54f70ebc38) locale list changing from [] to [en-US]
09-30 11:21:24.588  9382  9398 I .apps.wellbeing: AssetManager2(0x7f54f70e9078) locale list changing from [] to [en-US]
09-30 11:21:24.590  9382  9398 I .apps.wellbeing: AssetManager2(0x7f54f70ecbd8) locale list changing from [] to [en-US]
09-30 11:21:24.592  9382  9398 I .apps.wellbeing: AssetManager2(0x7f54f70eb918) locale list changing from [] to [en-US]
09-30 11:21:24.595  9382  9398 I .apps.wellbeing: AssetManager2(0x7f54f70f3618) locale list changing from [] to [en-US]
09-30 11:21:24.596  9382  9398 I .apps.wellbeing: AssetManager2(0x7f54f70f5b98) locale list changing from [] to [en-US]
09-30 11:21:24.598  9382  9398 I .apps.wellbeing: AssetManager2(0x7f54f70f0738) locale list changing from [] to [en-US]
09-30 11:21:24.601  9382  9398 I .apps.wellbeing: AssetManager2(0x7f54f70f7498) locale list changing from [] to [en-US]
09-30 11:21:24.602  9382  9398 I .apps.wellbeing: AssetManager2(0x7f54f7105ef8) locale list changing from [] to [en-US]
09-30 11:21:24.606  9382  9398 I .apps.wellbeing: AssetManager2(0x7f54f70f5558) locale list changing from [] to [en-US]
09-30 11:21:24.609  9382  9398 I .apps.wellbeing: AssetManager2(0x7f54f70e4bb8) locale list changing from [] to [en-US]
09-30 11:21:24.612  9382  9398 I .apps.wellbeing: AssetManager2(0x7f54f71045f8) locale list changing from [] to [en-US]
09-30 11:21:24.614  9382  9398 I .apps.wellbeing: AssetManager2(0x7f54f7104918) locale list changing from [] to [en-US]
09-30 11:21:24.632  9382  9398 I .apps.wellbeing: AssetManager2(0x7f54f70dd818) locale list changing from [] to [en-US]
09-30 11:21:24.637  9382  9398 I .apps.wellbeing: AssetManager2(0x7f54f70e35d8) locale list changing from [] to [en-US]
09-30 11:21:24.665  9382  9398 I .apps.wellbeing: AssetManager2(0x7f54f70ea338) locale list changing from [] to [en-US]
09-30 11:21:24.677  9382  9398 I .apps.wellbeing: AssetManager2(0x7f54f70e96b8) locale list changing from [] to [en-US]
09-30 11:21:24.680  9382  9398 I .apps.wellbeing: AssetManager2(0x7f54f70e8d58) locale list changing from [] to [en-US]
09-30 11:21:24.683  9382  9398 I .apps.wellbeing: AssetManager2(0x7f54f70ef798) locale list changing from [] to [en-US]
09-30 11:21:24.686  9382  9398 I .apps.wellbeing: AssetManager2(0x7f54f70f2cb8) locale list changing from [] to [en-US]
09-30 11:21:24.691  9382  9398 I .apps.wellbeing: AssetManager2(0x7f54f70f2038) locale list changing from [] to [en-US]
09-30 11:21:24.698  9382  9398 I .apps.wellbeing: AssetManager2(0x7f54f70ec8b8) locale list changing from [] to [en-US]
09-30 11:21:24.700  9382  9398 I .apps.wellbeing: AssetManager2(0x7f54f70facd8) locale list changing from [] to [en-US]
09-30 11:21:24.727  9382  9398 I .apps.wellbeing: AssetManager2(0x7f54f70ffaf8) locale list changing from [] to [en-US]
09-30 11:21:24.729  9382  9398 I .apps.wellbeing: AssetManager2(0x7f54f70f2678) locale list changing from [] to [en-US]
09-30 11:21:24.732  9382  9398 I .apps.wellbeing: AssetManager2(0x7f54f70fd578) locale list changing from [] to [en-US]
09-30 11:21:24.734  9382  9398 I .apps.wellbeing: AssetManager2(0x7f54f70fe1f8) locale list changing from [] to [en-US]
09-30 11:21:24.736  9382  9398 I .apps.wellbeing: AssetManager2(0x7f54f70fb958) locale list changing from [] to [en-US]
09-30 11:21:24.738  9382  9398 I .apps.wellbeing: AssetManager2(0x7f54f70faff8) locale list changing from [] to [en-US]
09-30 11:21:24.738  9382  9398 I .apps.wellbeing: AssetManager2(0x7f54f70fded8) locale list changing from [] to [en-US]
09-30 11:21:24.740  9382  9398 I .apps.wellbeing: AssetManager2(0x7f54f70fcf38) locale list changing from [] to [en-US]
09-30 11:21:24.742  9382  9398 I .apps.wellbeing: AssetManager2(0x7f54f70f7ad8) locale list changing from [] to [en-US]
09-30 11:21:24.745  9382  9398 I .apps.wellbeing: AssetManager2(0x7f54f70e6af8) locale list changing from [] to [en-US]
09-30 11:21:24.748  9382  9398 I .apps.wellbeing: AssetManager2(0x7f54f70f45b8) locale list changing from [] to [en-US]
09-30 11:21:24.750  9382  9398 I .apps.wellbeing: AssetManager2(0x7f54f70f0a58) locale list changing from [] to [en-US]
09-30 11:21:24.751  9382  9398 I .apps.wellbeing: AssetManager2(0x7f54f70f2358) locale list changing from [] to [en-US]
09-30 11:21:24.754  9382  9398 I .apps.wellbeing: AssetManager2(0x7f54f70e99d8) locale list changing from [] to [en-US]
09-30 11:21:24.757  9382  9398 I .apps.wellbeing: AssetManager2(0x7f54f70f32f8) locale list changing from [] to [en-US]
09-30 11:21:24.760  9382  9398 I .apps.wellbeing: AssetManager2(0x7f54f70edb78) locale list changing from [] to [en-US]
09-30 11:21:24.763  9382  9398 I .apps.wellbeing: AssetManager2(0x7f54f70e2638) locale list changing from [] to [en-US]
09-30 11:21:24.765  9382  9398 I .apps.wellbeing: AssetManager2(0x7f54f70ef478) locale list changing from [] to [en-US]
09-30 11:21:24.769  9382  9398 I .apps.wellbeing: AssetManager2(0x7f54f70da938) locale list changing from [] to [en-US]
09-30 11:21:24.771  9382  9398 I .apps.wellbeing: AssetManager2(0x7f54f70ef158) locale list changing from [] to [en-US]
09-30 11:21:24.774  9382  9398 I .apps.wellbeing: AssetManager2(0x7f54f70f19f8) locale list changing from [] to [en-US]
09-30 11:21:24.776  9382  9398 I .apps.wellbeing: AssetManager2(0x7f54f70eb2d8) locale list changing from [] to [en-US]
09-30 11:21:24.778  9382  9398 I .apps.wellbeing: AssetManager2(0x7f54f71013f8) locale list changing from [] to [en-US]
09-30 11:21:24.782  9382  9398 I .apps.wellbeing: AssetManager2(0x7f54f70e7778) locale list changing from [] to [en-US]
09-30 11:21:24.784  9382  9398 I .apps.wellbeing: AssetManager2(0x7f54f70e1cd8) locale list changing from [] to [en-US]
09-30 11:21:24.786  9382  9398 I .apps.wellbeing: AssetManager2(0x7f54f70e9398) locale list changing from [] to [en-US]
09-30 11:21:24.789  9382  9398 I .apps.wellbeing: AssetManager2(0x7f54f7105278) locale list changing from [] to [en-US]
09-30 11:21:24.792  9382  9398 I .apps.wellbeing: AssetManager2(0x7f54f7103658) locale list changing from [] to [en-US]
09-30 11:21:24.793  9382  9398 I .apps.wellbeing: AssetManager2(0x7f54f71071b8) locale list changing from [] to [en-US]
09-30 11:21:24.795  9382  9398 I .apps.wellbeing: AssetManager2(0x7f54f70ec598) locale list changing from [] to [en-US]
09-30 11:21:24.798  9382  9398 I .apps.wellbeing: AssetManager2(0x7f54f7100db8) locale list changing from [] to [en-US]
09-30 11:21:24.799  9382  9398 I .apps.wellbeing: AssetManager2(0x7f54f70e3c18) locale list changing from [] to [en-US]
09-30 11:21:24.801  9382  9398 I .apps.wellbeing: AssetManager2(0x7f54f71010d8) locale list changing from [] to [en-US]
09-30 11:21:24.803  9382  9398 I .apps.wellbeing: AssetManager2(0x7f54f7100138) locale list changing from [] to [en-US]
09-30 11:21:24.805  9382  9398 I .apps.wellbeing: AssetManager2(0x7f54f70e6e18) locale list changing from [] to [en-US]
09-30 11:21:24.807  9382  9398 I .apps.wellbeing: AssetManager2(0x7f54f71074d8) locale list changing from [] to [en-US]
09-30 11:21:24.809  9382  9398 I .apps.wellbeing: AssetManager2(0x7f54f70eee38) locale list changing from [] to [en-US]
09-30 11:21:24.812  9382  9398 I .apps.wellbeing: AssetManager2(0x7f54f70e19b8) locale list changing from [] to [en-US]
09-30 11:21:24.815  9382  9398 I .apps.wellbeing: AssetManager2(0x7f54f70e1698) locale list changing from [] to [en-US]
09-30 11:21:24.817  9382  9398 I .apps.wellbeing: AssetManager2(0x7f54f70eac98) locale list changing from [] to [en-US]
09-30 11:21:24.818  9382  9398 I .apps.wellbeing: AssetManager2(0x7f54f70fe838) locale list changing from [] to [en-US]
09-30 11:21:24.820  9382  9398 I .apps.wellbeing: AssetManager2(0x7f54f70f9d38) locale list changing from [] to [en-US]
09-30 11:21:24.823  9382  9398 I .apps.wellbeing: AssetManager2(0x7f54f70e2318) locale list changing from [] to [en-US]
09-30 11:21:24.826  9382  9398 I .apps.wellbeing: AssetManager2(0x7f54f70f93d8) locale list changing from [] to [en-US]
09-30 11:21:24.829  9382  9398 I .apps.wellbeing: AssetManager2(0x7f54f70da2f8) locale list changing from [] to [en-US]
09-30 11:21:24.832  9382  9398 I .apps.wellbeing: AssetManager2(0x7f54f70e4578) locale list changing from [] to [en-US]
09-30 11:21:24.836  9382  9398 I .apps.wellbeing: AssetManager2(0x7f54f70f3c58) locale list changing from [] to [en-US]
09-30 11:21:24.838  9382  9398 I .apps.wellbeing: AssetManager2(0x7f54f70e8a38) locale list changing from [] to [en-US]
09-30 11:21:24.840  9382  9398 I .apps.wellbeing: AssetManager2(0x7f54f70fa378) locale list changing from [] to [en-US]
09-30 11:21:24.843  9382  9398 I .apps.wellbeing: AssetManager2(0x7f54f70fc5d8) locale list changing from [] to [en-US]
09-30 11:21:24.846  9382  9398 I .apps.wellbeing: AssetManager2(0x7f54f70ff7d8) locale list changing from [] to [en-US]
09-30 11:21:24.848  9382  9398 I .apps.wellbeing: AssetManager2(0x7f54f70f90b8) locale list changing from [] to [en-US]
09-30 11:21:24.851  9382  9398 I .apps.wellbeing: AssetManager2(0x7f54f70ebf58) locale list changing from [] to [en-US]
09-30 11:21:24.853  9382  9398 I .apps.wellbeing: AssetManager2(0x7f54f70f3938) locale list changing from [] to [en-US]
09-30 11:21:24.859  9382  9398 I .apps.wellbeing: AssetManager2(0x7f54f70f00f8) locale list changing from [] to [en-US]
09-30 11:21:24.864  9382  9398 I .apps.wellbeing: AssetManager2(0x7f54f71042d8) locale list changing from [] to [en-US]
09-30 11:21:24.867  9382  9398 I .apps.wellbeing: AssetManager2(0x7f54f70e9cf8) locale list changing from [] to [en-US]
09-30 11:21:24.870  9382  9398 I .apps.wellbeing: AssetManager2(0x7f54f70fd898) locale list changing from [] to [en-US]
09-30 11:21:24.874  9382  9398 I .apps.wellbeing: AssetManager2(0x7f54f70fa058) locale list changing from [] to [en-US]
09-30 11:21:24.877  9382  9398 I .apps.wellbeing: AssetManager2(0x7f54f70eeb18) locale list changing from [] to [en-US]
09-30 11:21:24.883  9382  9398 I .apps.wellbeing: AssetManager2(0x7f54f7100a98) locale list changing from [] to [en-US]
09-30 11:21:24.886  9382  9398 I .apps.wellbeing: AssetManager2(0x7f54f7106218) locale list changing from [] to [en-US]
09-30 11:21:24.893  9382  9398 I .apps.wellbeing: AssetManager2(0x7f54f71077f8) locale list changing from [] to [en-US]
09-30 11:21:24.897  9382  9398 I .apps.wellbeing: AssetManager2(0x7f54f7106e98) locale list changing from [] to [en-US]
09-30 11:21:24.899  9382  9398 I .apps.wellbeing: AssetManager2(0x7f54f7105598) locale list changing from [] to [en-US]
09-30 11:21:24.902  9382  9398 I .apps.wellbeing: AssetManager2(0x7f54f70ff4b8) locale list changing from [] to [en-US]
09-30 11:21:24.904  9382  9398 I .apps.wellbeing: AssetManager2(0x7f54f70f7df8) locale list changing from [] to [en-US]
09-30 11:21:24.906  9382  9398 I .apps.wellbeing: AssetManager2(0x7f54f70f0738) locale list changing from [] to [en-US]
09-30 11:21:24.910  9382  9398 I .apps.wellbeing: AssetManager2(0x7f54f70f3618) locale list changing from [] to [en-US]
09-30 11:21:24.912  9382  9398 I .apps.wellbeing: AssetManager2(0x7f54f70f8118) locale list changing from [] to [en-US]
09-30 11:21:24.913  9382  9398 I .apps.wellbeing: AssetManager2(0x7f54f70eb918) locale list changing from [] to [en-US]
09-30 11:21:24.917  9382  9398 I .apps.wellbeing: AssetManager2(0x7f54f70ea978) locale list changing from [] to [en-US]
09-30 11:21:24.921  9382  9398 I .apps.wellbeing: AssetManager2(0x7f54f70e9078) locale list changing from [] to [en-US]
09-30 11:21:24.925  9382  9398 I .apps.wellbeing: AssetManager2(0x7f54f70fee78) locale list changing from [] to [en-US]
09-30 11:21:24.927  9382  9398 I .apps.wellbeing: AssetManager2(0x7f54f70ea018) locale list changing from [] to [en-US]
09-30 11:21:24.929  9382  9398 I .apps.wellbeing: AssetManager2(0x7f54f70f3c58) locale list changing from [] to [en-US]
09-30 11:21:24.930  9382  9398 I .apps.wellbeing: AssetManager2(0x7f54f70db8d8) locale list changing from [] to [en-US]
09-30 11:21:24.933  9382  9398 I .apps.wellbeing: AssetManager2(0x7f54f70ffe18) locale list changing from [] to [en-US]
09-30 11:21:26.291  2503  2832 I Finsky  : [50] WM::SCH: Logging work initialize for 37-176
09-30 11:21:26.304  2503  2832 I Finsky  : [50] WM::SCH: Logging work initialize for 12-1
09-30 11:21:26.309  2503  2832 I Finsky  : [50] WM::SCH: Logging work initialize for 12-1
09-30 11:21:26.311  2503  2906 I Finsky  : [63] SCH: Scheduling phonesky job Id: 37-176, CT: 1759211483852, Constraints: [{ L: 0, D: 0, C: CHARGING_NONE, I: IDLE_NONE, N: NET_NONE, B: BATTERY_ANY }, { L: 0, D: 0, C: CHARGING_NONE, I: IDLE_NONE, N: NET_NONE, B: BATTERY_ANY }]
09-30 11:21:26.319  2503  2892 I Finsky  : [58] SCH: Scheduling 1 system job(s)
09-30 11:21:26.319  2503  2892 I Finsky  : [58] SCH: Scheduling expedited system job 9037
09-30 11:21:26.320  2503  2837 I Finsky  : [53] WM::SCH: Logging work initialize for 37-175
09-30 11:21:26.332  2503  2503 I Finsky  : [2] SCH: job service start with id 9037.
09-30 11:21:26.336  2503  2915 I Finsky  : [69] SCH: Scheduling phonesky job Id: 12-1, CT: 1759211483410, Constraints: [{ L: 15000, D: 86400000, C: CHARGING_NONE, I: IDLE_NONE, N: NET_ANY, B: BATTERY_ANY }]
09-30 11:21:26.345  2503  2892 I Finsky  : [58] SCH: Scheduling 1 system job(s)
09-30 11:21:26.345  2503  2892 I Finsky  : [58] SCH: Scheduling system job Id: 9038, L: 12065, D: 52768163, C: false, I: false, N: 1
09-30 11:21:26.348  2503 10637 I Finsky  : [334] SCH: Satisfied jobs for 9037 are: 37-175, 37-176
09-30 11:21:26.353  2503  2832 I Finsky  : [50] [ContentSync] finished, scheduled=true
09-30 11:21:26.353  2503  2867 I Finsky  : [54] SCH: Scheduling phonesky job Id: 12-1, CT: 1759211480503, Constraints: [{ L: 15000, D: 86400000, C: CHARGING_NONE, I: IDLE_NONE, N: NET_ANY, B: BATTERY_ANY }]
09-30 11:21:26.354  2503 10724 I Finsky  : [349] SCH: Job 37-175 starting
09-30 11:21:26.355  2503 10724 I Finsky  : [349] SCH: Job 37-176 starting
09-30 11:21:26.357  2503  2503 I Finsky  : [2] WM::SCH: Logging work start for 37-175
09-30 11:21:26.360  2503  2906 I Finsky  : [63] SCH: Scheduling 1 system job(s)
09-30 11:21:26.360  2503  2906 I Finsky  : [63] SCH: Scheduling system job Id: 9038, L: 9143, D: 52768148, C: false, I: false, N: 1
09-30 11:21:26.365  2503  2503 I Finsky  : [2] Received an install/uninstall event for package com.sellerapp2
09-30 11:21:26.369  2503  2837 I Finsky  : [53] [ContentSync] finished, scheduled=true
09-30 11:21:26.369  2503  2915 I Finsky  : [69] SCH: Scheduling phonesky job Id: 37-175, CT: 1759211481097, Constraints: [{ L: 0, D: 0, C: CHARGING_NONE, I: IDLE_NONE, N: NET_NONE, B: BATTERY_ANY }, { L: 0, D: 0, C: CHARGING_NONE, I: IDLE_NONE, N: NET_NONE, B: BATTERY_ANY }]
09-30 11:21:26.369  2503  2503 I Finsky  : [2] SCH: jobFinished: 37-175. TimeElapsed: 14ms.
09-30 11:21:26.370  2503  2503 I Finsky  : [2] WM::SCH: Logging work end for 37-175
09-30 11:21:26.375  2503  2906 I Finsky  : [63] Not an active Cubes user. Ignoring package install/uninstall event.
09-30 11:21:26.375  2503  2503 I Finsky  : [2] WM::SCH: Logging work start for 37-176
09-30 11:21:26.376  2503  2503 I Finsky  : [2] Received an install/uninstall event for package com.sellerapp2
09-30 11:21:26.377  2503  2503 I Finsky  : [2] SCH: jobFinished: 37-176. TimeElapsed: 2ms.
09-30 11:21:26.377  2503  2503 I Finsky  : [2] WM::SCH: Logging work end for 37-176
09-30 11:21:26.378  2503  2867 I Finsky  : [54] SCH: Scheduling 0 system job(s)
09-30 11:21:26.378  2503  2867 I Finsky  : [54] Not an active Cubes user. Ignoring package install/uninstall event.
09-30 11:21:26.398  2503  2906 I Finsky  : [63] SCH: Scheduling phonesky job Id: 26-1414141414, CT: 1759207669593, Constraints: [{ L: 43200000, D: 44100000, C: CHARGING_NONE, I: IDLE_NONE, N: NET_NONE, B: BATTERY_ANY }]
09-30 11:21:26.401  2503  2915 I Finsky  : [69] SCH: Scheduling 1 system job(s)
09-30 11:21:26.401  2503  2915 W JobInfo : Job 'com.android.vending/com.google.android.finsky.scheduler.process.mainimpl.PhoneskyJobServiceMain#9045' has a deadline with no functional constraints. The deadline won't improve job execution latency. Consider removing the deadline.
09-30 11:21:26.401  2503  2915 I Finsky  : [69] SCH: Scheduling system job Id: 9045, L: 39383192, D: 40283192, C: false, I: false, N: 0
09-30 11:21:26.402   747  1046 W JobInfo : Job 'com.android.vending/com.google.android.finsky.scheduler.process.mainimpl.PhoneskyJobServiceMain#9045' has a deadline with no functional constraints. The deadline won't improve job execution latency. Consider removing the deadline.
09-30 11:21:26.406  2503 10724 I Finsky  : [349] SCH: job service finished with id 9037.
09-30 11:21:26.574  1117  1366 D SatelliteController: iisInCarrierRoamingNbIotNtn: satellite is disabled
09-30 11:21:26.865  3025  3025 I Finsky:background: [2] Memory trim requested to level 40
09-30 11:21:26.865  2503  2503 I Finsky  : [2] Memory trim requested to level 40
09-30 11:21:26.867  2503  2503 I Finsky  : [2] Flushing in-memory image cache
09-30 11:21:27.825 10667 10667 I AidlLazyServiceRegistrar: Process has 0 (of 2 available) client(s) in use after notification android.system.virtualizationmaintenance has clients: 0
09-30 11:21:27.825 10667 10667 I AidlLazyServiceRegistrar: Trying to shut down the service. No clients in use for any service in process.
09-30 11:21:27.835 10667 10667 I AidlLazyServiceRegistrar: Unregistered all clients and exiting
09-30 11:21:29.313  1136  1136 D b/387844520: getOutlineOffsetX: measured width = 173, mNormalizedIconSize = 159, last updated width = 173
09-30 11:21:29.315  1136  1188 W HWUI    : Image decoding logging dropped!
09-30 11:21:29.316  1136  1188 W HWUI    : Image decoding logging dropped!
09-30 11:21:29.323   747  2062 W AS.PlaybackActivityMon: No piid assigned for invalid/internal port id 15
09-30 11:21:29.332   598   697 D AudioFlinger: mixer(0x76cad780f770) throttle end: throttle time(32)
09-30 11:21:29.337   747   817 I system_server: AssetManager2(0x7f54f71b8738) locale list changing from [] to [en-US]
09-30 11:21:29.338   747   817 V GrammaticalInflectionUtils: AttributionSource: android.content.AttributionSource@a3ff8043 does not have READ_SYSTEM_GRAMMATICAL_GENDER permission.
09-30 11:21:29.342   747   817 W OptProp : Cannot read opt property android.window.PROPERTY_COMPAT_ALLOW_USER_ASPECT_RATIO_OVERRIDE
09-30 11:21:29.342   747   817 W OptProp : Cannot read opt property android.window.PROPERTY_COMPAT_ALLOW_USER_ASPECT_RATIO_FULLSCREEN_OVERRIDE
09-30 11:21:29.342   747   817 W OptProp : Cannot read opt property android.window.PROPERTY_COMPAT_ALLOW_RESIZEABLE_ACTIVITY_OVERRIDES
09-30 11:21:29.343   747   817 W OptProp : Cannot read opt property android.window.PROPERTY_COMPAT_ALLOW_MIN_ASPECT_RATIO_OVERRIDE
09-30 11:21:29.347   747   817 W OptProp : Cannot read opt property android.window.PROPERTY_COMPAT_ALLOW_ORIENTATION_OVERRIDE
09-30 11:21:29.352   747   817 I ActivityTaskManager: START u0 {act=android.intent.action.MAIN cat=[android.intent.category.LAUNCHER] flg=0x10200000 xflg=0x4 cmp=com.sellerapp2/.MainActivity bnds=[824,1873][997,2068]} with LAUNCH_SINGLE_TASK from uid 10180 (sr=180241329) (BAL_ALLOW_VISIBLE_WINDOW) result code=0
09-30 11:21:29.352   988  1038 V WindowManagerShell: Transition requested (#83): android.os.BinderProxy@5fb6689 TransitionRequestInfo { type = OPEN, triggerTask = TaskInfo{userId=0 taskId=478 effectiveUid=10227 displayId=0 isRunning=true baseIntent=Intent { act=android.intent.action.MAIN cat=[android.intent.category.LAUNCHER] flg=0x10200000 cmp=com.sellerapp2/.MainActivity } baseActivity=ComponentInfo{com.sellerapp2/com.sellerapp2.MainActivity} topActivity=ComponentInfo{com.sellerapp2/com.sellerapp2.MainActivity} origActivity=null realActivity=ComponentInfo{com.sellerapp2/com.sellerapp2.MainActivity} numActivities=1 lastActiveTime=4850643 supportsMultiWindow=true resizeMode=1 isResizeable=true minWidth=-1 minHeight=-1 defaultMinSize=220 token=WCT{android.window.IWindowContainerToken$Stub$Proxy@c3e968e} topActivityType=1 pictureInPictureParams=null shouldDockBigOverlays=false launchIntoPipHostTaskId=-1 lastParentTaskIdBeforePip=-1 displayCutoutSafeInsets=Rect(0, 0 - 0, 0) topActivityInfo=ActivityInfo{8598eaf com.sellerapp2.MainActivity} launchCookies=[android.os.BinderProxy@1f542bc] positionInParent=Point(0, 0) parentTaskId=-1 isFocused=false isVisible=false isVisibleRequested=false isTopActivityNoDisplay=false isSleeping=false locusId=null displayAreaFeatureId=1 isTopActivityTransparent=false isActivityStackTransparent=false lastNonFullscreenBounds=Rect(284, 660 - 796, 1740) capturedLink=null capturedLinkTimestamp=0 requestedVisibleTypes=-9 topActivityRequestOpenInBrowserEducationTimestamp=0 appCompatTaskInfo=AppCompatTaskInfo { topActivityInSizeCompat=false eligibleForLetterboxEducation= false isLetterboxEducationEnabled= true isLetterboxDoubleTapEnabled= false eligibleForUserAspectRatioButton= false topActivityBoundsLetterboxed= false isFromLetterboxDoubleTap= false topActivityLetterboxVerticalPosition= -1 topActivityLetterboxHorizontalPosition= -1 topActivityLetterboxWidth=-1 topActivityLetterboxHeight=-1 topActivityAppBounds=Rect(0, 0 - 1080, 2400) isUserFullscreenOverrideEnabled=false isSystemFullscreenOverrideEnabled=false hasMinAspectRatioOverride=false topActivityLetterboxBounds=null cameraCompatTaskInfo=CameraCompatTaskInfo { freeformCameraCompatMode=inactive}} topActivityMainWindowFrame=null}, pipChange = null, remoteTransition = RemoteTransition { remoteTransition = android.window.IRemoteTransition$Stub$Proxy@92ae245, appThread = android.app.IApplicationThread$Stub$Proxy@e918d9a, debugName = QuickstepLaunch }, displayChange = null, flags = 0, debugId = 83 }
09-30 11:21:29.352   988  1038 D ShellSplitScreen: logExit: no-op, mLoggerSessionId is null
09-30 11:21:29.352   988  1038 V WindowManagerShell: RemoteTransition directly requested for (#83) android.os.BinderProxy@5fb6689: RemoteTransition { remoteTransition = android.window.IRemoteTransition$Stub$Proxy@92ae245, appThread = android.app.IApplicationThread$Stub$Proxy@e918d9a, debugName = QuickstepLaunch }
09-30 11:21:29.353   988  1059 I ndroid.systemui: AssetManager2(0x7f54f7122a58) locale list changing from [] to [en-US]
09-30 11:21:29.354   747   818 D CompatChangeReporter: Compat change id reported: 377864165; UID 10227; state: ENABLED
09-30 11:21:29.355  1136  1136 D StatsLog: LAUNCHER_APP_LAUNCH_TAP
09-30 11:21:29.358  1136  1136 D StatsLog: LAUNCHER_HOTSEAT_RANKED
09-30 11:21:29.358   988  1038 V WindowManagerShell: Transition (#83): request handled by DefaultMixedHandler
09-30 11:21:29.360  1136  1188 D QuickstepModelDelegate: notifyAppTargetEvent action=1 launchLocation=predictions/hotseat
09-30 11:21:29.360   747   771 V GrammaticalInflectionUtils: AttributionSource: android.content.AttributionSource@a3ff8043 does not have READ_SYSTEM_GRAMMATICAL_GENDER permission.
09-30 11:21:29.364   602   711 I BpBinder: onLastStrongRef automatically unlinking death recipients:
09-30 11:21:29.366  1136  1136 W SplitSelectStateCtor: Missing session instanceIds
09-30 11:21:29.366  1136  1136 D StatsLog: LAUNCHER_SPLIT_SELECTION_EXIT_INTERRUPTED
09-30 11:21:29.367   988  1060 W HWUI    : Image decoding logging dropped!
09-30 11:21:29.369   602   602 I BpBinder: onLastStrongRef automatically unlinking death recipients:
09-30 11:21:29.370   988  1038 D WindowManagerShell: setLauncherKeepClearAreaHeight: visible=false, height=527
09-30 11:21:29.374   747  2062 I AppsFilter: interaction: PackageSetting{fbc1868 com.android.microdroid.empty_payload/10190} -> PackageSetting{f90e4e6 com.sellerapp2/10227} BLOCKED
09-30 11:21:29.375   747  2062 I AppsFilter: interaction: PackageSetting{80a926 com.goatgoat.app/10216} -> PackageSetting{f90e4e6 com.sellerapp2/10227} BLOCKED
09-30 11:21:29.383   747   946 D BackgroundInstallControlService: Package event received: 0
09-30 11:21:29.392   747   860 I system_server: AssetManager2(0x7f54f726ac58) locale list changing from [] to [en-US]
09-30 11:21:29.397   747   860 I system_server: AssetManager2(0x7f54f71ba678) locale list changing from [] to [en-US]
09-30 11:21:29.401   526   526 D Zygote  : Forked child process 10729
09-30 11:21:29.411   747   782 W ActivityManager: Slow operation: 51ms so far, now at startProcess: returned from zygote!
09-30 11:21:29.412   747   782 W ActivityManager: Slow operation: 52ms so far, now at startProcess: done updating battery stats
09-30 11:21:29.412   747   782 W ActivityManager: Slow operation: 52ms so far, now at startProcess: building log message
09-30 11:21:29.412   747   782 I ActivityManager: Start proc 10729:com.sellerapp2/u0a227 for next-top-activity {com.sellerapp2/com.sellerapp2.MainActivity}
09-30 11:21:29.412   747   782 W ActivityManager: Slow operation: 52ms so far, now at startProcess: starting to update pids map
09-30 11:21:29.416   747   782 I ActivityManager: ProcessObserver broadcast disabled
09-30 11:21:29.416   747   782 W ActivityManager: Slow operation: 56ms so far, now at startProcess: done updating pids map
09-30 11:21:29.427   988   998 V WindowManagerShell: onTransitionReady(transaction=3208340574047)
09-30 11:21:29.427   747   768 V WindowManager: Sent Transition (#83) createdAt=09-30 11:21:29.344 via request=TransitionRequestInfo { type = OPEN, triggerTask = TaskInfo{userId=0 taskId=478 effectiveUid=10227 displayId=0 isRunning=true baseIntent=Intent { act=android.intent.action.MAIN cat=[android.intent.category.LAUNCHER] flg=0x10200000 cmp=com.sellerapp2/.MainActivity } baseActivity=ComponentInfo{com.sellerapp2/com.sellerapp2.MainActivity} topActivity=ComponentInfo{com.sellerapp2/com.sellerapp2.MainActivity} origActivity=null realActivity=ComponentInfo{com.sellerapp2/com.sellerapp2.MainActivity} numActivities=1 lastActiveTime=4850643 supportsMultiWindow=true resizeMode=1 isResizeable=true minWidth=-1 minHeight=-1 defaultMinSize=220 token=WCT{RemoteToken{bd81322 Task{e11f60c #478 type=standard A=10227:com.sellerapp2}}} topActivityType=1 pictureInPictureParams=null shouldDockBigOverlays=false launchIntoPipHostTaskId=-1 lastParentTaskIdBeforePip=-1 displayCutoutSafeInsets=Rect(0, 0 - 0, 0) topActivityInfo=ActivityInfo{f20b1b3 com.sellerapp2.MainActivity} launchCookies=[android.os.BinderProxy@a826370] positionInParent=Point(0, 0) parentTaskId=-1 isFocused=false isVisible=false isVisibleRequested=false isTopActivityNoDisplay=false isSleeping=false locusId=null displayAreaFeatureId=1 isTopActivityTransparent=false isActivityStackTransparent=false lastNonFullscreenBounds=Rect(284, 660 - 796, 1740) capturedLink=null capturedLinkTimestamp=0 requestedVisibleTypes=-9 topActivityRequestOpenInBrowserEducationTimestamp=0 appCompatTaskInfo=AppCompatTaskInfo { topActivityInSizeCompat=false eligibleForLetterboxEducation= false isLetterboxEducationEnabled= true isLetterboxDoubleTapEnabled= false eligibleForUserAspectRatioButton= false topActivityBoundsLetterboxed= false isFromLetterboxDoubleTap= false topActivityLetterboxVerticalPosition= -1 topActivityLetterboxHorizontalPosition= -1 topActivityLetterboxWidth=-1 topActivityLetterboxHeight=-1 topActivityAppBounds=Rect(0, 0 - 1080, 2400) isUserFullscreenOverrideEnabled=false isSystemFullscreenOverrideEnabled=false hasMinAspectRatioOverride=false topActivityLetterboxBounds=null cameraCompatTaskInfo=CameraCompatTaskInfo { freeformCameraCompatMode=inactive}} topActivityMainWindowFrame=null}, pipChange = null, remoteTransition = RemoteTransition { remoteTransition = android.window.IRemoteTransition$Stub$Proxy@3eab60f, appThread = android.app.IApplicationThread$Stub$Proxy@d02469c, debugName = QuickstepLaunch }, displayChange = null, flags = 0, debugId = 83 }
09-30 11:21:29.427   747   768 V WindowManager:     startWCT=WindowContainerTransaction { changes= {} hops= [] errorCallbackToken=null taskFragmentOrganizer=null }
09-30 11:21:29.427   747   768 V WindowManager:     info={id=83 t=OPEN f=0x0 trk=0 r=[0@Point(0, 0)] c=[
09-30 11:21:29.427   747   768 V WindowManager:         {WCT{RemoteToken{bd81322 Task{e11f60c #478 type=standard A=10227:com.sellerapp2}}} m=OPEN f=NONE leash=Surface(name=Task=478)/@0xf525396 sb=Rect(0, 0 - 1080, 2400) eb=Rect(0, 0 - 1080, 2400) epz=Point(1080, 2400) d=0 taskParent=-1},
09-30 11:21:29.427   747   768 V WindowManager:         {WCT{RemoteToken{fd67790 Task{98f9266 #1 type=home}}} m=TO_BACK f=SHOW_WALLPAPER leash=Surface(name=Task=1)/@0x28b73fc sb=Rect(0, 0 - 1080, 2400) eb=Rect(0, 0 - 1080, 2400) epz=Point(1080, 2400) d=0 taskParent=-1},
09-30 11:21:29.427   747   768 V WindowManager:         {m=TO_BACK f=IS_WALLPAPER leash=Surface(name=WallpaperWindowToken{e18ba85 showWhenLocked=false})/@0xa10bcef sb=Rect(0, 0 - 1080, 2400) eb=Rect(0, 0 - 1080, 2400) epz=Point(1080, 2400) d=0}
09-30 11:21:29.427   747   768 V WindowManager:     ]}
09-30 11:21:29.427   988  1038 V WindowManagerShell: onTransitionReady (#83) android.os.BinderProxy@5fb6689: {id=83 t=OPEN f=0x0 trk=0 r=[0@Point(0, 0)] c=[
09-30 11:21:29.427   988  1038 V WindowManagerShell:         {m=OPEN f=NONE leash=Surface(name=Task=478)/@0xb7add69 sb=Rect(0, 0 - 1080, 2400) eb=Rect(0, 0 - 1080, 2400) epz=Point(1080, 2400) d=0 taskParent=-1},
09-30 11:21:29.427   988  1038 V WindowManagerShell:         {m=TO_BACK f=SHOW_WALLPAPER leash=Surface(name=Task=1)/@0xafc73ee sb=Rect(0, 0 - 1080, 2400) eb=Rect(0, 0 - 1080, 2400) epz=Point(1080, 2400) d=0 taskParent=-1},
09-30 11:21:29.427   988  1038 V WindowManagerShell:         {m=TO_BACK f=IS_WALLPAPER leash=Surface(name=WallpaperWindowToken{e18ba85 showWhenLocked=false})/@0xe4108f sb=Rect(0, 0 - 1080, 2400) eb=Rect(0, 0 - 1080, 2400) epz=Point(1080, 2400) d=0}
09-30 11:21:29.427   988  1038 V WindowManagerShell:     ]}
09-30 11:21:29.428   988  1038 V WindowManagerShell: Playing animation for (#83) android.os.BinderProxy@5fb6689@0
09-30 11:21:29.428   988  1038 V WindowManagerShell:  try firstHandler com.android.wm.shell.transition.DefaultMixedHandler@a2a8546
09-30 11:21:29.433   988  1038 V WindowManagerShell: Mixed transition for opening an intent with a remote transition and PIP or Desktop #83
09-30 11:21:29.433   988  1038 V WindowManagerShell: tryAnimateOpenIntentWithRemoteAndPipOrDesktop
09-30 11:21:29.434   988  1038 V WindowManagerShell:  Delegate animation for (#83) to RemoteTransition { remoteTransition = android.window.IRemoteTransition$Stub$Proxy@92ae245, appThread = android.app.IApplicationThread$Stub$Proxy@e918d9a, debugName = QuickstepLaunch }
09-30 11:21:29.436   988  1038 V WindowManagerShell:  animated by firstHandler
09-30 11:21:29.449  1136  1136 D BaseDepthController: mSurface is null and mCurrentBlur is: 0
09-30 11:21:29.449  1136  1136 D BaseDepthController: mSurface is null and mCurrentBlur is: 0
09-30 11:21:29.462  1136  1136 D BaseDepthController: mSurface is null and mCurrentBlur is: 0
09-30 11:21:29.488   547   547 I RanchuHwc: logCompositionFallbackIfChanged: layer 166 CompositionType fallback from 2 to 1
09-30 11:21:29.488   547   547 I RanchuHwc: logCompositionFallbackIfChanged: layer 167 CompositionType fallback from 2 to 1
09-30 11:21:29.505  1136  1136 D BaseDepthController: mSurface is null and mCurrentBlur is: 0
09-30 11:21:29.516   747  1046 W HWUI    : Image decoding logging dropped!
09-30 11:21:29.518 10729 10729 I com.sellerapp2: Using CollectorTypeCMC GC.
09-30 11:21:29.519  1136  1136 D BaseDepthController: mSurface is null and mCurrentBlur is: 0
09-30 11:21:29.520 10729 10729 W com.sellerapp2: Unexpected CPU variant for x86: x86_64.
09-30 11:21:29.520 10729 10729 W com.sellerapp2: Known variants: atom, sandybridge, silvermont, goldmont, goldmont-plus, goldmont-without-sha-xsaves, tremont, kabylake, alderlake, default
09-30 11:21:29.535   747  4679 W HWUI    : Failed to choose config with EGL_SWAP_BEHAVIOR_PRESERVED, retrying without...
09-30 11:21:29.536   747  4679 W HWUI    : Failed to initialize 101010-2 format, error = EGL_SUCCESS
09-30 11:21:29.538 10729 10729 E com.sellerapp2: Not starting debugger since process cannot load the jdwp agent.
09-30 11:21:29.539  1136  1136 D BaseDepthController: mSurface is null and mCurrentBlur is: 0
09-30 11:21:29.561  1136  1136 D BaseDepthController: mSurface is null and mCurrentBlur is: 0
09-30 11:21:29.567 10729 10729 D nativeloader: Load libframework-connectivity-tiramisu-jni.so using APEX ns com_android_tethering for caller /apex/com.android.tethering/javalib/framework-connectivity-t.jar: ok
09-30 11:21:29.571  1136  1136 D BaseDepthController: mSurface is null and mCurrentBlur is: 0
09-30 11:21:29.590  1136  1136 D BaseDepthController: mSurface is null and mCurrentBlur is: 0
09-30 11:21:29.607   747   946 D BackgroundInstallControlService: Package event received: 0
09-30 11:21:29.608   747   946 D BackgroundInstallControlService: Package event received: 0
09-30 11:21:29.609  1136  1136 D BaseDepthController: mSurface is null and mCurrentBlur is: 0
09-30 11:21:29.625  1136  1136 D BaseDepthController: mSurface is null and mCurrentBlur is: 0
09-30 11:21:29.645 10729 10729 D ApplicationLoaders: Returning zygote-cached class loader: /system/framework/org.apache.http.legacy.jar
