09-30 11:21:15.280  3947  3947 D PrefCtrlListHelper: Could not find Context-only controller for pref: com.android.settings.applications.appinfo.AppAllServicesPreferenceController
09-30 11:21:15.280  3947  3947 D PrefCtrlListHelper: Could not find Context-only controller for pref: com.android.settings.applications.appinfo.AppNotificationPreferenceController
09-30 11:21:15.280  3947  3947 D PrefCtrlListHelper: Could not find Context-only controller for pref: com.android.settings.applications.appinfo.AppPermissionPreferenceController
09-30 11:21:15.280  3947  3947 D PrefCtrlListHelper: Could not find Context-only controller for pref: com.android.settings.applications.appinfo.AppStoragePreferenceController
09-30 11:21:15.280  3947  3947 D PrefCtrlListHelper: Could not find Context-only controller for pref: com.android.settings.applications.appinfo.InstantAppDomainsPreferenceController
09-30 11:21:15.280  3947  3947 D PrefCtrlListHelper: Could not find Context-only controller for pref: com.android.settings.applications.appinfo.AppDataUsagePreferenceController
09-30 11:21:15.280  3947  3947 D PrefCtrlListHelper: Could not find Context-only controller for pref: com.android.settings.applications.appinfo.TimeSpentInAppPreferenceController
09-30 11:21:15.281  3947  3947 D PrefCtrlListHelper: Could not find Context-only controller for pref: com.android.settings.applications.appinfo.AppLocalePreferenceController
09-30 11:21:15.290  1136  1136 D BaseDepthController: mSurface is null and mCurrentBlur is: 0
09-30 11:21:15.301   747  1607 W ParceledListSlice: Element #18 is 19844 bytes.
09-30 11:21:15.302  3947  3947 D PrefCtrlListHelper: Could not find Context-only controller for pref: com.android.settings.applications.appinfo.AppOpenByDefaultPreferenceController
09-30 11:21:15.303  3947  3947 D PrefCtrlListHelper: Could not find Context-only controller for pref: com.android.settings.applications.appinfo.AppHibernationPreferenceCategoryController
09-30 11:21:15.303  3947  3947 D PrefCtrlListHelper: Could not find Context-only controller for pref: com.android.settings.applications.appinfo.HibernationSwitchPreferenceController
09-30 11:21:15.303  3947  3947 D PrefCtrlListHelper: Could not find Context-only controller for pref: com.android.settings.applications.appinfo.AdvancedAppInfoPreferenceCategoryController
09-30 11:21:15.303  3947  3947 D PrefCtrlListHelper: Could not find Context-only controller for pref: com.android.settings.applications.appinfo.DrawOverlayDetailPreferenceController
09-30 11:21:15.303  3947  3947 D PrefCtrlListHelper: Could not find Context-only controller for pref: com.android.settings.applications.appinfo.WriteSystemSettingsPreferenceController
09-30 11:21:15.307  3947  3947 D PrefCtrlListHelper: Could not find Context-only controller for pref: com.android.settings.applications.specialaccess.pictureinpicture.PictureInPictureDetailPreferenceController
09-30 11:21:15.310  1136  1136 D BaseDepthController: mSurface is null and mCurrentBlur is: 0
09-30 11:21:15.311  3947  3947 D PrefCtrlListHelper: Could not find Context-only controller for pref: com.android.settings.applications.appinfo.ExternalSourceDetailPreferenceController
09-30 11:21:15.311  3947  3947 D PrefCtrlListHelper: Could not find Context-only controller for pref: com.android.settings.applications.specialaccess.interactacrossprofiles.InteractAcrossProfilesDetailsPreferenceController
09-30 11:21:15.312  3947  3947 D PrefCtrlListHelper: Could not find Context-only controller for pref: com.android.settings.applications.appinfo.AlarmsAndRemindersDetailPreferenceController
09-30 11:21:15.313  3947  3947 D PrefCtrlListHelper: Could not find Context-only controller for pref: com.android.settings.applications.appinfo.LongBackgroundTasksDetailsPreferenceController
09-30 11:21:15.313  3947  3947 D PrefCtrlListHelper: Could not find Context-only controller for pref: com.android.settings.applications.appinfo.AppInstallerPreferenceCategoryController
09-30 11:21:15.313  3947  3947 D PrefCtrlListHelper: Could not find Context-only controller for pref: com.android.settings.applications.appinfo.AppInstallerInfoPreferenceController
09-30 11:21:15.313  3947  3947 D PrefCtrlListHelper: Could not find Context-only controller for pref: com.android.settings.applications.appinfo.AppVersionPreferenceController
09-30 11:21:15.323  3947  3947 E Settings: Unable to find info for package: null
09-30 11:21:15.325  1136  1136 D BaseDepthController: mSurface is null and mCurrentBlur is: 0
09-30 11:21:15.328  1136  1136 D BaseDepthController: mSurface is null and mCurrentBlur is: 0
09-30 11:21:15.332  3947  3947 D SettingsActivity: MetricsCategory is 20
09-30 11:21:15.333   988  1038 V WindowManagerShell: Transition animation finished (aborted=false), notifying core (#78) android.os.BinderProxy@c04baea@0
09-30 11:21:15.343   988  1038 V WindowManagerShell: Track 0 became idle
09-30 11:21:15.343   988  1038 V WindowManagerShell: All active transition animations finished
09-30 11:21:15.343   747   768 V WindowManager: Finish Transition (#78): created at 09-30 11:21:14.509 collect-started=0.025ms request-sent=17.236ms started=33.576ms ready=85.08ms sent=257.694ms commit=51.779ms finished=826.29ms
09-30 11:21:15.352   747   871 D ActivityManager: sync unfroze 9382 com.google.android.apps.wellbeing for 7
09-30 11:21:15.364  1136  1136 D VRI[NexusLauncherActivity]: visibilityChanged oldVisibility=true newVisibility=false
09-30 11:21:15.364  1136  1136 D NexusLauncherModelDelegate: notifySmartspaceEvent: SmartspaceTargetEvent{mSmartspaceTarget=null, mSmartspaceActionId='null', mEventType=7}
09-30 11:21:15.367   747   946 D BackgroundInstallControlService: Package event received: 0
09-30 11:21:15.435  3947 10059 D BatteryUsageContentProvider: getLastFullChargeTimestamp() in 13/ms
09-30 11:21:15.466  3947 10059 D DatabaseUtils: getLastFullChargeTime() lastFullChargeTime=Jan 01, 1970, 05:30:00 in 47/ms
09-30 11:21:15.468  3947  3947 I ndroid.settings: AssetManager2(0x7f54f70eb2d8) locale list changing from [] to [en-US]
09-30 11:21:15.468  3947 10059 D DatabaseUtils: sixDaysAgoTimestamp: Sep 24, 2025, 00:00:00
09-30 11:21:15.469  3947 10059 D BatteryUsageContentProvider: getQueryTimestamp from uri: content://com.android.settings.battery.usage.provider/BatteryState?timestamp=1758652200000
09-30 11:21:15.469  3947 10059 D BatteryUsageContentProvider: getBatteryStates() after 1758652200000 in 0/ms
09-30 11:21:15.472  3947  3947 I AppLocaleUtil: Can display preference - [com.sellerapp2] : isDisallowedPackage : false / isSignedWithPlatformKey : false / hasLauncherEntry : true / canDisplay : false / 1.1
09-30 11:21:15.473  3947 10059 D DatabaseUtils: getBatteryHistoryMap() size=13 in 5/ms
09-30 11:21:15.473  3947 10059 D BatteryChartPreferenceController: getBatterySinceLastFullChargeUsageData() size=13 time=83/ms
09-30 11:21:15.475  3947  3947 I AppLocaleUtil: Can display preference - [com.sellerapp2] : isDisallowedPackage : false / isSignedWithPlatformKey : false / hasLauncherEntry : true / canDisplay : false / 1.1
09-30 11:21:15.481  3947 10059 D DataProcessor: getHistoryMapWithExpectedTimestamps() size=122 in 3/ms
09-30 11:21:15.481  3947 10059 E DataProcessor: abnormal entry list in the timestamp:Sep 25, 2025, 15:00:00
09-30 11:21:15.481  3947 10059 E DataProcessor: abnormal entry list in the timestamp:Sep 25, 2025, 16:00:00
09-30 11:21:15.481  3947 10059 E DataProcessor: abnormal entry list in the timestamp:Sep 25, 2025, 19:00:00
09-30 11:21:15.481  3947 10059 E DataProcessor: abnormal entry list in the timestamp:Sep 25, 2025, 20:00:00
09-30 11:21:15.482  3947 10059 E DataProcessor: abnormal entry list in the timestamp:Sep 25, 2025, 21:00:00
09-30 11:21:15.482  3947 10059 E DataProcessor: abnormal entry list in the timestamp:Sep 25, 2025, 22:00:00
09-30 11:21:15.482  3947 10059 E DataProcessor: abnormal entry list in the timestamp:Sep 25, 2025, 23:00:00
09-30 11:21:15.482  3947 10059 E DataProcessor: abnormal entry list in the timestamp:Sep 26, 2025, 01:00:00
09-30 11:21:15.482  3947 10059 E DataProcessor: abnormal entry list in the timestamp:Sep 26, 2025, 02:00:00
09-30 11:21:15.482  3947 10059 E DataProcessor: abnormal entry list in the timestamp:Sep 26, 2025, 03:00:00
09-30 11:21:15.482  3947 10059 E DataProcessor: abnormal entry list in the timestamp:Sep 26, 2025, 04:00:00
09-30 11:21:15.482  3947 10059 E DataProcessor: abnormal entry list in the timestamp:Sep 26, 2025, 05:00:00
09-30 11:21:15.482  3947 10059 E DataProcessor: abnormal entry list in the timestamp:Sep 26, 2025, 06:00:00
09-30 11:21:15.483  3947 10059 E DataProcessor: abnormal entry list in the timestamp:Sep 26, 2025, 07:00:00
09-30 11:21:15.483  3947 10059 E DataProcessor: abnormal entry list in the timestamp:Sep 26, 2025, 08:00:00
09-30 11:21:15.484  3947 10059 E DataProcessor: abnormal entry list in the timestamp:Sep 26, 2025, 09:00:00
09-30 11:21:15.484  3947  3947 D AllServicesPrefControl: mResolveInfo is null.
09-30 11:21:15.484  3947 10059 E DataProcessor: abnormal entry list in the timestamp:Sep 26, 2025, 10:00:00
09-30 11:21:15.485  3947 10059 E DataProcessor: abnormal entry list in the timestamp:Sep 26, 2025, 11:00:00
09-30 11:21:15.485  3947 10059 E DataProcessor: abnormal entry list in the timestamp:Sep 26, 2025, 12:00:00
09-30 11:21:15.489  3947 10059 E DataProcessor: abnormal entry list in the timestamp:Sep 26, 2025, 15:00:00
09-30 11:21:15.490  3947  3947 D AppInfoDashboard: NO dashboard tiles for AppInfoDashboard
09-30 11:21:15.490  3947  3947 D AppInfoDashboard: All preferences added, reporting fully drawn
09-30 11:21:15.491  3947 10059 E DataProcessor: abnormal entry list in the timestamp:Sep 26, 2025, 16:00:00
09-30 11:21:15.491  3947 10059 E DataProcessor: abnormal entry list in the timestamp:Sep 26, 2025, 17:00:00
09-30 11:21:15.493  3947 10059 E DataProcessor: abnormal entry list in the timestamp:Sep 26, 2025, 18:00:00
09-30 11:21:15.494  3947 10059 E DataProcessor: abnormal entry list in the timestamp:Sep 26, 2025, 19:00:00
09-30 11:21:15.495  3947 10059 E DataProcessor: abnormal entry list in the timestamp:Sep 26, 2025, 20:00:00
09-30 11:21:15.495  3947 10059 E DataProcessor: abnormal entry list in the timestamp:Sep 26, 2025, 21:00:00
09-30 11:21:15.496  3947 10059 E DataProcessor: abnormal entry list in the timestamp:Sep 27, 2025, 02:00:00
09-30 11:21:15.496  3947 10059 E DataProcessor: abnormal entry list in the timestamp:Sep 27, 2025, 03:00:00
09-30 11:21:15.496  3947 10059 E DataProcessor: abnormal entry list in the timestamp:Sep 27, 2025, 04:00:00
09-30 11:21:15.498  3947 10059 E DataProcessor: abnormal entry list in the timestamp:Sep 27, 2025, 05:00:00
09-30 11:21:15.499  3947 10059 E DataProcessor: abnormal entry list in the timestamp:Sep 27, 2025, 06:00:00
09-30 11:21:15.500  3947 10059 E DataProcessor: abnormal entry list in the timestamp:Sep 27, 2025, 07:00:00
09-30 11:21:15.501  3947  3947 D SettingsActivity: Executed frag manager pendingTransactions
09-30 11:21:15.501  3947 10059 E DataProcessor: abnormal entry list in the timestamp:Sep 27, 2025, 08:00:00
09-30 11:21:15.501  3947 10059 E DataProcessor: abnormal entry list in the timestamp:Sep 27, 2025, 09:00:00
09-30 11:21:15.507   747  1959 W OptProp : Cannot read opt property android.window.PROPERTY_COMPAT_ALLOW_USER_ASPECT_RATIO_OVERRIDE
09-30 11:21:15.507   747  1959 W OptProp : Cannot read opt property android.window.PROPERTY_COMPAT_ALLOW_USER_ASPECT_RATIO_FULLSCREEN_OVERRIDE
09-30 11:21:15.507   747  1959 W OptProp : Cannot read opt property android.window.PROPERTY_COMPAT_ALLOW_MIN_ASPECT_RATIO_OVERRIDE
09-30 11:21:15.508   747  1959 W OptProp : Cannot read opt property android.window.PROPERTY_COMPAT_ALLOW_ORIENTATION_OVERRIDE
09-30 11:21:15.510  3947 10059 E DataProcessor: abnormal entry list in the timestamp:Sep 27, 2025, 10:00:00
09-30 11:21:15.510  3947 10059 E DataProcessor: abnormal entry list in the timestamp:Sep 27, 2025, 11:00:00
09-30 11:21:15.511  3947 10059 E DataProcessor: abnormal entry list in the timestamp:Sep 27, 2025, 12:00:00
09-30 11:21:15.511  3947 10059 E DataProcessor: abnormal entry list in the timestamp:Sep 27, 2025, 13:00:00
09-30 11:21:15.513  3947 10059 E DataProcessor: abnormal entry list in the timestamp:Sep 27, 2025, 14:00:00
09-30 11:21:15.514   988  1038 V WindowManagerShell: Transition requested (#79): android.os.BinderProxy@3d04a2 TransitionRequestInfo { type = OPEN, triggerTask = TaskInfo{userId=0 taskId=477 effectiveUid=1000 displayId=0 isRunning=true baseIntent=Intent { act=android.settings.APPLICATION_DETAILS_SETTINGS dat=package: flg=0x10008000 cmp=com.android.settings/.applications.InstalledAppDetails } baseActivity=ComponentInfo{com.android.settings/com.android.settings.applications.InstalledAppDetailsTop} topActivity=ComponentInfo{com.android.settings/com.android.settings.spa.SpaActivity} origActivity=ComponentInfo{com.android.settings/com.android.settings.applications.InstalledAppDetails} realActivity=ComponentInfo{com.android.settings/com.android.settings.applications.InstalledAppDetailsTop} numActivities=2 lastActiveTime=4836804 supportsMultiWindow=true resizeMode=1 isResizeable=true minWidth=-1 minHeight=-1 defaultMinSize=220 token=WCT{android.window.IWindowContainerToken$Stub$Proxy@8b08533} topActivityType=1 pictureInPictureParams=null shouldDockBigOverlays=false launchIntoPipHostTaskId=-1 lastParentTaskIdBeforePip=-1 displayCutoutSafeInsets=Rect(0, 0 - 0, 0) topActivityInfo=ActivityInfo{43070f0 com.android.settings.spa.SpaActivity} launchCookies=[android.os.BinderProxy@3e22751] positionInParent=Point(0, 0) parentTaskId=-1 isFocused=true isVisible=true isVisibleRequested=true isTopActivityNoDisplay=false isSleeping=false locusId=null displayAreaFeatureId=1 isTopActivityTransparent=false isActivityStackTransparent=false lastNonFullscreenBounds=Rect(284, 660 - 796, 1740) capturedLink=null capturedLinkTimestamp=0 requestedVisibleTypes=-9 topActivityRequestOpenInBrowserEducationTimestamp=0 appCompatTaskInfo=AppCompatTaskInfo { topActivityInSizeCompat=false eligibleForLetterboxEducation= false isLetterboxEducationEnabled= true isLetterboxDoubleTapEnabled= false eligibleForUserAspectRatioButton= false topActivityBoundsLetterboxed= false isFromLetterboxDoubleTap= false topActivityLetterboxVerticalPosition= -1 topActivityLetterboxHorizontalPosition= -1 topActivityLetterboxWidth=-1 topActivityLetterboxHeight=-1 topActivityAppBounds=Rect(0, 0 - 1080, 2400) isUserFullscreenOverrideEnabled=false isSystemFullscreenOverrideEnabled=false hasMinAspectRatioOverride=false topActivityLetterboxBounds=null cameraCompatTaskInfo=CameraCompatTaskInfo { freeformCameraCompatMode=inactive}} topActivityMainWindowFrame=null}, pipChange = null, remoteTransition = null, displayChange = null, flags = 0, debugId = 79 }
09-30 11:21:15.514   988  1038 D ShellSplitScreen: logExit: no-op, mLoggerSessionId is null
09-30 11:21:15.514  3947 10059 E DataProcessor: abnormal entry list in the timestamp:Sep 27, 2025, 15:00:00
09-30 11:21:15.514  3947 10059 E DataProcessor: abnormal entry list in the timestamp:Sep 27, 2025, 16:00:00
09-30 11:21:15.514  3947 10059 E DataProcessor: abnormal entry list in the timestamp:Sep 27, 2025, 17:00:00
09-30 11:21:15.514  3947 10059 E DataProcessor: abnormal entry list in the timestamp:Sep 27, 2025, 18:00:00
09-30 11:21:15.514  3947 10059 E DataProcessor: abnormal entry list in the timestamp:Sep 27, 2025, 19:00:00
09-30 11:21:15.514  3947 10059 E DataProcessor: abnormal entry list in the timestamp:Sep 27, 2025, 20:00:00
09-30 11:21:15.514  3947 10059 E DataProcessor: abnormal entry list in the timestamp:Sep 27, 2025, 21:00:00
09-30 11:21:15.514  3947 10059 E DataProcessor: abnormal entry list in the timestamp:Sep 27, 2025, 22:00:00
09-30 11:21:15.514  3947 10059 E DataProcessor: abnormal entry list in the timestamp:Sep 27, 2025, 23:00:00
09-30 11:21:15.514  3947 10059 E DataProcessor: abnormal entry list in the timestamp:Sep 28, 2025, 01:00:00
09-30 11:21:15.514  3947 10059 E DataProcessor: abnormal entry list in the timestamp:Sep 28, 2025, 02:00:00
09-30 11:21:15.515  3947 10059 E DataProcessor: abnormal entry list in the timestamp:Sep 28, 2025, 03:00:00
09-30 11:21:15.515  3947 10059 E DataProcessor: abnormal entry list in the timestamp:Sep 28, 2025, 04:00:00
09-30 11:21:15.515   747  1959 I ActivityTaskManager: START u0 {xflg=0x4 cmp=com.android.settings/.spa.SpaActivity (has extras)} with LAUNCH_MULTIPLE from uid 1000 (sr=150955888) (BAL_ALLOW_VISIBLE_WINDOW) result code=0
09-30 11:21:15.515  3947 10059 E DataProcessor: abnormal entry list in the timestamp:Sep 28, 2025, 05:00:00
09-30 11:21:15.515  3947 10059 E DataProcessor: abnormal entry list in the timestamp:Sep 28, 2025, 06:00:00
09-30 11:21:15.515  3947 10059 E DataProcessor: abnormal entry list in the timestamp:Sep 28, 2025, 07:00:00
09-30 11:21:15.515  3947 10059 E DataProcessor: abnormal entry list in the timestamp:Sep 28, 2025, 08:00:00
09-30 11:21:15.515  3947 10059 E DataProcessor: abnormal entry list in the timestamp:Sep 28, 2025, 09:00:00
09-30 11:21:15.515  3947 10059 E DataProcessor: abnormal entry list in the timestamp:Sep 28, 2025, 10:00:00
09-30 11:21:15.515  3947 10059 E DataProcessor: abnormal entry list in the timestamp:Sep 28, 2025, 11:00:00
09-30 11:21:15.515  3947 10059 E DataProcessor: abnormal entry list in the timestamp:Sep 28, 2025, 12:00:00
09-30 11:21:15.515  3947 10059 E DataProcessor: abnormal entry list in the timestamp:Sep 28, 2025, 13:00:00
09-30 11:21:15.515  3947 10059 E DataProcessor: abnormal entry list in the timestamp:Sep 28, 2025, 14:00:00
09-30 11:21:15.515  3947 10059 E DataProcessor: abnormal entry list in the timestamp:Sep 28, 2025, 15:00:00
09-30 11:21:15.515  3947 10059 E DataProcessor: abnormal entry list in the timestamp:Sep 28, 2025, 16:00:00
09-30 11:21:15.515  3947 10059 E DataProcessor: abnormal entry list in the timestamp:Sep 28, 2025, 17:00:00
09-30 11:21:15.515  3947 10059 E DataProcessor: abnormal entry list in the timestamp:Sep 28, 2025, 18:00:00
09-30 11:21:15.515  3947 10059 E DataProcessor: abnormal entry list in the timestamp:Sep 28, 2025, 19:00:00
09-30 11:21:15.515  3947 10059 E DataProcessor: abnormal entry list in the timestamp:Sep 28, 2025, 20:00:00
09-30 11:21:15.515  3947 10059 E DataProcessor: abnormal entry list in the timestamp:Sep 28, 2025, 21:00:00
09-30 11:21:15.516  3947 10059 E DataProcessor: abnormal entry list in the timestamp:Sep 28, 2025, 22:00:00
09-30 11:21:15.516  3947 10059 E DataProcessor: abnormal entry list in the timestamp:Sep 28, 2025, 23:00:00
09-30 11:21:15.516  3947 10059 E DataProcessor: abnormal entry list in the timestamp:Sep 29, 2025, 01:00:00
09-30 11:21:15.516  3947 10059 E DataProcessor: abnormal entry list in the timestamp:Sep 29, 2025, 02:00:00
09-30 11:21:15.516  3947 10059 E DataProcessor: abnormal entry list in the timestamp:Sep 29, 2025, 03:00:00
09-30 11:21:15.516  3947 10059 E DataProcessor: abnormal entry list in the timestamp:Sep 29, 2025, 04:00:00
09-30 11:21:15.517  3947 10059 E DataProcessor: abnormal entry list in the timestamp:Sep 29, 2025, 05:00:00
09-30 11:21:15.517  3947 10059 E DataProcessor: abnormal entry list in the timestamp:Sep 29, 2025, 06:00:00
09-30 11:21:15.517  3947 10059 E DataProcessor: abnormal entry list in the timestamp:Sep 29, 2025, 07:00:00
09-30 11:21:15.517  3947 10059 E DataProcessor: abnormal entry list in the timestamp:Sep 29, 2025, 08:00:00
09-30 11:21:15.518  3947 10059 E DataProcessor: abnormal entry list in the timestamp:Sep 29, 2025, 09:00:00
09-30 11:21:15.518  3947  3947 I Choreographer: Skipped 51 frames!  The application may be doing too much work on its main thread.
09-30 11:21:15.518  3947 10059 E DataProcessor: abnormal entry list in the timestamp:Sep 29, 2025, 10:00:00
09-30 11:21:15.518  3947 10059 E DataProcessor: abnormal entry list in the timestamp:Sep 29, 2025, 11:00:00
09-30 11:21:15.521  3947 10059 E DataProcessor: abnormal entry list in the timestamp:Sep 29, 2025, 12:00:00
09-30 11:21:15.521   602   602 I BpBinder: onLastStrongRef automatically unlinking death recipients:
09-30 11:21:15.530  3947 10059 E DataProcessor: abnormal entry list in the timestamp:Sep 29, 2025, 13:00:00
09-30 11:21:15.530  3947 10059 E DataProcessor: abnormal entry list in the timestamp:Sep 29, 2025, 14:00:00
09-30 11:21:15.531  3947 10059 E DataProcessor: abnormal entry list in the timestamp:Sep 29, 2025, 15:00:00
09-30 11:21:15.531  3947 10059 E DataProcessor: abnormal entry list in the timestamp:Sep 29, 2025, 16:00:00
09-30 11:21:15.531   602   623 I BpBinder: onLastStrongRef automatically unlinking death recipients:
09-30 11:21:15.531  3947 10059 E DataProcessor: abnormal entry list in the timestamp:Sep 29, 2025, 17:00:00
09-30 11:21:15.531  3947 10059 E DataProcessor: abnormal entry list in the timestamp:Sep 29, 2025, 18:00:00
09-30 11:21:15.531  3947 10059 E DataProcessor: abnormal entry list in the timestamp:Sep 29, 2025, 19:00:00
09-30 11:21:15.531  3947 10059 E DataProcessor: abnormal entry list in the timestamp:Sep 29, 2025, 20:00:00
09-30 11:21:15.531  3947 10059 E DataProcessor: abnormal entry list in the timestamp:Sep 29, 2025, 21:00:00
09-30 11:21:15.531  3947 10059 E DataProcessor: abnormal entry list in the timestamp:Sep 29, 2025, 22:00:00
09-30 11:21:15.531  3947 10059 E DataProcessor: abnormal entry list in the timestamp:Sep 29, 2025, 23:00:00
09-30 11:21:15.532  3947 10059 E DataProcessor: abnormal entry list in the timestamp:Sep 30, 2025, 01:00:00
09-30 11:21:15.532  3947 10059 E DataProcessor: abnormal entry list in the timestamp:Sep 30, 2025, 02:00:00
09-30 11:21:15.532  3947 10059 E DataProcessor: abnormal entry list in the timestamp:Sep 30, 2025, 03:00:00
09-30 11:21:15.532  3947 10059 E DataProcessor: abnormal entry list in the timestamp:Sep 30, 2025, 04:00:00
09-30 11:21:15.534  3947 10059 E DataProcessor: abnormal entry list in the timestamp:Sep 30, 2025, 05:00:00
09-30 11:21:15.536  3947 10059 E DataProcessor: abnormal entry list in the timestamp:Sep 30, 2025, 06:00:00
09-30 11:21:15.537  3947 10059 E DataProcessor: abnormal entry list in the timestamp:Sep 30, 2025, 07:00:00
09-30 11:21:15.537  3947 10059 E DataProcessor: abnormal entry list in the timestamp:Sep 30, 2025, 08:00:00
09-30 11:21:15.538  3947 10059 E DataProcessor: abnormal entry list in the timestamp:Sep 30, 2025, 09:00:00
09-30 11:21:15.539  3947 10059 E DataProcessor: abnormal entry list in the timestamp:Sep 30, 2025, 10:00:00
09-30 11:21:15.539  3947 10059 E DataProcessor: abnormal entry list in the timestamp:Sep 25, 2025, 12:00:00
09-30 11:21:15.539  3947 10059 E DataProcessor: abnormal entry list in the timestamp:Sep 25, 2025, 14:00:00
09-30 11:21:15.546   747  1607 W OptProp : Cannot read opt property android.window.PROPERTY_COMPAT_ENABLE_FAKE_FOCUS
09-30 11:21:15.546   747  1607 W OptProp : Cannot read opt property android.window.PROPERTY_COMPAT_ALLOW_RESIZEABLE_ACTIVITY_OVERRIDES
09-30 11:21:15.547   747   771 W ProcessStats: Tracking association SourceState{7970bda com.android.settings/1000 BTop #6009} whose proc state 2 is better than process ProcessState{a120a75 com.google.android.apps.wellbeing/10147 pkg=com.google.android.apps.wellbeing} proc state 15 (1 skipped)
09-30 11:21:15.549   747   946 D BackgroundInstallControlService: Package event received: 0
09-30 11:21:15.549   747   946 D BackgroundInstallControlService: Package event received: 0
09-30 11:21:15.551   747   946 D BackgroundInstallControlService: Package event received: 0
09-30 11:21:15.553   747   768 V WindowManager: Sent Transition (#79) createdAt=09-30 11:21:15.506 via request=TransitionRequestInfo { type = OPEN, triggerTask = TaskInfo{userId=0 taskId=477 effectiveUid=1000 displayId=0 isRunning=true baseIntent=Intent { act=android.settings.APPLICATION_DETAILS_SETTINGS dat=package: flg=0x10008000 cmp=com.android.settings/.applications.InstalledAppDetails } baseActivity=ComponentInfo{com.android.settings/com.android.settings.applications.InstalledAppDetailsTop} topActivity=ComponentInfo{com.android.settings/com.android.settings.spa.SpaActivity} origActivity=ComponentInfo{com.android.settings/com.android.settings.applications.InstalledAppDetails} realActivity=ComponentInfo{com.android.settings/com.android.settings.applications.InstalledAppDetailsTop} numActivities=2 lastActiveTime=4836804 supportsMultiWindow=true resizeMode=1 isResizeable=true minWidth=-1 minHeight=-1 defaultMinSize=220 token=WCT{RemoteToken{9c3f246 Task{6e35ae9 #477 type=standard A=1000:com.android.settings}}} topActivityType=1 pictureInPictureParams=null shouldDockBigOverlays=false launchIntoPipHostTaskId=-1 lastParentTaskIdBeforePip=-1 displayCutoutSafeInsets=Rect(0, 0 - 0, 0) topActivityInfo=ActivityInfo{96a0ba6 com.android.settings.spa.SpaActivity} launchCookies=[android.os.BinderProxy@1449134] positionInParent=Point(0, 0) parentTaskId=-1 isFocused=true isVisible=true isVisibleRequested=true isTopActivityNoDisplay=false isSleeping=false locusId=null displayAreaFeatureId=1 isTopActivityTransparent=false isActivityStackTransparent=false lastNonFullscreenBounds=Rect(284, 660 - 796, 1740) capturedLink=null capturedLinkTimestamp=0 requestedVisibleTypes=-9 topActivityRequestOpenInBrowserEducationTimestamp=0 appCompatTaskInfo=AppCompatTaskInfo { topActivityInSizeCompat=false eligibleForLetterboxEducation= false isLetterboxEducationEnabled= true isLetterboxDoubleTapEnabled= false eligibleForUserAspectRatioButton= false topActivityBoundsLetterboxed= false isFromLetterboxDoubleTap= false topActivityLetterboxVerticalPosition= -1 topActivityLetterboxHorizontalPosition= -1 topActivityLetterboxWidth=-1 topActivityLetterboxHeight=-1 topActivityAppBounds=Rect(0, 0 - 1080, 2400) isUserFullscreenOverrideEnabled=false isSystemFullscreenOverrideEnabled=false hasMinAspectRatioOverride=false topActivityLetterboxBounds=null cameraCompatTaskInfo=CameraCompatTaskInfo { freeformCameraCompatMode=inactive}} topActivityMainWindowFrame=null}, pipChange = null, remoteTransition = null, displayChange = null, flags = 0, debugId = 79 }
09-30 11:21:15.553   988   998 V WindowManagerShell: onTransitionReady(transaction=3208340573884)
09-30 11:21:15.553  3947  4227 I EGL_emulation: Opening libGLESv1_CM_emulation.so
09-30 11:21:15.553  3947  4227 I EGL_emulation: Opening libGLESv2_emulation.so
09-30 11:21:15.553   988  1038 V WindowManagerShell: onTransitionReady (#79) android.os.BinderProxy@3d04a2: {id=79 t=OPEN f=0x0 trk=0 r=[0@Point(0, 0)] c=[
09-30 11:21:15.553   988  1038 V WindowManagerShell:         {m=OPEN f=STARTING_WINDOW_TRANSFER|FILLS_TASK|IS_BEHIND_STARTING_WINDOW leash=Surface(name=ActivityRecord{83242626 u0 com.android.settings/.spa.SpaActivity)/@0x4a96669 sb=Rect(0, 0 - 0, 0) eb=Rect(0, 0 - 1080, 2400) epz=Point(1080, 2400) d=-1->0 r=-1->0:-1 bc=ffeeedf4 component=com.android.settings/.spa.SpaActivity},
09-30 11:21:15.553   988  1038 V WindowManagerShell:         {m=CLOSE f=FILLS_TASK|IS_BEHIND_STARTING_WINDOW leash=Surface(name=ActivityRecord{150955888 u0 com.android.settings/.applications.InstalledAppDetails)/@0x78ac8ee sb=Rect(0, 0 - 1080, 2400) eb=Rect(0, 0 - 1080, 2400) epz=Point(1080, 2400) d=0 bc=ffeeedf4 component=com.android.settings/.applications.InstalledAppDetailsTop}
09-30 11:21:15.553   988  1038 V WindowManagerShell:     ]}
09-30 11:21:15.553   988  1038 V WindowManagerShell: Non-visible anim so abort: (#79) android.os.BinderProxy@3d04a2@0
09-30 11:21:15.553   747   768 V WindowManager:     startWCT=WindowContainerTransaction { changes= {} hops= [] errorCallbackToken=null taskFragmentOrganizer=null }
09-30 11:21:15.554   747   768 V WindowManager:     info={id=79 t=OPEN f=0x0 trk=0 r=[0@Point(0, 0)] c=[
09-30 11:21:15.554   747   768 V WindowManager:         {m=OPEN f=STARTING_WINDOW_TRANSFER|FILLS_TASK|IS_BEHIND_STARTING_WINDOW leash=Surface(name=ActivityRecord{83242626 u0 com.android.settings/.spa.SpaActivity)/@0x1e516e8 sb=Rect(0, 0 - 0, 0) eb=Rect(0, 0 - 1080, 2400) epz=Point(1080, 2400) d=-1->0 r=-1->0:-1 bc=ffeeedf4 component=com.android.settings/.spa.SpaActivity},
09-30 11:21:15.554   747   768 V WindowManager:         {m=CLOSE f=FILLS_TASK|IS_BEHIND_STARTING_WINDOW leash=Surface(name=ActivityRecord{150955888 u0 com.android.settings/.applications.InstalledAppDetails)/@0x588a80b sb=Rect(0, 0 - 1080, 2400) eb=Rect(0, 0 - 1080, 2400) epz=Point(1080, 2400) d=0 bc=ffeeedf4 component=com.android.settings/.applications.InstalledAppDetailsTop}
09-30 11:21:15.554   747   768 V WindowManager:     ]}
09-30 11:21:15.559   988  1038 V WindowManagerShell: Transition animation finished (aborted=true), notifying core (#79) android.os.BinderProxy@3d04a2@0
09-30 11:21:15.560   747   768 V WindowManager: Finish Transition (#79): created at 09-30 11:21:15.506 collect-started=0.04ms request-sent=7.34ms started=11.108ms ready=40.79ms sent=44.437ms finished=54.141ms
09-30 11:21:15.560   747   791 E BluetoothPowerStatsCollector: Cannot acquire BluetoothActivityEnergyInfo
09-30 11:21:15.560   747   791 E BluetoothPowerStatsCollector: java.util.concurrent.ExecutionException: java.lang.RuntimeException: error: 11
09-30 11:21:15.560   747   791 E BluetoothPowerStatsCollector:  at java.util.concurrent.CompletableFuture.reportGet(CompletableFuture.java:372)
09-30 11:21:15.560   747   791 E BluetoothPowerStatsCollector:  at java.util.concurrent.CompletableFuture.get(CompletableFuture.java:2072)
09-30 11:21:15.560   747   791 E BluetoothPowerStatsCollector:  at com.android.server.power.stats.BluetoothPowerStatsCollector.collectBluetoothActivityInfo(BluetoothPowerStatsCollector.java:192)
09-30 11:21:15.560   747   791 E BluetoothPowerStatsCollector:  at com.android.server.power.stats.BluetoothPowerStatsCollector.collectStats(BluetoothPowerStatsCollector.java:155)
09-30 11:21:15.560   747   791 E BluetoothPowerStatsCollector:  at com.android.server.power.stats.PowerStatsCollector.collectAndDeliverStats(PowerStatsCollector.java:176)
09-30 11:21:15.560   747   791 E BluetoothPowerStatsCollector:  at com.android.server.power.stats.PowerStatsCollector$$ExternalSyntheticLambda0.run(R8$$SyntheticClass:0)
09-30 11:21:15.560   747   791 E BluetoothPowerStatsCollector:  at android.os.Handler.handleCallback(Handler.java:995)
09-30 11:21:15.560   747   791 E BluetoothPowerStatsCollector:  at android.os.Handler.dispatchMessage(Handler.java:103)
09-30 11:21:15.560   747   791 E BluetoothPowerStatsCollector:  at android.os.Looper.loopOnce(Looper.java:248)
09-30 11:21:15.560   747   791 E BluetoothPowerStatsCollector:  at android.os.Looper.loop(Looper.java:338)
09-30 11:21:15.560   747   791 E BluetoothPowerStatsCollector:  at android.os.HandlerThread.run(HandlerThread.java:85)
09-30 11:21:15.560   747   791 E BluetoothPowerStatsCollector: Caused by: java.lang.RuntimeException: error: 11
09-30 11:21:15.560   747   791 E BluetoothPowerStatsCollector:  at com.android.server.power.stats.BluetoothPowerStatsCollector$1.onBluetoothActivityEnergyInfoError(BluetoothPowerStatsCollector.java:181)
09-30 11:21:15.560   747   791 E BluetoothPowerStatsCollector:  at android.bluetooth.BluetoothAdapter$OnBluetoothActivityEnergyInfoProxy.lambda$onBluetoothActivityEnergyInfoAvailable$0(BluetoothAdapter.java:1037)
09-30 11:21:15.560   747   791 E BluetoothPowerStatsCollector:  at android.bluetooth.BluetoothAdapter$OnBluetoothActivityEnergyInfoProxy$$ExternalSyntheticLambda1.run(D8$$SyntheticClass:0)
09-30 11:21:15.560   747   791 E BluetoothPowerStatsCollector:  at android.bluetooth.BluetoothUtils.lambda$executeFromBinder$0(BluetoothUtils.java:343)
09-30 11:21:15.560   747   791 E BluetoothPowerStatsCollector:  at android.bluetooth.BluetoothUtils$$ExternalSyntheticLambda1.run(D8$$SyntheticClass:0)
09-30 11:21:15.560   747   791 E BluetoothPowerStatsCollector:  at com.android.server.SystemServerInitThreadPool$$ExternalSyntheticLambda0.execute(R8$$SyntheticClass:0)
09-30 11:21:15.560   747   791 E BluetoothPowerStatsCollector:  at android.bluetooth.BluetoothUtils.executeFromBinder(BluetoothUtils.java:343)
09-30 11:21:15.560   747   791 E BluetoothPowerStatsCollector:  at android.bluetooth.BluetoothAdapter$OnBluetoothActivityEnergyInfoProxy.onBluetoothActivityEnergyInfoAvailable(BluetoothAdapter.java:1035)
09-30 11:21:15.560   747   791 E BluetoothPowerStatsCollector:  at android.bluetooth.IBluetoothActivityEnergyInfoListener$Stub.onTransact(IBluetoothActivityEnergyInfoListener.java:98)
09-30 11:21:15.560   747   791 E BluetoothPowerStatsCollector:  at android.os.Binder.execTransactInternal(Binder.java:1426)
09-30 11:21:15.560   747   791 E BluetoothPowerStatsCollector:  at android.os.Binder.execTransact(Binder.java:1365)
09-30 11:21:15.562   988  1038 V WindowManagerShell: Track 0 became idle
09-30 11:21:15.562   988  1038 V WindowManagerShell: All active transition animations finished
09-30 11:21:15.578  3947  4227 W HWUI    : Failed to choose config with EGL_SWAP_BEHAVIOR_PRESERVED, retrying without...
09-30 11:21:15.579  3947  4227 W HWUI    : Failed to initialize 101010-2 format, error = EGL_SUCCESS
09-30 11:21:15.599   747  1959 D TelephonyManager: requestModemActivityInfo: Sending result to app: ModemActivityInfo{ mTimestamp=4836891 mSleepTimeMs=966 mIdleTimeMs=322 mActivityStatsTechSpecificInfo=[{mRat=UNKNOWN,mFrequencyRange=UNKNOWN,mTxTimeMs[]=[23, 69, 138, 184, 207],mRxTimeMs=207}]}
09-30 11:21:15.601   747  2062 D CoreBackPreview: Window{c1b3c32 u0 com.android.settings/com.android.settings.spa.SpaActivity}: Setting back callback OnBackInvokedCallbackInfo{mCallback=android.window.IOnBackInvokedCallback$Stub$Proxy@ea31665, mPriority=-1, mIsAnimationCallback=false, mOverrideBehavior=0}
09-30 11:21:15.730   747   768 I ActivityTaskManager: Displayed com.android.settings/.spa.SpaActivity for user 0: +1s206ms
09-30 11:21:15.739  3947  3947 D SpaLogMetricsProvider: PAGE_ENTER page 0
09-30 11:21:15.775   747   791 E BluetoothPowerStatsCollector: Cannot acquire BluetoothActivityEnergyInfo
09-30 11:21:15.775   747   791 E BluetoothPowerStatsCollector: java.util.concurrent.ExecutionException: java.lang.RuntimeException: error: 11
09-30 11:21:15.775   747   791 E BluetoothPowerStatsCollector:  at java.util.concurrent.CompletableFuture.reportGet(CompletableFuture.java:372)
09-30 11:21:15.775   747   791 E BluetoothPowerStatsCollector:  at java.util.concurrent.CompletableFuture.get(CompletableFuture.java:2072)
09-30 11:21:15.775   747   791 E BluetoothPowerStatsCollector:  at com.android.server.power.stats.BluetoothPowerStatsCollector.collectBluetoothActivityInfo(BluetoothPowerStatsCollector.java:192)
09-30 11:21:15.775   747   791 E BluetoothPowerStatsCollector:  at com.android.server.power.stats.BluetoothPowerStatsCollector.collectStats(BluetoothPowerStatsCollector.java:155)
09-30 11:21:15.775   747   791 E BluetoothPowerStatsCollector:  at com.android.server.power.stats.PowerStatsCollector.collectAndDeliverStats(PowerStatsCollector.java:176)
09-30 11:21:15.775   747   791 E BluetoothPowerStatsCollector:  at com.android.server.power.stats.PowerStatsCollector$$ExternalSyntheticLambda0.run(R8$$SyntheticClass:0)
09-30 11:21:15.775   747   791 E BluetoothPowerStatsCollector:  at android.os.Handler.handleCallback(Handler.java:995)
09-30 11:21:15.775   747   791 E BluetoothPowerStatsCollector:  at android.os.Handler.dispatchMessage(Handler.java:103)
09-30 11:21:15.775   747   791 E BluetoothPowerStatsCollector:  at android.os.Looper.loopOnce(Looper.java:248)
09-30 11:21:15.775   747   791 E BluetoothPowerStatsCollector:  at android.os.Looper.loop(Looper.java:338)
09-30 11:21:15.775   747   791 E BluetoothPowerStatsCollector:  at android.os.HandlerThread.run(HandlerThread.java:85)
09-30 11:21:15.775   747   791 E BluetoothPowerStatsCollector: Caused by: java.lang.RuntimeException: error: 11
09-30 11:21:15.775   747   791 E BluetoothPowerStatsCollector:  at com.android.server.power.stats.BluetoothPowerStatsCollector$1.onBluetoothActivityEnergyInfoError(BluetoothPowerStatsCollector.java:181)
09-30 11:21:15.775   747   791 E BluetoothPowerStatsCollector:  at android.bluetooth.BluetoothAdapter$OnBluetoothActivityEnergyInfoProxy.lambda$onBluetoothActivityEnergyInfoAvailable$0(BluetoothAdapter.java:1037)
09-30 11:21:15.775   747   791 E BluetoothPowerStatsCollector:  at android.bluetooth.BluetoothAdapter$OnBluetoothActivityEnergyInfoProxy$$ExternalSyntheticLambda1.run(D8$$SyntheticClass:0)
09-30 11:21:15.775   747   791 E BluetoothPowerStatsCollector:  at android.bluetooth.BluetoothUtils.lambda$executeFromBinder$0(BluetoothUtils.java:343)
09-30 11:21:15.775   747   791 E BluetoothPowerStatsCollector:  at android.bluetooth.BluetoothUtils$$ExternalSyntheticLambda1.run(D8$$SyntheticClass:0)
09-30 11:21:15.775   747   791 E BluetoothPowerStatsCollector:  at com.android.server.SystemServerInitThreadPool$$ExternalSyntheticLambda0.execute(R8$$SyntheticClass:0)
09-30 11:21:15.775   747   791 E BluetoothPowerStatsCollector:  at android.bluetooth.BluetoothUtils.executeFromBinder(BluetoothUtils.java:343)
09-30 11:21:15.775   747   791 E BluetoothPowerStatsCollector:  at android.bluetooth.BluetoothAdapter$OnBluetoothActivityEnergyInfoProxy.onBluetoothActivityEnergyInfoAvailable(BluetoothAdapter.java:1035)
09-30 11:21:15.775   747   791 E BluetoothPowerStatsCollector:  at android.bluetooth.IBluetoothActivityEnergyInfoListener$Stub.onTransact(IBluetoothActivityEnergyInfoListener.java:98)
09-30 11:21:15.775   747   791 E BluetoothPowerStatsCollector:  at android.os.Binder.execTransactInternal(Binder.java:1426)
09-30 11:21:15.775   747   791 E BluetoothPowerStatsCollector:  at android.os.Binder.execTransact(Binder.java:1365)
09-30 11:21:15.787  3947  3947 D BrowseActivity: Launching page AppInfoSettings
09-30 11:21:15.814   747   946 D BackgroundInstallControlService: Package event received: 0
09-30 11:21:15.814   747  1959 D TelephonyManager: requestModemActivityInfo: Sending result to app: ModemActivityInfo{ mTimestamp=4837106 mSleepTimeMs=1008 mIdleTimeMs=336 mActivityStatsTechSpecificInfo=[{mRat=UNKNOWN,mFrequencyRange=UNKNOWN,mTxTimeMs[]=[24, 72, 144, 192, 216],mRxTimeMs=216}]}
09-30 11:21:15.831   747  2062 D ActivityManager: sync unfroze 1646 com.android.chrome for 6
09-30 11:21:15.845   747   946 D BackgroundInstallControlService: Package event received: 0
09-30 11:21:15.845   747  1607 I Role    : com.sellerapp2 not qualified for android.app.role.HOME due to missing RequiredComponent{mIntentFilterData=IntentFilterData{mAction='android.intent.action.MAIN', mCategories='[android.intent.category.HOME]', mDataScheme='null', mDataType='null'}, mMinTargetSdkVersion=1, mFlags='0', mPermission='null', mQueryFlags=0, mMetaData=[]}
09-30 11:21:15.860   747  1607 I Role    : com.sellerapp2 not qualified for android.app.role.DIALER due to missing RequiredComponent{mIntentFilterData=IntentFilterData{mAction='android.intent.action.DIAL', mCategories='[]', mDataScheme='null', mDataType='null'}, mMinTargetSdkVersion=1, mFlags='0', mPermission='null', mQueryFlags=0, mMetaData=[]}
09-30 11:21:15.874   747  1859 I Role    : com.sellerapp2 not qualified for android.app.role.SMS due to missing RequiredComponent{mIntentFilterData=IntentFilterData{mAction='android.provider.Telephony.SMS_DELIVER', mCategories='[]', mDataScheme='null', mDataType='null'}, mMinTargetSdkVersion=1, mFlags='0', mPermission='android.permission.BROADCAST_SMS', mQueryFlags=0, mMetaData=[]}
09-30 11:21:15.931   747   859 I ImeTracker: com.android.settings:a739198d: onRequestHide at ORIGIN_SERVER reason HIDE_UNSPECIFIED_WINDOW fromUser false
09-30 11:21:15.938   747  2062 D ActivityManager: sync unfroze 2503 com.android.vending for 6
09-30 11:21:15.946  2503  2742 I Finsky  : [41] Stats for Executor: BlockingExecutor trk@cce894d[Running, pool size = 0, active threads = 0, queued tasks = 0, completed tasks = 486]
09-30 11:21:15.948  2503  2742 I Finsky  : [41] Stats for Executor: LightweightExecutor trk@12b087c[Running, pool size = 4, active threads = 0, queued tasks = 0, completed tasks = 1520]
09-30 11:21:15.949  2503  2742 I Finsky  : [41] Stats for Executor: bgExecutor trk@15480fa[Running, pool size = 4, active threads = 0, queued tasks = 0, completed tasks = 5852]
09-30 11:21:15.950  1422  1422 I GoogleInputMethodService: GoogleInputMethodService.onFinishInput():2057
09-30 11:21:15.952   747  1859 I ImeTracker: system_server:f65f3ade: onRequestHide at ORIGIN_SERVER reason IME_REQUESTED_CHANGED_LISTENER fromUser false
09-30 11:21:15.952  1422  1422 I Module  : DeviceLockedStatusModuleProvider$Module.updateDeviceLockedStatus():100 repeatCheckTimes = 0, locked = false
09-30 11:21:15.953  1422  1422 I GoogleInputMethodService: GoogleInputMethodService.onStartInput():1318 onStartInput(EditorInfo{EditorInfo{packageName=com.android.settings, inputType=0, inputTypeString=NULL, enableLearning=false, autoCorrection=false, autoComplete=false, imeOptions=0, privateImeOptions=null, actionName=UNSPECIFIED, actionLabel=null, initialSelStart=-1, initialSelEnd=-1, initialCapsMode=0, label=null, fieldId=0, fieldName=null, extras=null, hintText=null, hintLocales=[]}}, false)
09-30 11:21:15.954   747   946 D BackgroundInstallControlService: Package event received: 0
09-30 11:21:15.961   747   771 I ImeTracker: system_server:f65f3ade: onCancelled at PHASE_SERVER_SHOULD_HIDE
09-30 11:21:15.966  1422  1422 I Module  : DeviceLockedStatusModuleProvider$Module.updateDeviceLockedStatus():100 repeatCheckTimes = 1, locked = false
09-30 11:21:15.967  3947 10244 I ndroid.settings: AssetManager2(0x7f54f70da2f8) locale list changing from [] to [en-US]
09-30 11:21:15.978  3947 10588 D BatteryUsageContentProvider: getLastFullChargeTimestamp() in 0/ms
09-30 11:21:15.985  3947 10588 D DatabaseUtils: getLastFullChargeTime() lastFullChargeTime=Jan 01, 1970, 05:30:00 in 8/ms
09-30 11:21:15.985  3947 10588 D DatabaseUtils: sixDaysAgoTimestamp: Sep 24, 2025, 00:00:00
09-30 11:21:15.985  3947 10588 D BatteryUsageContentProvider: getQueryTimestamp from uri: content://com.android.settings.battery.usage.provider/BatteryState?timestamp=1758652200000
09-30 11:21:15.986  3947 10588 D BatteryUsageContentProvider: getBatteryStates() after 1758652200000 in 0/ms
09-30 11:21:15.991  3947 10588 D DatabaseUtils: getBatteryHistoryMap() size=13 in 6/ms
09-30 11:21:15.991  3947 10588 D BatteryChartPreferenceController: getBatterySinceLastFullChargeUsageData() size=13 time=14/ms
09-30 11:21:16.013   747  1959 W ParceledListSlice: Element #18 is 19844 bytes.
09-30 11:21:16.036  3947 10588 D DataProcessor: getHistoryMapWithExpectedTimestamps() size=122 in 0/ms
09-30 11:21:16.043   747  2062 D ActivityManager: sync unfroze 2564 com.google.android.adservices.api for 6
09-30 11:21:16.045   747   818 V Configuration: Updating configuration, locales updated from [] to [en_US]
09-30 11:21:16.045   747   818 V Configuration: Updating configuration, locales updated from [] to [en_US]
09-30 11:21:16.045   747   818 V Configuration: Updating configuration, locales updated from [] to [en_US]
09-30 11:21:16.045   747   818 V Configuration: Updating configuration, locales updated from [] to [en_US]
09-30 11:21:16.045   747   895 D InetDiagMessage: Destroyed 0 sockets, proto=IPPROTO_TCP, family=AF_INET, states=14
09-30 11:21:16.048  3947 10588 E DataProcessor: abnormal entry list in the timestamp:Sep 25, 2025, 15:00:00
09-30 11:21:16.050  3947 10588 E DataProcessor: abnormal entry list in the timestamp:Sep 25, 2025, 16:00:00
09-30 11:21:16.051  2503  2503 I Finsky  : [2] Memory trim requested to level 40
09-30 11:21:16.050   747   895 D InetDiagMessage: Destroyed 0 sockets, proto=IPPROTO_TCP, family=AF_INET6, states=14
09-30 11:21:16.052   747   895 D InetDiagMessage: Destroyed live tcp sockets for uids={10226} in 9ms
09-30 11:21:16.053   747   818 D IntervalStats: Unable to parse usage stats packages: [278]
09-30 11:21:16.053  3947 10588 E DataProcessor: abnormal entry list in the timestamp:Sep 25, 2025, 19:00:00
09-30 11:21:16.053   747   818 D IntervalStats: Unable to parse event packages: [278]
09-30 11:21:16.054   747   895 D InetDiagMessage: Destroyed 0 sockets, proto=IPPROTO_TCP, family=AF_INET, states=14
09-30 11:21:16.058   747   895 D InetDiagMessage: Destroyed 0 sockets, proto=IPPROTO_TCP, family=AF_INET6, states=14
09-30 11:21:16.058   747   895 D InetDiagMessage: Destroyed live tcp sockets for uids={20226} in 5ms
09-30 11:21:16.059   747   818 V Configuration: Updating configuration, locales updated from [] to [en_US]
09-30 11:21:16.060  3947 10588 E DataProcessor: abnormal entry list in the timestamp:Sep 25, 2025, 20:00:00
09-30 11:21:16.062  3947 10588 E DataProcessor: abnormal entry list in the timestamp:Sep 25, 2025, 21:00:00
09-30 11:21:16.063  3947 10588 E DataProcessor: abnormal entry list in the timestamp:Sep 25, 2025, 22:00:00
09-30 11:21:16.063  3947 10588 E DataProcessor: abnormal entry list in the timestamp:Sep 25, 2025, 23:00:00
09-30 11:21:16.065  3947 10588 E DataProcessor: abnormal entry list in the timestamp:Sep 26, 2025, 01:00:00
09-30 11:21:16.066  3947 10588 E DataProcessor: abnormal entry list in the timestamp:Sep 26, 2025, 02:00:00
09-30 11:21:16.066  2503  2503 I Finsky  : [2] Flushing in-memory image cache
09-30 11:21:16.066  3947 10588 E DataProcessor: abnormal entry list in the timestamp:Sep 26, 2025, 03:00:00
09-30 11:21:16.067   747   818 V Configuration: Updating configuration, locales updated from [] to [en_US]
09-30 11:21:16.067   747   818 V Configuration: Updating configuration, locales updated from [] to [en_US]
09-30 11:21:16.067   747   818 V Configuration: Updating configuration, locales updated from [] to [en_US]
09-30 11:21:16.067   747   818 V Configuration: Updating configuration, locales updated from [] to [en_US]
09-30 11:21:16.067   747   818 V Configuration: Updating configuration, locales updated from [] to [en_US]
09-30 11:21:16.067   747   818 V Configuration: Updating configuration, locales updated from [] to [en_US]
09-30 11:21:16.067   747   818 V Configuration: Updating configuration, locales updated from [] to [en_US]
09-30 11:21:16.068  3947 10588 E DataProcessor: abnormal entry list in the timestamp:Sep 26, 2025, 04:00:00
09-30 11:21:16.068   747   818 D IntervalStats: Unable to parse usage stats packages: [279, 281, 282]
09-30 11:21:16.068  3947 10588 E DataProcessor: abnormal entry list in the timestamp:Sep 26, 2025, 05:00:00
09-30 11:21:16.068   747   818 D IntervalStats: Unable to parse event packages: [282]
09-30 11:21:16.069  3947 10588 E DataProcessor: abnormal entry list in the timestamp:Sep 26, 2025, 06:00:00
09-30 11:21:16.069  3947 10588 E DataProcessor: abnormal entry list in the timestamp:Sep 26, 2025, 07:00:00
09-30 11:21:16.071  3947 10588 E DataProcessor: abnormal entry list in the timestamp:Sep 26, 2025, 08:00:00
09-30 11:21:16.073  3947 10588 E DataProcessor: abnormal entry list in the timestamp:Sep 26, 2025, 09:00:00
09-30 11:21:16.074  3947 10588 E DataProcessor: abnormal entry list in the timestamp:Sep 26, 2025, 10:00:00
09-30 11:21:16.074  3947 10588 E DataProcessor: abnormal entry list in the timestamp:Sep 26, 2025, 11:00:00
09-30 11:21:16.075  3947 10588 E DataProcessor: abnormal entry list in the timestamp:Sep 26, 2025, 12:00:00
09-30 11:21:16.076  3947 10588 E DataProcessor: abnormal entry list in the timestamp:Sep 26, 2025, 15:00:00
09-30 11:21:16.076   747   946 D BackgroundInstallControlService: Package event received: 0
09-30 11:21:16.077  3947 10588 E DataProcessor: abnormal entry list in the timestamp:Sep 26, 2025, 16:00:00
09-30 11:21:16.077  3947 10588 E DataProcessor: abnormal entry list in the timestamp:Sep 26, 2025, 17:00:00
09-30 11:21:16.078  3947 10588 E DataProcessor: abnormal entry list in the timestamp:Sep 26, 2025, 18:00:00
09-30 11:21:16.078  3947 10588 E DataProcessor: abnormal entry list in the timestamp:Sep 26, 2025, 19:00:00
09-30 11:21:16.079  3947 10588 E DataProcessor: abnormal entry list in the timestamp:Sep 26, 2025, 20:00:00
09-30 11:21:16.079  3947 10588 E DataProcessor: abnormal entry list in the timestamp:Sep 26, 2025, 21:00:00
09-30 11:21:16.080  3947 10588 E DataProcessor: abnormal entry list in the timestamp:Sep 27, 2025, 02:00:00
09-30 11:21:16.080  3947 10588 E DataProcessor: abnormal entry list in the timestamp:Sep 27, 2025, 03:00:00
09-30 11:21:16.080  3947 10588 E DataProcessor: abnormal entry list in the timestamp:Sep 27, 2025, 04:00:00
09-30 11:21:16.081  3947 10588 E DataProcessor: abnormal entry list in the timestamp:Sep 27, 2025, 05:00:00
09-30 11:21:16.081  3947 10588 E DataProcessor: abnormal entry list in the timestamp:Sep 27, 2025, 06:00:00
09-30 11:21:16.082  3947 10588 E DataProcessor: abnormal entry list in the timestamp:Sep 27, 2025, 07:00:00
09-30 11:21:16.082  3947 10588 E DataProcessor: abnormal entry list in the timestamp:Sep 27, 2025, 08:00:00
09-30 11:21:16.082  3947 10588 E DataProcessor: abnormal entry list in the timestamp:Sep 27, 2025, 09:00:00
09-30 11:21:16.083  3947 10588 E DataProcessor: abnormal entry list in the timestamp:Sep 27, 2025, 10:00:00
09-30 11:21:16.083  3947 10588 E DataProcessor: abnormal entry list in the timestamp:Sep 27, 2025, 11:00:00
09-30 11:21:16.083  3947 10588 E DataProcessor: abnormal entry list in the timestamp:Sep 27, 2025, 12:00:00
09-30 11:21:16.084  3947 10588 E DataProcessor: abnormal entry list in the timestamp:Sep 27, 2025, 13:00:00
09-30 11:21:16.085  3947 10588 E DataProcessor: abnormal entry list in the timestamp:Sep 27, 2025, 14:00:00
09-30 11:21:16.085  3947 10588 E DataProcessor: abnormal entry list in the timestamp:Sep 27, 2025, 15:00:00
09-30 11:21:16.086  3947 10588 E DataProcessor: abnormal entry list in the timestamp:Sep 27, 2025, 16:00:00
09-30 11:21:16.086  3947 10588 E DataProcessor: abnormal entry list in the timestamp:Sep 27, 2025, 17:00:00
09-30 11:21:16.086  3947 10588 E DataProcessor: abnormal entry list in the timestamp:Sep 27, 2025, 18:00:00
09-30 11:21:16.086  3947 10588 E DataProcessor: abnormal entry list in the timestamp:Sep 27, 2025, 19:00:00
