09-30 11:21:19.419   747   781 I ActivityManager: Killing 10420:com.sellerapp2/u0a226 (adj 700): stop com.sellerapp2 due to deletePackageX
09-30 11:21:19.419   602   602 I BpBinder: onLastStrongRef automatically unlinking death recipients:
09-30 11:21:19.421   988  1397 V WindowManagerShell: onTransitionReady(transaction=3208340573971)
09-30 11:21:19.424   988  1038 V WindowManagerShell: onTransitionReady (#81) android.os.BinderProxy@853da52: {id=81 t=CLOSE f=0x0 trk=0 r=[0@Point(0, 0)] c=[
09-30 11:21:19.424   988  1038 V WindowManagerShell:         {m=CLOSE f=TRANSLUCENT|FILLS_TASK leash=Surface(name=ActivityRecord{134957852 u0 com.google.android.packageinstaller/com.android.packageinstaller.UninstallerActivity)/@0x5a52123 sb=Rect(0, 0 - 1080, 2400) eb=Rect(0, 0 - 1080, 2400) epz=Point(1080, 2400) d=0 bc=ffeeedf4 component=com.google.android.packageinstaller/com.android.packageinstaller.UninstallerActivity}
09-30 11:21:19.424   988  1038 V WindowManagerShell:     ]}
09-30 11:21:19.425   988  1038 V WindowManagerShell: Playing animation for (#81) android.os.BinderProxy@853da52@0
09-30 11:21:19.425   988  1038 V ShellRecents: RecentsTransitionHandler.startAnimation: no controller found
09-30 11:21:19.425   988  1038 V WindowManagerShell: Transition doesn't have explicit remote, search filters for match for {id=81 t=CLOSE f=0x0 trk=0 r=[0@Point(0, 0)] c=[{m=CLOSE f=TRANSLUCENT|FILLS_TASK leash=Surface(name=ActivityRecord{134957852 u0 com.google.android.packageinstaller/com.android.packageinstaller.UninstallerActivity)/@0x5a52123 sb=Rect(0, 0 - 1080, 2400) eb=Rect(0, 0 - 1080, 2400) epz=Point(1080, 2400) d=0 bc=ffeeedf4 component=com.google.android.packageinstaller/com.android.packageinstaller.UninstallerActivity}]}
09-30 11:21:19.425   747   946 D BackgroundInstallControlService: Package event received: 0
09-30 11:21:19.425   747   946 D BackgroundInstallControlService: Package event received: 0
09-30 11:21:19.428   988  1038 V WindowManagerShell:  Checking filter Pair{{types=[] flags=0x0] notFlags=0x0 checks=[{atype=undefined independent=true modes=[CLOSE,TO_BACK] flags=IN_TASK_WITH_EMBEDDED_ACTIVITY mustBeTask=false order=ANY topActivity=null launchCookie=null taskFragmentToken=android.os.BinderProxy@eede10a windowingMode=undefined}]} RemoteTransition { remoteTransition = android.window.IRemoteTransition$Stub$Proxy@d960d7b, appThread = android.app.IApplicationThread$Stub$Proxy@9216798, debugName = overlayBackTransition }}
09-30 11:21:19.428   988  1038 V WindowManagerShell:  Checking filter Pair{{types=[] flags=0x0] notFlags=0x0 checks=[{atype=dream independent=true modes=[OPEN,TO_FRONT] flags=NONE mustBeTask=false order=ANY topActivity=null launchCookie=null windowingMode=undefined},{atype=home independent=true modes=[CLOSE,TO_BACK] flags=NONE mustBeTask=false order=ANY topActivity=null launchCookie=null windowingMode=undefined}]} RemoteTransition { remoteTransition = android.window.IRemoteTransition$Stub$Proxy@8599bf1, appThread = android.app.IApplicationThread$Stub$Proxy@91103d6, debugName = LauncherToDream }}
09-30 11:21:19.428   988  1038 V WindowManagerShell:  Checking filter Pair{{types=[] flags=0x0] notFlags=0x100 checks=[{atype=home independent=true modes=[OPEN,TO_FRONT] flags=NONE mustBeTask=false order=TOP topActivity=ComponentInfo{com.google.android.apps.nexuslauncher/com.google.android.apps.nexuslauncher.NexusLauncherActivity} launchCookie=null windowingMode=undefined},{atype=standard independent=true modes=[CLOSE,TO_BACK] flags=NONE mustBeTask=false order=ANY topActivity=null launchCookie=null windowingMode=undefined},{NOT atype=undefined independent=true modes=[] flags=NONE mustBeTask=true order=ANY topActivity=null launchCookie=null customAnim=true windowingMode=undefined}]} RemoteTransition { remoteTransition = android.window.IRemoteTransition$Stub$Proxy@8ee0657, appThread = android.app.IApplicationThread$Stub$Proxy@1916544, debugName = QuickstepLaunchHome }}
09-30 11:21:19.428   988  1038 V WindowManagerShell:  Delegate animation for (#81) to null
09-30 11:21:19.428   988  1038 V WindowManagerShell: start default transition animation, info = {id=81 t=CLOSE f=0x0 trk=0 r=[0@Point(0, 0)] c=[{m=CLOSE f=TRANSLUCENT|FILLS_TASK leash=Surface(name=ActivityRecord{134957852 u0 com.google.android.packageinstaller/com.android.packageinstaller.UninstallerActivity)/@0x5a52123 sb=Rect(0, 0 - 1080, 2400) eb=Rect(0, 0 - 1080, 2400) epz=Point(1080, 2400) d=0 bc=ffeeedf4 component=com.google.android.packageinstaller/com.android.packageinstaller.UninstallerActivity}]}
09-30 11:21:19.428   988  1038 V WindowManagerShell: loadAnimation: anim=null animAttr=0x7 type=CLOSE isEntrance=false
09-30 11:21:19.429   988  1038 V WindowManagerShell: Transition animation finished (aborted=false), notifying core (#81) android.os.BinderProxy@853da52@0
09-30 11:21:19.440   747   768 V WindowManager: Sent Transition (#81) createdAt=09-30 11:21:19.396 via request=TransitionRequestInfo { type = CLOSE, triggerTask = null, pipChange = null, remoteTransition = null, displayChange = null, flags = 0, debugId = 81 }
09-30 11:21:19.441   747   768 V WindowManager:     startWCT=WindowContainerTransaction { changes= {} hops= [] errorCallbackToken=null taskFragmentOrganizer=null }
09-30 11:21:19.441   747   768 V WindowManager:     info={id=81 t=CLOSE f=0x0 trk=0 r=[0@Point(0, 0)] c=[
09-30 11:21:19.441   747   768 V WindowManager:         {m=CLOSE f=TRANSLUCENT|FILLS_TASK leash=Surface(name=ActivityRecord{134957852 u0 com.google.android.packageinstaller/com.android.packageinstaller.UninstallerActivity)/@0x5ffb011 sb=Rect(0, 0 - 1080, 2400) eb=Rect(0, 0 - 1080, 2400) epz=Point(1080, 2400) d=0 bc=ffeeedf4 component=com.google.android.packageinstaller/com.android.packageinstaller.UninstallerActivity}
09-30 11:21:19.441   747   768 V WindowManager:     ]}
09-30 11:21:19.441   747   768 V WindowManager: Finish Transition (#81): created at 09-30 11:21:19.396 collect-started=0.018ms request-sent=0.04ms started=13.359ms ready=19.475ms sent=21.673ms commit=17.63ms finished=35.445ms
09-30 11:21:19.442  3774  3774 D VRI[UninstallerActivity]: visibilityChanged oldVisibility=true newVisibility=false
09-30 11:21:19.443   988  1038 V WindowManagerShell: Track 0 became idle
09-30 11:21:19.443   988  1038 V WindowManagerShell: All active transition animations finished
09-30 11:21:19.443   988  1038 V WindowManagerShell:  animated by com.android.wm.shell.transition.DefaultTransitionHandler@f46dcf5
09-30 11:21:19.443   988  1038 V WindowManagerShell: Track 0 became idle
09-30 11:21:19.443   988  1038 V WindowManagerShell: All active transition animations finished
09-30 11:21:19.450   747   781 W ActivityTaskManager: Force removing ActivityRecord{24650710 u0 com.sellerapp2/.MainActivity t476 f}}: app died, no saved state
09-30 11:21:19.450   747   859 I ImeTracker: com.android.settings:a2af686b: onRequestHide at ORIGIN_SERVER reason HIDE_SAME_WINDOW_FOCUSED_WITHOUT_EDITOR fromUser false
09-30 11:21:19.451  3947  3947 D InsetsController: hide(ime(), fromIme=false)
09-30 11:21:19.451  3947  3947 I ImeTracker: com.android.settings:a2af686b: onCancelled at PHASE_CLIENT_ALREADY_HIDDEN
09-30 11:21:19.461  1422  1422 I GoogleInputMethodService: GoogleInputMethodService.onFinishInput():2057
09-30 11:21:19.463  1422  1422 I Module  : DeviceLockedStatusModuleProvider$Module.updateDeviceLockedStatus():100 repeatCheckTimes = 0, locked = false
09-30 11:21:19.464  1422  1422 I GoogleInputMethodService: GoogleInputMethodService.onStartInput():1318 onStartInput(EditorInfo{EditorInfo{packageName=com.android.settings, inputType=0, inputTypeString=NULL, enableLearning=false, autoCorrection=false, autoComplete=false, imeOptions=0, privateImeOptions=null, actionName=UNSPECIFIED, actionLabel=null, initialSelStart=-1, initialSelEnd=-1, initialCapsMode=0, label=null, fieldId=0, fieldName=null, extras=null, hintText=null, hintLocales=[]}}, false)
09-30 11:21:19.467  1422  1422 I Module  : DeviceLockedStatusModuleProvider$Module.updateDeviceLockedStatus():100 repeatCheckTimes = 1, locked = false
09-30 11:21:19.467  3774  3774 W WindowOnBackDispatcher: sendCancelIfRunning: isInProgress=false callback=android.app.Activity$$ExternalSyntheticLambda0@f8b62ba
09-30 11:21:19.471  3774  3774 D ViewRootImpl: Skipping stats log for color mode
09-30 11:21:19.488   747  1272 W WindowManager: Failed looking up window session=Session{a1f18ec 3774:u0a10105} callers=com.android.server.wm.WindowManagerService.windowForClientLocked:6410 com.android.server.wm.Session.setOnBackInvokedCallbackInfo:1010 android.view.IWindowSession$Stub.onTransact:1158
09-30 11:21:19.489   747  1272 I WindowManager: setOnBackInvokedCallback(): No window state for package:com.google.android.packageinstaller
09-30 11:21:19.491   526   526 I Zygote  : Process 10420 exited due to signal 9 (Killed)
09-30 11:21:19.492   747   895 D ConnectivityService: releasing NetworkRequest [ REQUEST id=195, [ Capabilities: INTERNET&NOT_RESTRICTED&TRUSTED&NOT_VCN_MANAGED&NOT_BANDWIDTH_CONSTRAINED Uid: 10226 RequestorUid: 10226 RequestorPkg: com.sellerapp2 UnderlyingNetworks: Null] ] (release request)
09-30 11:21:19.497   747   783 I libprocessgroup: Removed cgroup /sys/fs/cgroup/apps/uid_10226/pid_10420
09-30 11:21:19.507   747  1957 W PackageConfigPersister: App-specific configuration not found for packageName: com.android.settings and userId: 0
09-30 11:21:19.508  1422  1422 W NotificationCenter: NotificationCenter$NotificationQueue.notifyPendingNotificationsOnExecutor():877 Heavy notify work detected on UI thread: [ltj->kub] takes 40ms
09-30 11:21:19.510   747   818 V ActivityManager: Got obituary of 10420:com.sellerapp2
09-30 11:21:19.514   747   771 V WindowManager: Unknown focus tokens, dropping reportFocusChanged
09-30 11:21:19.523   747   771 W ActivityManager: setHasOverlayUi called on unknown pid: 10420
09-30 11:21:19.526  1136  1136 D RecentsView: onTaskRemoved: 476, not handling task stack changes
09-30 11:21:19.526   747   831 W UsageStatsService: Unexpected activity event reported! (com.sellerapp2/com.sellerapp2.MainActivity event : 23 instanceId : 220038468)
09-30 11:21:19.526  1136  1136 D RecentsView: onTaskRemoved: 476, not handling task stack changes
09-30 11:21:19.526   747   946 D BackgroundInstallControlService: Package event received: 0
09-30 11:21:19.591   747   946 D BackgroundInstallControlService: Package event received: 0
09-30 11:21:19.594   747   747 W NotificationHistory: Attempted to add notif for locked/gone/disabled user 0
09-30 11:21:19.602  1136  1136 I NotificationListener: received notification posted event - com.google.android.packageinstaller#UserHandle{0},category=-1
09-30 11:21:19.605  1511  1970 W AiAiEcho: LyftNotificationParser Ridesharing ETA not enabled
09-30 11:21:19.608  1511  1970 I AiAiEcho: SmartspaceNotificationPredictor no parser can handle this notification or notification is invalid
09-30 11:21:19.762 10607 10607 I artd    : Starting artd
09-30 11:21:19.764 10607 10607 I AidlLazyServiceRegistrar: Registering service artd
09-30 11:21:19.768 10607 10607 I AidlLazyServiceRegistrar: Process has 1 (of 1 available) client(s) in use after notification artd has clients: 1
09-30 11:21:19.778   988  1309 D LocalImageResolver: Couldn't use ImageDecoder for drawable, falling back to non-resized load.
09-30 11:21:19.785   988  1309 D LocalImageResolver: Couldn't use ImageDecoder for drawable, falling back to non-resized load.
09-30 11:21:19.834   306   306 I keystore2: system/security/keystore2/src/maintenance.rs:607 - clearNamespace(r#APP, nspace=10226)
09-30 11:21:19.861   747   946 D BackgroundInstallControlService: Package event received: 2
09-30 11:21:19.861   747   946 D BackgroundInstallControlService: handlePackageRemove: removing com.sellerapp2 from 0
09-30 11:21:19.873   747  1580 E TaskPersister: File error accessing recents directory (directory doesn't exist?).
09-30 11:21:19.894  3774  3774 I UninstallFinish: Uninstall finished extras=Bundle[{android.content.pm.extra.STATUS=0, com.android.packageinstaller.extra.IS_CLONE_APP=false, android.content.pm.extra.PACKAGE_NAME=com.sellerapp2, com.android.packageinstaller.extra.APP_LABEL=Seller App (Goat Goat), com.android.packageinstaller.applicationInfo=Supplier{VAL_PARCELABLE@556+1880}, android.intent.extra.UNINSTALL_ALL_USERS=false, android.content.pm.extra.LEGACY_STATUS=1, com.android.packageinstaller.extra.UNINSTALL_ID=-2147483644, android.content.pm.extra.STATUS_MESSAGE=DELETE_SUCCEEDED}]
09-30 11:21:19.895   747   807 I ActivityManager: Force stopping com.sellerapp2 appid=10226 user=0: pkg removed
09-30 11:21:19.897   747   807 W IPCThreadState: Sending oneway calls to frozen process.
09-30 11:21:19.897   747   807 W IPCThreadState: Sending oneway calls to frozen process.
09-30 11:21:19.897   747   807 W IPCThreadState: Sending oneway calls to frozen process.
09-30 11:21:19.897   747   807 W IPCThreadState: Sending oneway calls to frozen process.
09-30 11:21:19.897   747   807 W IPCThreadState: Sending oneway calls to frozen process.
09-30 11:21:19.897   747   807 W IPCThreadState: Sending oneway calls to frozen process.
09-30 11:21:19.897   747   807 W IPCThreadState: Sending oneway calls to frozen process.
09-30 11:21:19.897   747   807 W IPCThreadState: Sending oneway calls to frozen process.
09-30 11:21:19.897   747   807 W IPCThreadState: Sending oneway calls to frozen process.
09-30 11:21:19.897   747   807 W IPCThreadState: Sending oneway calls to frozen process.
09-30 11:21:19.897   747   807 W IPCThreadState: Sending oneway calls to frozen process.
09-30 11:21:19.897   747   807 W IPCThreadState: Sending oneway calls to frozen process.
09-30 11:21:19.897   747   807 W IPCThreadState: Sending oneway calls to frozen process.
09-30 11:21:19.897   747   807 W IPCThreadState: Sending oneway calls to frozen process.
09-30 11:21:19.897   747   807 W IPCThreadState: Sending oneway calls to frozen process.
09-30 11:21:19.897   747   807 W IPCThreadState: Sending oneway calls to frozen process.
09-30 11:21:19.898   747   807 W IPCThreadState: Sending oneway calls to frozen process.
09-30 11:21:19.898   747   807 W IPCThreadState: Sending oneway calls to frozen process.
09-30 11:21:19.898   747   807 W IPCThreadState: Sending oneway calls to frozen process.
09-30 11:21:19.898   747   807 W IPCThreadState: Sending oneway calls to frozen process.
09-30 11:21:19.898   747   807 W IPCThreadState: Sending oneway calls to frozen process.
09-30 11:21:19.898   747   807 W IPCThreadState: Sending oneway calls to frozen process.
09-30 11:21:19.898   747   807 W IPCThreadState: Sending oneway calls to frozen process.
09-30 11:21:19.898   747   807 W IPCThreadState: Sending oneway calls to frozen process.
09-30 11:21:19.900   747   807 W IPCThreadState: Sending oneway calls to frozen process.
09-30 11:21:19.900   747   807 W IPCThreadState: Sending oneway calls to frozen process.
09-30 11:21:19.900   747   807 W IPCThreadState: Sending oneway calls to frozen process.
09-30 11:21:19.900   747   807 W IPCThreadState: Sending oneway calls to frozen process.
09-30 11:21:19.900   747   807 W IPCThreadState: Sending oneway calls to frozen process.
09-30 11:21:19.900   747   807 W IPCThreadState: Sending oneway calls to frozen process.
09-30 11:21:19.900   747   807 W IPCThreadState: Sending oneway calls to frozen process.
09-30 11:21:19.901   747   807 W IPCThreadState: Sending oneway calls to frozen process.
09-30 11:21:19.903   747   807 W IPCThreadState: Sending oneway calls to frozen process.
09-30 11:21:19.903   747   807 W IPCThreadState: Sending oneway calls to frozen process.
09-30 11:21:19.903   747   807 W IPCThreadState: Sending oneway calls to frozen process.
09-30 11:21:19.903   747   807 W IPCThreadState: Sending oneway calls to frozen process.
09-30 11:21:19.903   747   807 W IPCThreadState: Sending oneway calls to frozen process.
09-30 11:21:19.903   747   807 W IPCThreadState: Sending oneway calls to frozen process.
09-30 11:21:19.903   747   807 W IPCThreadState: Sending oneway calls to frozen process.
09-30 11:21:19.903   747   807 W IPCThreadState: Sending oneway calls to frozen process.
09-30 11:21:19.903   747   807 W IPCThreadState: Sending oneway calls to frozen process.
09-30 11:21:19.903   747   807 W IPCThreadState: Sending oneway calls to frozen process.
09-30 11:21:19.903   747   807 W IPCThreadState: Sending oneway calls to frozen process.
09-30 11:21:19.903   747   807 W IPCThreadState: Sending oneway calls to frozen process.
09-30 11:21:19.903   747   807 W IPCThreadState: Sending oneway calls to frozen process.
09-30 11:21:19.903   747   807 W IPCThreadState: Sending oneway calls to frozen process.
09-30 11:21:19.903   747   807 W IPCThreadState: Sending oneway calls to frozen process.
09-30 11:21:19.903   747   807 W IPCThreadState: Sending oneway calls to frozen process.
09-30 11:21:19.910   747   864 V StorageManagerService: Package com.sellerapp2 does not have legacy storage
09-30 11:21:19.912   747   860 I system_server: AssetManager2(0x7f54f710bfd8) locale list changing from [] to [en-US]
09-30 11:21:19.913  1136  1136 I NotificationListener: received notification removed event - com.google.android.packageinstaller#UserHandle{0},category=-1
09-30 11:21:19.917   747  1580 E TaskPersister: File error accessing recents directory (directory doesn't exist?).
09-30 11:21:19.932   747   860 I system_server: AssetManager2(0x7f54f7128818) locale list changing from [] to [en-US]
09-30 11:21:19.941   747   863 I system_server: AssetManager2(0x7f54f726edf8) locale list changing from [] to [en-US]
09-30 11:21:19.942   988   988 I ndroid.systemui: AssetManager2(0x7f54f711f538) locale list changing from [] to [en-US]
09-30 11:21:19.947   747   781 D ActivityManager: sync unfroze 4402 com.google.android.documentsui for 3
09-30 11:21:19.947   747   863 I system_server: AssetManager2(0x7f54f728a058) locale list changing from [] to [en-US]
09-30 11:21:19.961   747   945 D ShortcutService: received package broadcast intent: Intent { act=android.intent.action.PACKAGE_REMOVED dat=package: flg=0x4000010 (has extras) }
09-30 11:21:19.961   747   945 D ShortcutService: removing package: com.sellerapp2 userId=0
09-30 11:21:19.963   747   863 V AccessibilityManagerService: onUserStateChangedLocked for userId: 0, forceUpdate: false
09-30 11:21:19.965   747   863 W MagnificationConnectionManager: requestConnection duplicated request: connect=false, mConnectionState=DISCONNECTED
09-30 11:21:19.969   747   771 I system_server: AssetManager2(0x7f54f726e7b8) locale list changing from [] to [en-US]
09-30 11:21:19.971   747   889 W WifiService: Couldn't get PackageInfo for package:com.sellerapp2
09-30 11:21:19.971   747   889 D WifiService: Remove settings for package:com.sellerapp2
09-30 11:21:19.973  1117  1117 D CarrierSvcBindHelper: onPackageRemoved: com.sellerapp2
09-30 11:21:19.977  1117  1366 I SatelliteAppTracker: onPackageRemoved : com.sellerapp2
09-30 11:21:19.981   747   889 D WifiConfigManager: Remove all networks for app ApplicationInfo{9b43ef7 com.sellerapp2}
09-30 11:21:19.986   747   747 D ActivityManager: sync unfroze 4375 com.android.keychain for 10
09-30 11:21:19.989   747   889 I PasspointManager: No app ops listener found for com.sellerapp2
09-30 11:21:19.989   747   889 W WifiService: Couldn't get PackageInfo for package:com.sellerapp2
09-30 11:21:19.989   747   889 D WifiService: Remove settings for package:com.sellerapp2
09-30 11:21:19.989   747   889 D WifiConfigManager: Remove all networks for app ApplicationInfo{4d1082 com.sellerapp2}
09-30 11:21:19.989   747   889 I PasspointManager: No app ops listener found for com.sellerapp2
09-30 11:21:19.991   747   901 E AppOps  : attributionTag VCN not declared in manifest of android
09-30 11:21:19.996   747   844 I RoleService: Granting default roles...
09-30 11:21:19.999  1117  1117 D CarrierSvcBindHelper: No carrier app for: 0
09-30 11:21:20.002   747   836 I RollbackManager: broadcast=ACTION_PACKAGE_FULLY_REMOVED pkg=com.sellerapp2
09-30 11:21:20.010   988  1038 V WindowManagerShell: Transition requested (#82): android.os.BinderProxy@3ad29d7 TransitionRequestInfo { type = CLOSE, triggerTask = TaskInfo{userId=0 taskId=477 effectiveUid=1000 displayId=0 isRunning=false baseIntent=Intent { act=android.settings.APPLICATION_DETAILS_SETTINGS dat=package: flg=0x10008000 cmp=com.android.settings/.applications.InstalledAppDetails } baseActivity=null topActivity=null origActivity=ComponentInfo{com.android.settings/com.android.settings.applications.InstalledAppDetails} realActivity=ComponentInfo{com.android.settings/com.android.settings.applications.InstalledAppDetailsTop} numActivities=0 lastActiveTime=4840703 supportsMultiWindow=true resizeMode=1 isResizeable=true minWidth=-1 minHeight=-1 defaultMinSize=220 token=WCT{android.window.IWindowContainerToken$Stub$Proxy@6c482c4} topActivityType=1 pictureInPictureParams=null shouldDockBigOverlays=false launchIntoPipHostTaskId=-1 lastParentTaskIdBeforePip=-1 displayCutoutSafeInsets=Rect(0, 0 - 0, 0) topActivityInfo=null launchCookies=[android.os.BinderProxy@3e22751] positionInParent=Point(0, 0) parentTaskId=-1 isFocused=true isVisible=true isVisibleRequested=true isTopActivityNoDisplay=false isSleeping=false locusId=null displayAreaFeatureId=1 isTopActivityTransparent=false isActivityStackTransparent=true lastNonFullscreenBounds=Rect(284, 660 - 796, 1740) capturedLink=null capturedLinkTimestamp=0 requestedVisibleTypes=-9 topActivityRequestOpenInBrowserEducationTimestamp=0 appCompatTaskInfo=AppCompatTaskInfo { topActivityInSizeCompat=false eligibleForLetterboxEducation= false isLetterboxEducationEnabled= false isLetterboxDoubleTapEnabled= false eligibleForUserAspectRatioButton= false topActivityBoundsLetterboxed= false isFromLetterboxDoubleTap= false topActivityLetterboxVerticalPosition= -1 topActivityLetterboxHorizontalPosition= -1 topActivityLetterboxWidth=-1 topActivityLetterboxHeight=-1 topActivityAppBounds=Rect(0, 0 - 0, 0) isUserFullscreenOverrideEnabled=false isSystemFullscreenOverrideEnabled=false hasMinAspectRatioOverride=false topActivityLetterboxBounds=null cameraCompatTaskInfo=CameraCompatTaskInfo { freeformCameraCompatMode=undefined}} topActivityMainWindowFrame=null}, pipChange = null, remoteTransition = null, displayChange = null, flags = 0, debugId = 82 }
09-30 11:21:20.014   747   901 E AppOps  : attributionTag VCN not declared in manifest of android
09-30 11:21:20.020   602   602 I BpBinder: onLastStrongRef automatically unlinking death recipients:
09-30 11:21:20.025   747   747 W IPCThreadState: Sending oneway calls to frozen process.
09-30 11:21:20.032   747  4154 W SignedPackage: Package doesn't have required signing certificate: com.google.android.retaildemo
09-30 11:21:20.033   747  4154 E RoleControllerServiceImpl: Default/fallback role holder package doesn't qualify for the role, package: com.google.android.gms.supervision, role: android.app.role.SYSTEM_SUPERVISION
09-30 11:21:20.041   747   780 I CredentialManager: updateProvidersWhenPackageRemoved
09-30 11:21:20.048  1136  1136 D ViewRootImpl: Skipping stats log for color mode
09-30 11:21:20.048   747   747 W IPCThreadState: Sending oneway calls to frozen process.
09-30 11:21:20.049   747   747 W IPCThreadState: Sending oneway calls to frozen process.
09-30 11:21:20.056  1136  1136 D StatsLog: LAUNCHER_ONRESUME
09-30 11:21:20.061   747  4154 W SignedPackage: Package doesn't have required signing certificate: com.google.android.apps.work.clouddpc
09-30 11:21:20.065  3025  3025 I Finsky:background: [2] afdn - Received: android.intent.action.PACKAGE_REMOVED, [SfIERmoeK-KQIbbirKSCsvwzkLdlqUjmiCez4zpJR44]
09-30 11:21:20.065   988  1038 D WindowManagerShell: setLauncherKeepClearAreaHeight: visible=true, height=527
09-30 11:21:20.066  1136  1136 D VRI[NexusLauncherActivity]: visibilityChanged oldVisibility=false newVisibility=true
09-30 11:21:20.070  1136  1136 D NexusLauncherModelDelegate: notifySmartspaceEvent: SmartspaceTargetEvent{mSmartspaceTarget=null, mSmartspaceActionId='null', mEventType=6}
09-30 11:21:20.079  1136  1188 D QuickstepModelDelegate: notifyAppTargetEvent action=1 launchLocation=workspace/0/[-1,-1]/[1,1]
09-30 11:21:20.083   747   747 I Telecom : CarModeTracker: Package com.sellerapp2 is not tracked.: SSH.oR@ALQ
09-30 11:21:20.090  2503  2503 I Finsky  : [2] afdy - Received: android.intent.action.PACKAGE_REMOVED, [SfIERmoeK-KQIbbirKSCsvwzkLdlqUjmiCez4zpJR44]
09-30 11:21:20.092  1136  1136 D BaseDepthController: setSurface:
09-30 11:21:20.092  1136  1136 D BaseDepthController:   mWaitingOnSurfaceValidity: false
09-30 11:21:20.092  1136  1136 D BaseDepthController:   mBaseSurface: Surface(name=com.google.android.apps.nexuslauncher/com.google.android.apps.nexuslauncher.NexusLauncherActivity)/@0x1585b85
09-30 11:21:20.094   747   747 I Telecom : InCallController: updateCarModeForConnections: car mode apps: : SSH.oR@ALQ
09-30 11:21:20.111   747   888 I system_server: AssetManager2(0x7f54f726db38) locale list changing from [] to [en-US]
09-30 11:21:20.119   747   747 I Telecom : InCallController: update carmode current:UserHandle{0} parent:null: SSH.oR@ALQ
09-30 11:21:20.129   988   988 D ControlsListingControllerImpl: ServiceConfig reloaded, count: 0
09-30 11:21:20.141  1511  1719 I AiAiEcho: Predicting[0]:  [CONTEXT sampling_count=5 ]
09-30 11:21:20.141  1511  1719 I AiAiEcho: EchoTargets:
09-30 11:21:20.141  1511  1719 I AiAiEcho: Filtered by AiAi flag check:
09-30 11:21:20.141  1511  1719 I AiAiEcho: [CONTEXT ratelimit_period="10 SECONDS" ]
09-30 11:21:20.143  3025  3025 I Finsky:background: [2] Package no longer installed: com.sellerapp2
09-30 11:21:20.145   747   780 I system_server: AssetManager2(0x7f54f72a0df8) locale list changing from [] to [en-US]
09-30 11:21:20.147   747  4154 E RoleControllerServiceImpl: Default/fallback role holder package doesn't qualify for the role, package: com.google.android.gms, role: android.app.role.WALLET
09-30 11:21:20.157   747  4154 I system_server: AssetManager2(0x7f54f72a58f8) locale list changing from [] to [en-US]
09-30 11:21:20.157  1511  1719 I AiAiEcho: #remoteViewsTwiddler: feature disabled.
09-30 11:21:20.163   988  1397 V WindowManagerShell: onTransitionReady(transaction=3208340574010)
09-30 11:21:20.163   988  1038 V WindowManagerShell: onTransitionReady (#82) android.os.BinderProxy@3ad29d7: {id=82 t=CLOSE f=0x0 trk=0 r=[0@Point(0, 0)] c=[
09-30 11:21:20.163   988  1038 V WindowManagerShell:         {m=TO_FRONT f=SHOW_WALLPAPER|MOVE_TO_TOP leash=Surface(name=Task=1)/@0xc3e0692 sb=Rect(0, 0 - 1080, 2400) eb=Rect(0, 0 - 1080, 2400) epz=Point(1080, 2400) d=0 taskParent=-1},
09-30 11:21:20.163   988  1038 V WindowManagerShell:         {m=CLOSE f=NONE leash=Surface(name=Task=477)/@0x3557863 sb=Rect(0, 0 - 1080, 2400) eb=Rect(0, 0 - 1080, 2400) epz=Point(1080, 2400) d=0 taskParent=-1},
09-30 11:21:20.163   988  1038 V WindowManagerShell:         {m=TO_FRONT f=IS_WALLPAPER leash=Surface(name=WallpaperWindowToken{e18ba85 showWhenLocked=false})/@0x5a49c60 sb=Rect(0, 0 - 1080, 2400) eb=Rect(0, 0 - 1080, 2400) epz=Point(1080, 2400) d=0}
09-30 11:21:20.163   988  1038 V WindowManagerShell:     ]}
09-30 11:21:20.164   988  1038 V WindowManagerShell: Playing animation for (#82) android.os.BinderProxy@3ad29d7@0
09-30 11:21:20.164   988  1038 V ShellRecents: RecentsTransitionHandler.startAnimation: no controller found
09-30 11:21:20.164   747   747 D AppSearchAppsIndexerManagerS: userid in package receiver: 10226
09-30 11:21:20.164   988  1038 V WindowManagerShell: Transition doesn't have explicit remote, search filters for match for {id=82 t=CLOSE f=0x0 trk=0 r=[0@Point(0, 0)] c=[{m=TO_FRONT f=SHOW_WALLPAPER|MOVE_TO_TOP leash=Surface(name=Task=1)/@0xc3e0692 sb=Rect(0, 0 - 1080, 2400) eb=Rect(0, 0 - 1080, 2400) epz=Point(1080, 2400) d=0 taskParent=-1},{m=CLOSE f=NONE leash=Surface(name=Task=477)/@0x3557863 sb=Rect(0, 0 - 1080, 2400) eb=Rect(0, 0 - 1080, 2400) epz=Point(1080, 2400) d=0 taskParent=-1},{m=TO_FRONT f=IS_WALLPAPER leash=Surface(name=WallpaperWindowToken{e18ba85 showWhenLocked=false})/@0x5a49c60 sb=Rect(0, 0 - 1080, 2400) eb=Rect(0, 0 - 1080, 2400) epz=Point(1080, 2400) d=0}]}
09-30 11:21:20.165   988  1038 V WindowManagerShell:  Checking filter Pair{{types=[] flags=0x0] notFlags=0x0 checks=[{atype=undefined independent=true modes=[CLOSE,TO_BACK] flags=IN_TASK_WITH_EMBEDDED_ACTIVITY mustBeTask=false order=ANY topActivity=null launchCookie=null taskFragmentToken=android.os.BinderProxy@eede10a windowingMode=undefined}]} RemoteTransition { remoteTransition = android.window.IRemoteTransition$Stub$Proxy@d960d7b, appThread = android.app.IApplicationThread$Stub$Proxy@9216798, debugName = overlayBackTransition }}
09-30 11:21:20.165   988  1038 V WindowManagerShell:  Checking filter Pair{{types=[] flags=0x0] notFlags=0x0 checks=[{atype=dream independent=true modes=[OPEN,TO_FRONT] flags=NONE mustBeTask=false order=ANY topActivity=null launchCookie=null windowingMode=undefined},{atype=home independent=true modes=[CLOSE,TO_BACK] flags=NONE mustBeTask=false order=ANY topActivity=null launchCookie=null windowingMode=undefined}]} RemoteTransition { remoteTransition = android.window.IRemoteTransition$Stub$Proxy@8599bf1, appThread = android.app.IApplicationThread$Stub$Proxy@91103d6, debugName = LauncherToDream }}
09-30 11:21:20.165   988  1038 V WindowManagerShell:  Checking filter Pair{{types=[] flags=0x0] notFlags=0x100 checks=[{atype=home independent=true modes=[OPEN,TO_FRONT] flags=NONE mustBeTask=false order=TOP topActivity=ComponentInfo{com.google.android.apps.nexuslauncher/com.google.android.apps.nexuslauncher.NexusLauncherActivity} launchCookie=null windowingMode=undefined},{atype=standard independent=true modes=[CLOSE,TO_BACK] flags=NONE mustBeTask=false order=ANY topActivity=null launchCookie=null windowingMode=undefined},{NOT atype=undefined independent=true modes=[] flags=NONE mustBeTask=true order=ANY topActivity=null launchCookie=null customAnim=true windowingMode=undefined}]} RemoteTransition { remoteTransition = android.window.IRemoteTransition$Stub$Proxy@8ee0657, appThread = android.app.IApplicationThread$Stub$Proxy@1916544, debugName = QuickstepLaunchHome }}
09-30 11:21:20.165   988  1038 D RemoteTransitionHandler: Found filterPair{{types=[] flags=0x0] notFlags=0x100 checks=[{atype=home independent=true modes=[OPEN,TO_FRONT] flags=NONE mustBeTask=false order=TOP topActivity=ComponentInfo{com.google.android.apps.nexuslauncher/com.google.android.apps.nexuslauncher.NexusLauncherActivity} launchCookie=null windowingMode=undefined},{atype=standard independent=true modes=[CLOSE,TO_BACK] flags=NONE mustBeTask=false order=ANY topActivity=null launchCookie=null windowingMode=undefined},{NOT atype=undefined independent=true modes=[] flags=NONE mustBeTask=true order=ANY topActivity=null launchCookie=null customAnim=true windowingMode=undefined}]} RemoteTransition { remoteTransition = android.window.IRemoteTransition$Stub$Proxy@8ee0657, appThread = android.app.IApplicationThread$Stub$Proxy@1916544, debugName = QuickstepLaunchHome }}
09-30 11:21:20.165   988  1038 V WindowManagerShell:  Delegate animation for (#82) to RemoteTransition { remoteTransition = android.window.IRemoteTransition$Stub$Proxy@8ee0657, appThread = android.app.IApplicationThread$Stub$Proxy@1916544, debugName = QuickstepLaunchHome }
09-30 11:21:20.165   747  4154 W SignedPackage: Cannot get ApplicationInfo for package: com.google.android.devicelockcontroller
09-30 11:21:20.167   602   712 I BpBinder: onLastStrongRef automatically unlinking death recipients:
09-30 11:21:20.169   747   946 D BackgroundInstallControlService: Package event received: 0
09-30 11:21:20.169   747   946 D BackgroundInstallControlService: Package event received: 0
09-30 11:21:20.169   747   946 D BackgroundInstallControlService: Package event received: 0
09-30 11:21:20.169   747   946 D BackgroundInstallControlService: Package event received: 0
09-30 11:21:20.172   747   780 I system_server: AssetManager2(0x7f54f71265b8) locale list changing from [] to [en-US]
09-30 11:21:20.176  1511  1719 I AiAiEcho: #postPredictionTargets: Sending updates to UISurface home with targets# 0 (types=[])
09-30 11:21:20.178   747   780 I system_server: AssetManager2(0x7f54f716e9f8) locale list changing from [] to [en-US]
09-30 11:21:20.181  1136  1136 D StateManager: createAtomicAnimation - fromState: Background, toState: Normal, partial trace:
09-30 11:21:20.181  1136  1136 D StateManager:  at com.android.quickstep.util.ScalingWorkspaceRevealAnim.<init>(go/retraceme ee19ec8c009da7af1d458e7d1683a6f5bf3b93b44f6674aa108e1a3e78584fe0:39)
09-30 11:21:20.181  1136  1136 D StateManager:  at com.android.launcher3.QuickstepTransitionManager.createWallpaperOpenAnimations(go/retraceme ee19ec8c009da7af1d458e7d1683a6f5bf3b93b44f6674aa108e1a3e78584fe0:168)
09-30 11:21:20.181  1136  1136 D StateManager:  at com.android.launcher3.QuickstepTransitionManager$WallpaperOpenLauncherAnimationRunner.onAnimationStart(go/retraceme ee19ec8c009da7af1d458e7d1683a6f5bf3b93b44f6674aa108e1a3e78584fe0:17)
09-30 11:21:20.183  1136  1136 D b/311077782: LauncherAnimationRunner.setAnimation
09-30 11:21:20.185   747   768 V WindowManager: Sent Transition (#82) createdAt=09-30 11:21:20.008 via request=TransitionRequestInfo { type = CLOSE, triggerTask = TaskInfo{userId=0 taskId=477 effectiveUid=1000 displayId=0 isRunning=false baseIntent=Intent { act=android.settings.APPLICATION_DETAILS_SETTINGS dat=package: flg=0x10008000 cmp=com.android.settings/.applications.InstalledAppDetails } baseActivity=null topActivity=null origActivity=ComponentInfo{com.android.settings/com.android.settings.applications.InstalledAppDetails} realActivity=ComponentInfo{com.android.settings/com.android.settings.applications.InstalledAppDetailsTop} numActivities=0 lastActiveTime=4840703 supportsMultiWindow=true resizeMode=1 isResizeable=true minWidth=-1 minHeight=-1 defaultMinSize=220 token=WCT{RemoteToken{9c3f246 Task{6e35ae9 #477 type=standard A=1000:com.android.settings}}} topActivityType=1 pictureInPictureParams=null shouldDockBigOverlays=false launchIntoPipHostTaskId=-1 lastParentTaskIdBeforePip=-1 displayCutoutSafeInsets=Rect(0, 0 - 0, 0) topActivityInfo=null launchCookies=[android.os.BinderProxy@1449134] positionInParent=Point(0, 0) parentTaskId=-1 isFocused=true isVisible=true isVisibleRequested=true isTopActivityNoDisplay=false isSleeping=false locusId=null displayAreaFeatureId=1 isTopActivityTransparent=false isActivityStackTransparent=true lastNonFullscreenBounds=Rect(284, 660 - 796, 1740) capturedLink=null capturedLinkTimestamp=0 requestedVisibleTypes=-9 topActivityRequestOpenInBrowserEducationTimestamp=0 appCompatTaskInfo=AppCompatTaskInfo { topActivityInSizeCompat=false eligibleForLetterboxEducation= false isLetterboxEducationEnabled= false isLetterboxDoubleTapEnabled= false eligibleForUserAspectRatioButton= false topActivityBoundsLetterboxed= false isFromLetterboxDoubleTap= false topActivityLetterboxVerticalPosition= -1 topActivityLetterboxHorizontalPosition= -1 topActivityLetterboxWidth=-1 topActivityLetterboxHeight=-1 topActivityAppBounds=Rect(0, 0 - 0, 0) isUserFullscreenOverrideEnabled=false isSystemFullscreenOverrideEnabled=false hasMinAspectRatioOverride=false topActivityLetterboxBounds=null cameraCompatTaskInfo=CameraCompatTaskInfo { freeformCameraCompatMode=undefined}} topActivityMainWindowFrame=null}, pipChange = null, remoteTransition = null, displayChange = null, flags = 0, debugId = 82 }
09-30 11:21:20.185   747   768 V WindowManager:     startWCT=WindowContainerTransaction { changes= {} hops= [] errorCallbackToken=null taskFragmentOrganizer=null }
09-30 11:21:20.185   747   768 V WindowManager:     info={id=82 t=CLOSE f=0x0 trk=0 r=[0@Point(0, 0)] c=[
09-30 11:21:20.185   747   768 V WindowManager:         {WCT{RemoteToken{fd67790 Task{98f9266 #1 type=home}}} m=TO_FRONT f=SHOW_WALLPAPER|MOVE_TO_TOP leash=Surface(name=Task=1)/@0x28b73fc sb=Rect(0, 0 - 1080, 2400) eb=Rect(0, 0 - 1080, 2400) epz=Point(1080, 2400) d=0 taskParent=-1},
09-30 11:21:20.185   747   768 V WindowManager:         {WCT{RemoteToken{9c3f246 Task{6e35ae9 #477 type=standard A=1000:com.android.settings}}} m=CLOSE f=NONE leash=Surface(name=Task=477)/@0xcd4b488 sb=Rect(0, 0 - 1080, 2400) eb=Rect(0, 0 - 1080, 2400) epz=Point(1080, 2400) d=0 taskParent=-1},
09-30 11:21:20.185   747   768 V WindowManager:         {m=TO_FRONT f=IS_WALLPAPER leash=Surface(name=WallpaperWindowToken{e18ba85 showWhenLocked=false})/@0xa10bcef sb=Rect(0, 0 - 1080, 2400) eb=Rect(0, 0 - 1080, 2400) epz=Point(1080, 2400) d=0}
09-30 11:21:20.185   747   768 V WindowManager:     ]}
09-30 11:21:20.194   747  1272 D ActivityManager: sync unfroze 1506 com.google.android.gms for 6
09-30 11:21:20.198  1136  1136 D SsBaseTemplateCard: No text view can be set up
09-30 11:21:20.199   988  1038 V WindowManagerShell:  animated by com.android.wm.shell.transition.RemoteTransitionHandler@4beb6ae
09-30 11:21:20.204  1136  1136 D SsBaseTemplateCard: Passed-in item info is null
09-30 11:21:20.204  1136  1136 D SsBaseTemplateCard: Passed-in item info is null
09-30 11:21:20.204  1136  1136 D SsBaseTemplateCard: Passed-in item info is null
09-30 11:21:20.204  1136  1136 I SsBaseTemplateCard: Secondary card pane is null
09-30 11:21:20.243   747   859 I ImeTracker: com.google.android.apps.nexuslauncher:c2ae3308: onRequestHide at ORIGIN_SERVER reason HIDE_UNSPECIFIED_WINDOW fromUser false
09-30 11:21:20.243   602   602 I BpBinder: onLastStrongRef automatically unlinking death recipients:
09-30 11:21:20.250  1422  1422 I GoogleInputMethodService: GoogleInputMethodService.onFinishInput():2057
09-30 11:21:20.252  1422  1422 I Module  : DeviceLockedStatusModuleProvider$Module.updateDeviceLockedStatus():100 repeatCheckTimes = 0, locked = false
09-30 11:21:20.253  1422  1422 I GoogleInputMethodService: GoogleInputMethodService.onStartInput():1318 onStartInput(EditorInfo{EditorInfo{packageName=com.google.android.apps.nexuslauncher, inputType=0, inputTypeString=NULL, enableLearning=false, autoCorrection=false, autoComplete=false, imeOptions=0, privateImeOptions=null, actionName=UNSPECIFIED, actionLabel=null, initialSelStart=-1, initialSelEnd=-1, initialCapsMode=0, label=null, fieldId=0, fieldName=null, extras=null, hintText=null, hintLocales=[]}}, false)
09-30 11:21:20.254  1422  1422 I Module  : DeviceLockedStatusModuleProvider$Module.updateDeviceLockedStatus():100 repeatCheckTimes = 1, locked = false
09-30 11:21:20.258   747   817 I ImeTracker: system_server:cad4a85f: onRequestHide at ORIGIN_SERVER reason IME_REQUESTED_CHANGED_LISTENER fromUser false
09-30 11:21:20.262  1136  1136 D InsetsController: hide(ime(), fromIme=false)
09-30 11:21:20.262  1136  1136 I ImeTracker: com.google.android.apps.nexuslauncher:c2ae3308: onCancelled at PHASE_CLIENT_ALREADY_HIDDEN
09-30 11:21:20.264  3022  3228 W LightPackageInfoLiveData: Package "com.sellerapp2" not found for user UserHandle{0}
09-30 11:21:20.267  3025 10624 I Finsky:background: [172] Frosting DB delete succeeded: true
09-30 11:21:20.271   547   547 I RanchuHwc: logCompositionFallbackIfChanged: layer 165 CompositionType fallback from 2 to 1
09-30 11:21:20.301   747   780 D LauncherAppsService: onPackageRemoved: triggering onPackageRemoved for user=UserHandle{0}, packageName=com.sellerapp2
09-30 11:21:20.302   747   780 D LauncherAppsService: onPackageRemoved: triggering onPackageRemoved for user=UserHandle{0}, packageName=com.sellerapp2
09-30 11:21:20.302   747   780 D LauncherAppsService: onPackageRemoved: Skipping - appId not allowed for user=UserHandle{0}, packageName=com.sellerapp2
09-30 11:21:20.302   747   780 D LauncherAppsService: onPackageRemoved: triggering onPackageRemoved for user=UserHandle{0}, packageName=com.sellerapp2
09-30 11:21:20.302  1136  1188 D LauncherAppsCallbackImpl: onPackageRemoved triggered for packageName=com.sellerapp2, user=UserHandle{0}
09-30 11:21:20.302  1136  1188 D PackageUpdatedTask: Package updated: mOp=REMOVE packages=[com.sellerapp2], user=UserHandle{0}
09-30 11:21:20.303   747   871 W PackageConfigPersister: App-specific configuration not found for packageName: com.google.android.apps.nexuslauncher and userId: 0
09-30 11:21:20.306  1422  1422 W NotificationCenter: NotificationCenter$NotificationQueue.notifyPendingNotificationsOnExecutor():877 Heavy notify work detected on UI thread: [ltj->kub] takes 51ms
09-30 11:21:20.313   747   946 D BackgroundInstallControlService: Package event received: 0
09-30 11:21:20.313   747   946 D BackgroundInstallControlService: Package event received: 0
09-30 11:21:20.318  3025  3025 I Finsky:background: [2] Package no longer installed: com.sellerapp2
09-30 11:21:20.318  3025  3025 I Finsky:background: [2] IQ: onPackageRemoved com.sellerapp2, replacing=false, uninstallingFromPlay=false
09-30 11:21:20.318  3025 10624 I Finsky:background: [172] Frosting DB delete succeeded: false
09-30 11:21:20.319   747   946 D BackgroundInstallControlService: Package event received: 0
09-30 11:21:20.320   747   747 I ConditionProviders: Disallowing condition provider com.sellerapp2 (userSet: true)
09-30 11:21:20.337  1511  1511 I AiAiEcho: AppFetcherImplV2 onPackageRemoved com.sellerapp2.
09-30 11:21:20.353  3025 10634 I Finsky:background: [174] IQ: handled package removed
09-30 11:21:20.362   747  1046 D SafetySourceDataValidat: No cert check requested for package com.google.android.permissioncontroller
09-30 11:21:20.374  1506  1506 W ChimeraProxyRslvr: No registered Chimera impl for com.google.android.gms.games.chimera.GamesSystemBroadcastReceiverProxy
09-30 11:21:20.374  1506  1506 E ChimeraRcvrProxy: com.google.android.gms.games.chimera.GamesSystemBroadcastReceiverProxy dropping broadcast android.intent.action.PACKAGE_REMOVED
09-30 11:21:20.380   747   747 W Looper  : Slow dispatch took 138ms main app=system_server main=true group=FOREGROUND h=com.android.server.notification.NotificationManagerService$WorkerHandler c=null m=8
09-30 11:21:20.381   747   747 W Looper  : Slow delivery took 353ms main app=system_server main=true group=FOREGROUND h=com.android.server.power.Notifier$NotifierHandler c=com.android.server.power.Notifier$$ExternalSyntheticLambda5@30bb33c m=0
09-30 11:21:20.391  1117  1117 E SmsApplication: com.google.android.apps.messaging lost android:read_cell_broadcasts:  (fixing)
09-30 11:21:20.398   747   771 I ImeTracker: system_server:cad4a85f: onCancelled at PHASE_SERVER_SHOULD_HIDE
09-30 11:21:20.423  2503  2867 I Finsky  : [54] AIM: AppInfoManager-Perf > OnDeviceAppInfo > cacheHitCount=0, cacheMissCount=1. Missed  in cache (limit 10) : [com.sellerapp2]
09-30 11:21:20.426  3025  3025 I Finsky:background: [2] afdn - Received: android.intent.action.PACKAGE_FULLY_REMOVED, [SfIERmoeK-KQIbbirKSCsvwzkLdlqUjmiCez4zpJR44]
09-30 11:21:20.426   747  1046 W AppOpService: Ignored setUidMode call for runtime permission app op: uid = 10144, code = READ_CELL_BROADCASTS, mode = allow, callingUid = 1001, oldMode = allow
09-30 11:21:20.436  3025  3025 I Finsky:background: [2] Package no longer installed: com.sellerapp2
09-30 11:21:20.437  3025 10624 I Finsky:background: [172] Frosting DB delete succeeded: false
09-30 11:21:20.443  2503  2867 I Finsky  : [54] AIM: Got app ownership map. App counts: . Unique apps: 0
09-30 11:21:20.443  2503  2867 E Finsky  : [54] [Counters] attempted to use a non-positive increment for: 4752
09-30 11:21:20.454  3025  3025 I Finsky:background: [2] afdn - Deduping intent android.intent.action.PACKAGE_FULLY_REMOVED
09-30 11:21:20.458  3025  3209 I Finsky:background: [58] RECEIVER_PACKAGE_MONITOR_BACKGROUND#logWorkEndAndFinishGoAsync: SUCCESS
09-30 11:21:20.481  1506  1506 D BoundBrokerSvc: onBind: Intent { act=com.google.android.gms.common.BIND_SHARED_PREFS xflg=0x4 pkg=com.google.android.gms }
09-30 11:21:20.482  1506  1506 D BoundBrokerSvc: Loading bound service for intent: Intent { act=com.google.android.gms.common.BIND_SHARED_PREFS xflg=0x4 pkg=com.google.android.gms }
09-30 11:21:20.489  2503  2503 I Finsky  : [2] Clearing split related stale data.
09-30 11:21:20.495  3022  3022 D PersistedStoragePackageUninstalledReceiver: Received android.intent.action.PACKAGE_FULLY_REMOVED for com.sellerapp2 for u0
09-30 11:21:20.496  1506 10632 I gle.android.gms: AssetManager2(0x7f54f71284f8) locale list changing from [] to [en-US]
09-30 11:21:20.502  2503 10637 I Finsky  : [334] SCH: Received scheduling request: Id: 12-1, Constraints: [{ L: 15000, D: 86400000, C: CHARGING_NONE, I: IDLE_NONE, N: NET_ANY, B: BATTERY_ANY }]
09-30 11:21:20.521  1136  1188 D PackageUpdatedTask: REMOVE: removing package=com.sellerapp2
09-30 11:21:20.522  1136  1188 D PackageUpdatedTask: OP_REMOVE: removing packages=[com.sellerapp2]
09-30 11:21:20.522  1136  1188 D ModelWriter: removing items from db . Reason: [removed because the corresponding package or component is removed. mOp=3 removedPackages=[com.sellerapp2] removedComponents=[]]
09-30 11:21:20.543  1136  1136 D AllAppsStore: setApps: apps.length=20
09-30 11:21:20.545  1136  1136 D AllAppsStore: notifyUpdate: notifying listeners
09-30 11:21:20.545  1136  1136 D ActivityAllAppsContainerView: onAppsUpdated; number of apps: 20
09-30 11:21:20.545  1136  1136 D ActivityAllAppsContainerView: rebindAdapters: force: false
09-30 11:21:20.546  1136  1136 D ActivityAllAppsContainerView: rebindAdapters: Not needed.
09-30 11:21:20.546  1136  1136 D StatsLog: LAUNCHER_ALLAPPS_COUNT
09-30 11:21:20.546  1136  1136 D AlphabeticalAppsList: Clearing FastScrollerSections.
09-30 11:21:20.546  1136  1136 D AlphabeticalAppsList: Adding apps with sections. HasPrivateApps: false
09-30 11:21:20.546  1136  1136 D AlphabeticalAppsList: addAppsWithSections: adding sectionName: C with appInfoTitle: Calendar
09-30 11:21:20.546  1136  1136 D AlphabeticalAppsList: addAppsWithSections: adding sectionName: D with appInfoTitle: Drive
09-30 11:21:20.546  1136  1136 D AlphabeticalAppsList: addAppsWithSections: adding sectionName: F with appInfoTitle: Files
09-30 11:21:20.546  1136  1136 D AlphabeticalAppsList: addAppsWithSections: adding sectionName: G with appInfoTitle: Gmail
09-30 11:21:20.546  1136  1136 D AlphabeticalAppsList: addAppsWithSections: adding sectionName: M with appInfoTitle: Maps
09-30 11:21:20.546  1136  1136 D AlphabeticalAppsList: addAppsWithSections: adding sectionName: P with appInfoTitle: Phone
09-30 11:21:20.546  1136  1136 D AlphabeticalAppsList: addAppsWithSections: adding sectionName: S with appInfoTitle: Safety
09-30 11:21:20.546  1136  1136 D AlphabeticalAppsList: addAppsWithSections: adding sectionName: T with appInfoTitle: TMoble
09-30 11:21:20.546  1136  1136 D AlphabeticalAppsList: addAppsWithSections: adding sectionName: Y with appInfoTitle: YouTube
09-30 11:21:20.546  1136  1136 D AlphabeticalAppsList: Adding FastScrollSection duplicate to scroll to the bottom.
09-30 11:21:20.546  1136  1136 D AlphabeticalAppsList: Clearing FastScrollerSections.
09-30 11:21:20.546  1136  1136 D AlphabeticalAppsList: Adding apps with sections. HasPrivateApps: false
09-30 11:21:20.546  1136  1136 D AlphabeticalAppsList: addAppsWithSections: adding sectionName: C with appInfoTitle: Calendar
09-30 11:21:20.546  1136  1136 D AlphabeticalAppsList: addAppsWithSections: adding sectionName: D with appInfoTitle: Drive
09-30 11:21:20.546  1136  1136 D AlphabeticalAppsList: addAppsWithSections: adding sectionName: F with appInfoTitle: Files
09-30 11:21:20.546  1136  1136 D AlphabeticalAppsList: addAppsWithSections: adding sectionName: G with appInfoTitle: Gmail
09-30 11:21:20.546  1136  1136 D AlphabeticalAppsList: addAppsWithSections: adding sectionName: M with appInfoTitle: Maps
09-30 11:21:20.546  1136  1136 D AlphabeticalAppsList: addAppsWithSections: adding sectionName: P with appInfoTitle: Phone
09-30 11:21:20.546  1136  1136 D AlphabeticalAppsList: addAppsWithSections: adding sectionName: S with appInfoTitle: Safety
09-30 11:21:20.546  1136  1136 D AlphabeticalAppsList: addAppsWithSections: adding sectionName: T with appInfoTitle: TMoble
09-30 11:21:20.546  1136  1136 D AlphabeticalAppsList: addAppsWithSections: adding sectionName: Y with appInfoTitle: YouTube
09-30 11:21:20.546  1136  1136 D AlphabeticalAppsList: Adding FastScrollSection duplicate to scroll to the bottom.
09-30 11:21:20.558  1136  1136 D b/387844520: getOutlineOffsetX: measured width = 173, mNormalizedIconSize = 159, last updated width = 173
09-30 11:21:20.563  1136  1136 D b/387844520: getOutlineOffsetX: measured width = 0, mNormalizedIconSize = 159, last updated width = 0
09-30 11:21:20.563  1136  1136 D Launcher.Workspace: addInScreenFromBind: hotseat inflation with x = 3 and y = 0
09-30 11:21:20.563  1136  1136 D CellLayout: Adding view to ShortcutsAndWidgetsContainer: com.android.launcher3.uioverrides.PredictedAppIcon{9e289c5 VFED..C.. ......ID 0,0-0,0}
09-30 11:21:20.565  2503 10640 I Finsky  : [337] Asset module storage cleared for package com.sellerapp2.
09-30 11:21:20.565  1136  1136 D b/387844520: calling updateRingPath from onSizeChanged
09-30 11:21:20.565  1136  1136 D b/387844520: getOutlineOffsetX: measured width = 173, mNormalizedIconSize = 159, last updated width = 173
09-30 11:21:20.571   747  1858 W ParceledListSlice: Element #26 is 19636 bytes.
09-30 11:21:20.571  1136  1136 D b/387844520: getOutlineOffsetX: measured width = 173, mNormalizedIconSize = 159, last updated width = 173
09-30 11:21:20.572   747  1858 W ParceledListSlice: Element #27 is 19816 bytes.
09-30 11:21:20.573  2503  2906 I Finsky  : [63] AIM: AppInfoManager-Perf > ItemModel > CacheSize=0, cacheHitCount=0, cacheMissCount=1, total appsWithNoServerDataCount=0. Missed  in cache (limit 10) : [com.sellerapp2]
09-30 11:21:20.573   747  1858 W ParceledListSlice: Element #28 is 20076 bytes.
09-30 11:21:20.573   747  1858 W ParceledListSlice: Overly large reply size: 84312
